******************************************************************************
                  TI ARM Linker PC v20.2.7                     
******************************************************************************
>> Linked Thu Nov 14 12:34:46 2024

OUTPUT FILE NAME:   <single_led.out>
ENTRY POINT SYMBOL: "_c_int00_noargs"  address: 00000ab9


MEMORY CONFIGURATION

         name            origin    length      used     unused   attr    fill
----------------------  --------  ---------  --------  --------  ----  --------
  MAIN                  00000000   00040000  00000e78  0003f188  R  X
  INFO                  00200000   00004000  00000000  00004000  R  X
  SRAM_CODE             01000000   00010000  00000218  0000fde8  RW X
  SRAM_DATA             20000000   00010000  00000218  0000fde8  RW  


SEGMENT ALLOCATION MAP

run origin  load origin   length   init length attrs members
----------  ----------- ---------- ----------- ----- -------
00000000    00000000    00000e78   00000e78    r-x
  00000000    00000000    000000e4   000000e4    r-- .intvecs
  000000e4    000000e4    00000cac   00000cac    r-x .text
  00000d90    00000d90    000000b8   000000b8    r-- .const
  00000e48    00000e48    00000030   00000030    r-- .cinit
20000000    20000000    00000018   00000000    rw-
  20000000    20000000    00000014   00000000    rw- .bss
  20000014    20000014    00000004   00000000    rw- .data
2000fe00    2000fe00    00000200   00000000    rw-
  2000fe00    2000fe00    00000200   00000000    rw- .stack


SECTION ALLOCATION MAP

 output                                  attributes/
section   page    origin      length       input sections
--------  ----  ----------  ----------   ----------------
.intvecs   0    00000000    000000e4     
                  00000000    000000e4     startup_msp432p401r_ccs.obj (.intvecs:retain)

.text      0    000000e4    00000cac     
                  000000e4    00000334     system_msp432p401r.obj (.text)
                  00000418    0000016c     main.obj (.text)
                  00000584    00000160     msp432p4xx_driverlib.lib : adc14.o (.text:_getIndexForMemRegister)
                  000006e4    000000b4                              : adc14.o (.text:ADC14_configureConversionMemory)
                  00000798    0000009c     rtsv7M4_T_le_v4SPD16_eabi.lib : memcpy_t2.asm.obj (.text)
                  00000834    00000080     msp432p4xx_driverlib.lib : interrupt.o (.text:Interrupt_enableInterrupt)
                  000008b4    00000068     rtsv7M4_T_le_v4SPD16_eabi.lib : copy_decompress_lzss.c.obj (.text:decompress:lzss:__TI_decompress_lzss)
                  0000091c    00000058     msp432p4xx_driverlib.lib : adc14.o (.text:ADC14_configureSingleSampleMode)
                  00000974    00000054                              : adc14.o (.text:ADC14_initModule)
                  000009c8    00000044     rtsv7M4_T_le_v4SPD16_eabi.lib : autoinit.c.obj (.text:__TI_auto_init_nobinit_nopinit:__TI_auto_init_nobinit_nopinit)
                  00000a0c    00000040     msp432p4xx_driverlib.lib : gpio.o (.text:GPIO_setAsOutputPin)
                  00000a4c    00000038                              : adc14.o (.text:ADC14_getEnabledInterruptStatus)
                  00000a84    00000034                              : adc14.o (.text:ADC14_enableSampleTimer)
                  00000ab8    00000034     rtsv7M4_T_le_v4SPD16_eabi.lib : boot_cortex_m.c.obj (.text:_c_int00_noargs:_c_int00_noargs)
                  00000aec    00000030     msp432p4xx_driverlib.lib : adc14.o (.text:ADC14_clearInterruptFlag)
                  00000b1c    00000030                              : adc14.o (.text:ADC14_enableInterrupt)
                  00000b4c    00000030                              : adc14.o (.text:ADC14_setSampleHoldTime)
                  00000b7c    0000002c                              : adc14.o (.text:ADC14_getInterruptStatus)
                  00000ba8    0000002c                              : adc14.o (.text:ADC14_toggleConversionTrigger)
                  00000bd4    00000028                              : adc14.o (.text:ADC14_enableConversion)
                  00000bfc    00000028                              : adc14.o (.text:ADC14_getResult)
                  00000c24    00000028                              : gpio.o (.text:GPIO_setOutputHighOnPin)
                  00000c4c    00000028                              : gpio.o (.text:GPIO_setOutputLowOnPin)
                  00000c74    00000028                              : pcm.o (.text:PCM_gotoLPM0)
                  00000c9c    00000024                              : wdt_a.o (.text:WDT_A_holdTimer)
                  00000cc0    00000020                              : ref_a.o (.text:REF_A_setReferenceVoltage)
                  00000ce0    0000001c                              : sysctl.o (.text:SysCtl_getTempCalibrationConstant)
                  00000cfc    0000001c     rtsv7M4_T_le_v4SPD16_eabi.lib : copy_zero_init.c.obj (.text:decompress:ZI:__TI_zero_init_nomemset:__TI_zero_init_nomemset)
                  00000d18    00000010     msp432p4xx_driverlib.lib : adc14.o (.text:ADCIsConversionRunning)
                  00000d28    00000010                              : interrupt.o (.text:Interrupt_enableMaster)
                  00000d38    0000000e     rtsv7M4_T_le_v4SPD16_eabi.lib : copy_decompress_none.c.obj (.text:decompress:none:__TI_decompress_none)
                  00000d46    0000000e     startup_msp432p401r_ccs.obj (.text)
                  00000d54    0000000c     msp432p4xx_driverlib.lib : adc14.o (.text:ADC14_enableModule)
                  00000d60    0000000c                              : cpu.o (.text:CPU_cpsie)
                  00000d6c    0000000c                              : ref_a.o (.text:REF_A_enableReferenceVoltage)
                  00000d78    0000000c                              : ref_a.o (.text:REF_A_enableTempSensor)
                  00000d84    00000004                              : cpu.o (.text:CPU_wfi)
                  00000d88    00000004     rtsv7M4_T_le_v4SPD16_eabi.lib : pre_init.c.obj (.text:_system_pre_init)
                  00000d8c    00000004                                   : exit.c.obj (.text:abort:abort)

.const     0    00000d90    000000b8     
                  00000d90    00000080     msp432p4xx_driverlib.lib : adc14.o (.const:_ctlRegs)
                  00000e10    00000030                              : gpio.o (.const:GPIO_PORT_TO_BASE)
                  00000e40    00000008                              : interrupt.o (.const:g_pulEnRegs)

.cinit     0    00000e48    00000030     
                  00000e48    0000000c     (__TI_handler_table)
                  00000e54    00000004     --HOLE-- [fill = 0]
                  00000e58    00000008     (.cinit..bss.load) [load image, compression = zero_init]
                  00000e60    00000008     (.cinit..data.load) [load image, compression = lzss]
                  00000e68    00000010     (__TI_cinit_table)

.init_array 
*          0    00000000    00000000     UNINITIALIZED

.binit     0    00000000    00000000     

.bss       0    20000000    00000014     UNINITIALIZED
                  20000000    00000004     (.common:cal30)
                  20000004    00000004     (.common:cal85)
                  20000008    00000004     (.common:calDifference)
                  2000000c    00000004     (.common:tempC)
                  20000010    00000004     (.common:tempF)

.data      0    20000014    00000004     UNINITIALIZED
                  20000014    00000004     system_msp432p401r.obj (.data)

.stack     0    2000fe00    00000200     UNINITIALIZED
                  2000fe00    00000004     rtsv7M4_T_le_v4SPD16_eabi.lib : boot_cortex_m.c.obj (.stack)
                  2000fe04    000001fc     --HOLE--

__llvm_prf_cnts 
*          0    20000000    00000000     UNINITIALIZED

MODULE SUMMARY

       Module                        code   ro data   rw data
       ------                        ----   -------   -------
    .\
       system_msp432p401r.obj        820    0         8      
       main.obj                      364    0         40     
       startup_msp432p401r_ccs.obj   14     228       0      
    +--+-----------------------------+------+---------+---------+
       Total:                        1198   228       48     
                                                             
    C:/Users/Dennis/OneDrive/Documenti/DriverLibraryEmbedded/simplelink_msp432p4_sdk_3_40_01_02/simplelink_msp432p4_sdk_3_40_01_02/source/ti/devices/msp432p4xx/driverlib/ccs/msp432p4xx_driverlib.lib
       adc14.o                       1152   128       0      
       gpio.o                        144    48        0      
       interrupt.o                   144    8         0      
       ref_a.o                       56     0         0      
       pcm.o                         40     0         0      
       wdt_a.o                       36     0         0      
       sysctl.o                      28     0         0      
       cpu.o                         16     0         0      
    +--+-----------------------------+------+---------+---------+
       Total:                        1616   184       0      
                                                             
    C:\ti\ccs1270\ccs\tools\compiler\ti-cgt-arm_20.2.7.LTS\lib\rtsv7M4_T_le_v4SPD16_eabi.lib
       memcpy_t2.asm.obj             156    0         0      
       copy_decompress_lzss.c.obj    104    0         0      
       autoinit.c.obj                68     0         0      
       boot_cortex_m.c.obj           52     0         0      
       copy_zero_init.c.obj          28     0         0      
       copy_decompress_none.c.obj    14     0         0      
       exit.c.obj                    4      0         0      
       pre_init.c.obj                4      0         0      
    +--+-----------------------------+------+---------+---------+
       Total:                        430    0         0      
                                                             
       Stack:                        0      0         1024   
       Linker Generated:             0      44        0      
    +--+-----------------------------+------+---------+---------+
       Grand Total:                  3244   456       1072   


LINKER GENERATED COPY TABLES

__TI_cinit_table @ 00000e68 records: 2, size/record: 8, table size: 16
	.bss: load addr=00000e58, load size=00000008 bytes, run addr=20000000, run size=00000014 bytes, compression=zero_init
	.data: load addr=00000e60, load size=00000008 bytes, run addr=20000014, run size=00000004 bytes, compression=lzss


LINKER GENERATED HANDLER TABLE

__TI_handler_table @ 00000e48 records: 3, size/record: 4, table size: 12
	index: 0, handler: __TI_decompress_lzss
	index: 1, handler: __TI_decompress_none
	index: 2, handler: __TI_zero_init


GLOBAL SYMBOLS: SORTED ALPHABETICALLY BY Name 

address   name                             
-------   ----                             
000004c1  ADC14_IRQHandler                 
000004c1  ADC14_IRQHandler                 
00000aed  ADC14_clearInterruptFlag         
000006e5  ADC14_configureConversionMemory  
0000091d  ADC14_configureSingleSampleMode  
00000bd5  ADC14_enableConversion           
00000b1d  ADC14_enableInterrupt            
00000d55  ADC14_enableModule               
00000a85  ADC14_enableSampleTimer          
00000a4d  ADC14_getEnabledInterruptStatus  
00000b7d  ADC14_getInterruptStatus         
00000bfd  ADC14_getResult                  
00000975  ADC14_initModule                 
00000b4d  ADC14_setSampleHoldTime          
00000ba9  ADC14_toggleConversionTrigger    
00000d53  AES256_IRQHandler                
00000d53  BusFault_Handler                 
00000d8d  C$$EXIT                          
00000d53  COMP_E0_IRQHandler               
00000d53  COMP_E1_IRQHandler               
00000d61  CPU_cpsie                        
00000d85  CPU_wfi                          
00000d53  CS_IRQHandler                    
00000d53  DMA_ERR_IRQHandler               
00000d53  DMA_INT0_IRQHandler              
00000d53  DMA_INT1_IRQHandler              
00000d53  DMA_INT2_IRQHandler              
00000d53  DMA_INT3_IRQHandler              
00000d53  DebugMon_Handler                 
00000d53  Default_Handler                  
00000d53  EUSCIA0_IRQHandler               
00000d53  EUSCIA1_IRQHandler               
00000d53  EUSCIA2_IRQHandler               
00000d53  EUSCIA3_IRQHandler               
00000d53  EUSCIB0_IRQHandler               
00000d53  EUSCIB1_IRQHandler               
00000d53  EUSCIB2_IRQHandler               
00000d53  EUSCIB3_IRQHandler               
00000d53  FLCTL_IRQHandler                 
00000d53  FPU_IRQHandler                   
00000a0d  GPIO_setAsOutputPin              
00000c25  GPIO_setOutputHighOnPin          
00000c4d  GPIO_setOutputLowOnPin           
00000d53  HardFault_Handler                
00000835  Interrupt_enableInterrupt        
00000d29  Interrupt_enableMaster           
00000d53  MemManage_Handler                
00000d53  NMI_Handler                      
00000d53  PCM_IRQHandler                   
00000c75  PCM_gotoLPM0                     
00000d53  PORT1_IRQHandler                 
00000d53  PORT2_IRQHandler                 
00000d53  PORT3_IRQHandler                 
00000d53  PORT4_IRQHandler                 
00000d53  PORT5_IRQHandler                 
00000d53  PORT6_IRQHandler                 
00000d53  PSS_IRQHandler                   
00000d53  PendSV_Handler                   
00000d6d  REF_A_enableReferenceVoltage     
00000d79  REF_A_enableTempSensor           
00000cc1  REF_A_setReferenceVoltage        
00000d53  RTC_C_IRQHandler                 
00000d47  Reset_Handler                    
00000d53  SVC_Handler                      
00000ce1  SysCtl_getTempCalibrationConstant
00000d53  SysTick_Handler                  
20000014  SystemCoreClock                  
000000e5  SystemCoreClockUpdate            
0000035d  SystemInit                       
00000d53  T32_INT1_IRQHandler              
00000d53  T32_INT2_IRQHandler              
00000d53  T32_INTC_IRQHandler              
00000d53  TA0_0_IRQHandler                 
00000d53  TA0_N_IRQHandler                 
00000d53  TA1_0_IRQHandler                 
00000d53  TA1_N_IRQHandler                 
00000d53  TA2_0_IRQHandler                 
00000d53  TA2_N_IRQHandler                 
00000d53  TA3_0_IRQHandler                 
00000d53  TA3_N_IRQHandler                 
00000d53  UsageFault_Handler               
4000480c  WDTCTL_SYM                       
00000d53  WDT_A_IRQHandler                 
00000c9d  WDT_A_holdTimer                  
20010000  __STACK_END                      
00000200  __STACK_SIZE                     
00000e68  __TI_CINIT_Base                  
00000e78  __TI_CINIT_Limit                 
00000e48  __TI_Handler_Table_Base          
00000e54  __TI_Handler_Table_Limit         
000009c9  __TI_auto_init_nobinit_nopinit   
000008b5  __TI_decompress_lzss             
00000d39  __TI_decompress_none             
ffffffff  __TI_pprof_out_hndl              
ffffffff  __TI_prof_data_size              
ffffffff  __TI_prof_data_start             
00000000  __TI_static_base__               
00000cfd  __TI_zero_init_nomemset          
00000799  __aeabi_memcpy                   
00000799  __aeabi_memcpy4                  
00000799  __aeabi_memcpy8                  
ffffffff  __binit__                        
ffffffff  __c_args__                       
UNDEFED   __mpu_init                       
2000fe00  __stack                          
20000000  __start___llvm_prf_cnts          
20000000  __stop___llvm_prf_cnts           
00000ab9  _c_int00_noargs                  
UNDEFED   _system_post_cinit               
00000d89  _system_pre_init                 
00000d8d  abort                            
ffffffff  binit                            
20000000  cal30                            
20000004  cal85                            
20000008  calDifference                    
00000000  interruptVectors                 
00000419  main                             
00000799  memcpy                           
2000000c  tempC                            
20000010  tempF                            


GLOBAL SYMBOLS: SORTED BY Symbol Address 

address   name                             
-------   ----                             
00000000  __TI_static_base__               
00000000  interruptVectors                 
000000e5  SystemCoreClockUpdate            
00000200  __STACK_SIZE                     
0000035d  SystemInit                       
00000419  main                             
000004c1  ADC14_IRQHandler                 
000004c1  ADC14_IRQHandler                 
000006e5  ADC14_configureConversionMemory  
00000799  __aeabi_memcpy                   
00000799  __aeabi_memcpy4                  
00000799  __aeabi_memcpy8                  
00000799  memcpy                           
00000835  Interrupt_enableInterrupt        
000008b5  __TI_decompress_lzss             
0000091d  ADC14_configureSingleSampleMode  
00000975  ADC14_initModule                 
000009c9  __TI_auto_init_nobinit_nopinit   
00000a0d  GPIO_setAsOutputPin              
00000a4d  ADC14_getEnabledInterruptStatus  
00000a85  ADC14_enableSampleTimer          
00000ab9  _c_int00_noargs                  
00000aed  ADC14_clearInterruptFlag         
00000b1d  ADC14_enableInterrupt            
00000b4d  ADC14_setSampleHoldTime          
00000b7d  ADC14_getInterruptStatus         
00000ba9  ADC14_toggleConversionTrigger    
00000bd5  ADC14_enableConversion           
00000bfd  ADC14_getResult                  
00000c25  GPIO_setOutputHighOnPin          
00000c4d  GPIO_setOutputLowOnPin           
00000c75  PCM_gotoLPM0                     
00000c9d  WDT_A_holdTimer                  
00000cc1  REF_A_setReferenceVoltage        
00000ce1  SysCtl_getTempCalibrationConstant
00000cfd  __TI_zero_init_nomemset          
00000d29  Interrupt_enableMaster           
00000d39  __TI_decompress_none             
00000d47  Reset_Handler                    
00000d53  AES256_IRQHandler                
00000d53  BusFault_Handler                 
00000d53  COMP_E0_IRQHandler               
00000d53  COMP_E1_IRQHandler               
00000d53  CS_IRQHandler                    
00000d53  DMA_ERR_IRQHandler               
00000d53  DMA_INT0_IRQHandler              
00000d53  DMA_INT1_IRQHandler              
00000d53  DMA_INT2_IRQHandler              
00000d53  DMA_INT3_IRQHandler              
00000d53  DebugMon_Handler                 
00000d53  Default_Handler                  
00000d53  EUSCIA0_IRQHandler               
00000d53  EUSCIA1_IRQHandler               
00000d53  EUSCIA2_IRQHandler               
00000d53  EUSCIA3_IRQHandler               
00000d53  EUSCIB0_IRQHandler               
00000d53  EUSCIB1_IRQHandler               
00000d53  EUSCIB2_IRQHandler               
00000d53  EUSCIB3_IRQHandler               
00000d53  FLCTL_IRQHandler                 
00000d53  FPU_IRQHandler                   
00000d53  HardFault_Handler                
00000d53  MemManage_Handler                
00000d53  NMI_Handler                      
00000d53  PCM_IRQHandler                   
00000d53  PORT1_IRQHandler                 
00000d53  PORT2_IRQHandler                 
00000d53  PORT3_IRQHandler                 
00000d53  PORT4_IRQHandler                 
00000d53  PORT5_IRQHandler                 
00000d53  PORT6_IRQHandler                 
00000d53  PSS_IRQHandler                   
00000d53  PendSV_Handler                   
00000d53  RTC_C_IRQHandler                 
00000d53  SVC_Handler                      
00000d53  SysTick_Handler                  
00000d53  T32_INT1_IRQHandler              
00000d53  T32_INT2_IRQHandler              
00000d53  T32_INTC_IRQHandler              
00000d53  TA0_0_IRQHandler                 
00000d53  TA0_N_IRQHandler                 
00000d53  TA1_0_IRQHandler                 
00000d53  TA1_N_IRQHandler                 
00000d53  TA2_0_IRQHandler                 
00000d53  TA2_N_IRQHandler                 
00000d53  TA3_0_IRQHandler                 
00000d53  TA3_N_IRQHandler                 
00000d53  UsageFault_Handler               
00000d53  WDT_A_IRQHandler                 
00000d55  ADC14_enableModule               
00000d61  CPU_cpsie                        
00000d6d  REF_A_enableReferenceVoltage     
00000d79  REF_A_enableTempSensor           
00000d85  CPU_wfi                          
00000d89  _system_pre_init                 
00000d8d  C$$EXIT                          
00000d8d  abort                            
00000e48  __TI_Handler_Table_Base          
00000e54  __TI_Handler_Table_Limit         
00000e68  __TI_CINIT_Base                  
00000e78  __TI_CINIT_Limit                 
20000000  __start___llvm_prf_cnts          
20000000  __stop___llvm_prf_cnts           
20000000  cal30                            
20000004  cal85                            
20000008  calDifference                    
2000000c  tempC                            
20000010  tempF                            
20000014  SystemCoreClock                  
2000fe00  __stack                          
20010000  __STACK_END                      
4000480c  WDTCTL_SYM                       
ffffffff  __TI_pprof_out_hndl              
ffffffff  __TI_prof_data_size              
ffffffff  __TI_prof_data_start             
ffffffff  __binit__                        
ffffffff  __c_args__                       
ffffffff  binit                            
UNDEFED   __mpu_init                       
UNDEFED   _system_post_cinit               

[120 symbols]
