******************************************************************************
                  TI ARM Linker PC v20.2.7                     
******************************************************************************
>> Linked Sat Nov 16 19:39:50 2024

OUTPUT FILE NAME:   <Temperature_sensor.out>
ENTRY POINT SYMBOL: "_c_int00_noargs"  address: 00004d0d


MEMORY CONFIGURATION

         name            origin    length      used     unused   attr    fill
----------------------  --------  ---------  --------  --------  ----  --------
  MAIN                  00000000   00040000  00005764  0003a89c  R  X
  INFO                  00200000   00004000  00000000  00004000  R  X
  SRAM_CODE             01000000   00010000  0000024e  0000fdb2  RW X
  SRAM_DATA             20000000   00010000  0000024e  0000fdb2  RW  


SEGMENT ALLOCATION MAP

run origin  load origin   length   init length attrs members
----------  ----------- ---------- ----------- ----- -------
00000000    00000000    00005768   00005768    r-x
  00000000    00000000    000000e4   000000e4    r-- .intvecs
  000000e4    000000e4    000050b0   000050b0    r-x .text
  00005198    00005198    00000598   00000598    r-- .const
  00005730    00005730    00000038   00000038    r-- .cinit
20000000    20000000    00000050   00000000    rw-
  20000000    20000000    0000002e   00000000    rw- .bss
  20000030    20000030    00000020   00000000    rw- .data
2000fe00    2000fe00    00000200   00000000    rw-
  2000fe00    2000fe00    00000200   00000000    rw- .stack


SECTION ALLOCATION MAP

 output                                  attributes/
section   page    origin      length       input sections
--------  ----  ----------  ----------   ----------------
.intvecs   0    00000000    000000e4     
                  00000000    000000e4     startup_msp432p401r_ccs.obj (.intvecs:retain)

.text      0    000000e4    000050b0     
                  000000e4    00000a4e     rtsv7M4_T_le_v4SPD16_eabi.lib : _printfi.c.obj (.text:__TI_printfi)
                  00000b32    00000002                                   : div0.asm.obj (.text)
                  00000b34    000009d0                                   : e_pow.c.obj (.text:pow)
                  00001504    00000680     Crystalfontz128x128_ST7735.obj (.text)
                  00001b84    0000047e     grlib.a : string.obj (.text:Graphics_drawString)
                  00002002    00000002     --HOLE-- [fill = 0]
                  00002004    00000408     HAL_TMP006.obj (.text)
                  0000240c    00000334     system_msp432p401r.obj (.text)
                  00002740    00000270     rtsv7M4_T_le_v4SPD16_eabi.lib : _printfi.c.obj (.text:_pconv_a)
                  000029b0    00000250     main.obj (.text)
                  00002c00    000001d0     rtsv7M4_T_le_v4SPD16_eabi.lib : _printfi.c.obj (.text:_pconv_g)
                  00002dd0    000001b6                                   : fd_add_t2.asm.obj (.text)
                  00002f86    00000002     --HOLE-- [fill = 0]
                  00002f88    0000015c     msp432p4xx_driverlib.lib : pcm.o (.text:__PCM_setPowerModeAdvanced)
                  000030e4    00000158     rtsv7M4_T_le_v4SPD16_eabi.lib : e_sqrt.c.obj (.text:sqrt)
                  0000323c    00000144     msp432p4xx_driverlib.lib : timer_a.o (.text:privateTimer_AProcessClockSourceDivider)
                  00003380    0000013c     rtsv7M4_T_le_v4SPD16_eabi.lib : _printfi.c.obj (.text:_pconv_e)
                  000034bc    00000136                                   : fd_div_t2.asm.obj (.text)
                  000035f2    00000002     --HOLE-- [fill = 0]
                  000035f4    00000130     msp432p4xx_driverlib.lib : cs.o (.text:CS_initClockSignal)
                  00003724    00000124     rtsv7M4_T_le_v4SPD16_eabi.lib : _printfi.c.obj (.text:fcvt)
                  00003848    00000118     HAL_I2C.obj (.text)
                  00003960    00000110     rtsv7M4_T_le_v4SPD16_eabi.lib : s_scalbn.c.obj (.text:scalbn)
                  00003a70    00000108     msp432p4xx_driverlib.lib : pcm.o (.text:__PCM_setCoreVoltageLevelAdvanced)
                  00003b78    000000fc     rtsv7M4_T_le_v4SPD16_eabi.lib : fd_mul_t2.asm.obj (.text)
                  00003c74    000000fa     grlib.a : string.obj (.text:Graphics_getStringWidth)
                  00003d6e    00000002     --HOLE-- [fill = 0]
                  00003d70    000000cc     HAL_MSP_EXP432P401R_Crystalfontz128x128_ST7735.obj (.text)
                  00003e3c    000000b1     rtsv7M4_T_le_v4SPD16_eabi.lib : _printfi.c.obj (.text:_ltostr)
                  00003eed    00000001     --HOLE-- [fill = 0]
                  00003eee    000000b0     msp432p4xx_driverlib.lib : spi.o (.text:SPI_initMaster)
                  00003f9e    0000009c     grlib.a : line.obj (.text:Graphics_drawLineH)
                  0000403a    0000009c     rtsv7M4_T_le_v4SPD16_eabi.lib : memcpy_t2.asm.obj (.text)
                  000040d6    00000096                                   : ull_div_t2.asm.obj (.text)
                  0000416c    00000088     msp432p4xx_driverlib.lib : gpio.o (.text:GPIO_setAsPeripheralModuleFunctionOutputPin)
                  000041f4    00000086     rtsv7M4_T_le_v4SPD16_eabi.lib : fd_cmp_t2.asm.obj (.text:__aeabi_cdcmple)
                  0000427a    00000086                                   : fd_cmp_t2.asm.obj (.text:__aeabi_cdrcmple)
                  00004300    00000080     msp432p4xx_driverlib.lib : interrupt.o (.text:Interrupt_enableInterrupt)
                  00004380    0000007a     rtsv7M4_T_le_v4SPD16_eabi.lib : memset_t2.asm.obj (.text)
                  000043fa    0000006e                                   : _printfi.c.obj (.text:_mcpy)
                  00004468    0000006e                                   : fd_tos_t2.asm.obj (.text)
                  000044d6    00000002     --HOLE-- [fill = 0]
                  000044d8    0000006c     msp432p4xx_driverlib.lib : i2c.o (.text:I2C_masterSendMultiByteFinish)
                  00004544    00000068                              : i2c.o (.text:I2C_masterSendMultiByteStart)
                  000045ac    00000068     rtsv7M4_T_le_v4SPD16_eabi.lib : copy_decompress_lzss.c.obj (.text:decompress:lzss:__TI_decompress_lzss)
                  00004614    00000064                                   : s_frexp.c.obj (.text:frexp)
                  00004678    00000062     msp432p4xx_driverlib.lib : i2c.o (.text:I2C_initMaster)
                  000046da    0000005e                              : pcm.o (.text:PCM_getCoreVoltageLevel)
                  00004738    0000005a                              : pcm.o (.text:PCM_getPowerMode)
                  00004792    00000056     rtsv7M4_T_le_v4SPD16_eabi.lib : _printfi.c.obj (.text:_pconv_f)
                  000047e8    00000054                                   : _ltoa.c.obj (.text:__TI_ltoa)
                  0000483c    00000052     grlib.a : context.obj (.text:Graphics_initContext)
                  0000488e    00000052     rtsv7M4_T_le_v4SPD16_eabi.lib : _printfi.c.obj (.text:_ecpy)
                  000048e0    0000004c                                   : atoi.c.obj (.text:atoi)
                  0000492c    00000048     msp432p4xx_driverlib.lib : flash.o (.text:FlashCtl_setWaitState)
                  00004974    00000048     grlib.a : string.obj (.text:Graphics_drawStringCentered)
                  000049bc    00000048     rtsv7M4_T_le_v4SPD16_eabi.lib : fd_toi_t2.asm.obj (.text)
                  00004a04    00000044                                   : autoinit.c.obj (.text:__TI_auto_init_nobinit_nopinit:__TI_auto_init_nobinit_nopinit)
                  00004a48    00000040     msp432p4xx_driverlib.lib : gpio.o (.text:GPIO_setAsOutputPin)
                  00004a88    00000040     grlib.a : string.obj (.text:Graphics_getNumberOfLeadingZeros)
                  00004ac8    00000040     msp432p4xx_driverlib.lib : i2c.o (.text:I2C_masterReceiveMultiByteFinish)
                  00004b08    00000040                              : spi.o (.text:is_A_Module)
                  00004b48    00000040     rtsv7M4_T_le_v4SPD16_eabi.lib : sprintf.c.obj (.text:sprintf)
                  00004b88    0000003e                                   : _printfi.c.obj (.text:_fcpy)
                  00004bc6    00000002     --HOLE-- [fill = 0]
                  00004bc8    00000038     msp432p4xx_driverlib.lib : i2c.o (.text:I2C_masterSendMultiByteStop)
                  00004c00    00000038     rtsv7M4_T_le_v4SPD16_eabi.lib : fs_tod_t2.asm.obj (.text)
                  00004c38    00000036     grlib.a : display.obj (.text:Graphics_drawHorizontalLineOnDisplay)
                  00004c6e    00000002     --HOLE-- [fill = 0]
                  00004c70    00000034     msp432p4xx_driverlib.lib : cs.o (.text:CS_setDCOCenteredFrequency)
                  00004ca4    00000034                              : i2c.o (.text:I2C_masterSendMultiByteNext)
                  00004cd8    00000034                              : timer_a.o (.text:Timer_A_configureContinuousMode)
                  00004d0c    00000034     rtsv7M4_T_le_v4SPD16_eabi.lib : boot_cortex_m.c.obj (.text:_c_int00_noargs:_c_int00_noargs)
                  00004d40    00000030     msp432p4xx_driverlib.lib : cs.o (.text:CS_setReferenceOscillatorFrequency)
                  00004d70    0000002e     rtsv7M4_T_le_v4SPD16_eabi.lib : i_tofd_t2.asm.obj (.text)
                  00004d9e    0000002c     grlib.a : display.obj (.text:Graphics_drawPixelOnDisplay)
                  00004dca    00000002     --HOLE-- [fill = 0]
                  00004dcc    00000028     msp432p4xx_driverlib.lib : gpio.o (.text:GPIO_setOutputHighOnPin)
                  00004df4    00000028                              : gpio.o (.text:GPIO_setOutputLowOnPin)
                  00004e1c    00000028                              : gpio.o (.text:GPIO_toggleOutputOnPin)
                  00004e44    00000024                              : wdt_a.o (.text:WDT_A_holdTimer)
                  00004e68    0000001c                              : i2c.o (.text:I2C_setMode)
                  00004e84    0000001c                              : spi.o (.text:SPI_enableModule)
                  00004ea0    0000001c     rtsv7M4_T_le_v4SPD16_eabi.lib : copy_zero_init.c.obj (.text:decompress:ZI:__TI_zero_init_nomemset:__TI_zero_init_nomemset)
                  00004ebc    0000001c                                   : memccpy.c.obj (.text:memccpy)
                  00004ed8    0000001a     grlib.a : display.obj (.text:Graphics_clearDisplayOnDisplay)
                  00004ef2    0000001a             : context.obj (.text:Graphics_setBackgroundColor)
                  00004f0c    0000001a             : context.obj (.text:Graphics_setFont)
                  00004f26    0000001a     msp432p4xx_driverlib.lib : i2c.o (.text:I2C_masterReceiveStart)
                  00004f40    0000001a     rtsv7M4_T_le_v4SPD16_eabi.lib : s_copysign.c.obj (.text:copysign)
                  00004f5a    00000018     msp432p4xx_driverlib.lib : i2c.o (.text:I2C_getInterruptStatus)
                  00004f72    00000002     --HOLE-- [fill = 0]
                  00004f74    00000018                              : i2c.o (.text:I2C_isBusBusy)
                  00004f8c    00000018     rtsv7M4_T_le_v4SPD16_eabi.lib : sprintf.c.obj (.text:_outs)
                  00004fa4    00000016     msp432p4xx_driverlib.lib : spi.o (.text:EUSCI_A_SPI_enable)
                  00004fba    00000016                              : spi.o (.text:EUSCI_B_SPI_enable)
                  00004fd0    00000016     grlib.a : context.obj (.text:Graphics_setForegroundColor)
                  00004fe6    00000016             : display.obj (.text:Graphics_translateColorOnDisplay)
                  00004ffc    00000016     msp432p4xx_driverlib.lib : i2c.o (.text:I2C_clearInterruptFlag)
                  00005012    00000016                              : i2c.o (.text:I2C_disableModule)
                  00005028    00000016                              : i2c.o (.text:I2C_enableModule)
                  0000503e    00000016                              : timer_a.o (.text:Timer_A_clearInterruptFlag)
                  00005054    00000016                              : timer_a.o (.text:Timer_A_startCounter)
                  0000506a    00000016     rtsv7M4_T_le_v4SPD16_eabi.lib : strchr.c.obj (.text:strchr)
                  00005080    00000014     msp432p4xx_driverlib.lib : i2c.o (.text:I2C_masterReceiveMultiByteNext)
                  00005094    00000014                              : i2c.o (.text:I2C_setSlaveAddress)
                  000050a8    00000014                              : pcm.o (.text:PCM_getPowerState)
                  000050bc    00000014     rtsv7M4_T_le_v4SPD16_eabi.lib : strlen.c.obj (.text:strlen)
                  000050d0    00000012     grlib.a : context.obj (.text:Graphics_clearDisplay)
                  000050e2    00000012     rtsv7M4_T_le_v4SPD16_eabi.lib : wcslen.c.obj (.text:wcslen)
                  000050f4    00000010     msp432p4xx_driverlib.lib : interrupt.o (.text:Interrupt_disableMaster)
                  00005104    00000010                              : interrupt.o (.text:Interrupt_enableMaster)
                  00005114    00000010                              : interrupt.o (.text:Interrupt_enableSleepOnIsrExit)
                  00005124    00000010                              : pcm.o (.text:PCM_setCoreVoltageLevel)
                  00005134    00000010                              : pcm.o (.text:PCM_setPowerMode)
                  00005144    0000000e     rtsv7M4_T_le_v4SPD16_eabi.lib : copy_decompress_none.c.obj (.text:decompress:none:__TI_decompress_none)
                  00005152    0000000e     startup_msp432p401r_ccs.obj (.text)
                  00005160    0000000c     msp432p4xx_driverlib.lib : cpu.o (.text:CPU_cpsid)
                  0000516c    0000000c                              : cpu.o (.text:CPU_cpsie)
                  00005178    0000000a     rtsv7M4_T_le_v4SPD16_eabi.lib : sprintf.c.obj (.text:_outc)
                  00005182    00000002     --HOLE-- [fill = 0]
                  00005184    00000008                                   : errno.c.obj (.text:__aeabi_errno_addr)
                  0000518c    00000004                                   : pre_init.c.obj (.text:_system_pre_init)
                  00005190    00000004                                   : exit.c.obj (.text:abort:abort)

.const     0    00005198    00000598     
                  00005198    000002f8     grlib.a : fontfixed6x8.obj (.const:.string:g_pucFontFixed6x8Data)
                  00005490    00000101     rtsv7M4_T_le_v4SPD16_eabi.lib : ctype.c.obj (.const:.string:_ctypes_)
                  00005591    00000003     --HOLE-- [fill = 0]
                  00005594    000000c8     grlib.a : fontfixed6x8.obj (.const:g_sFontFixed6x8)
                  0000565c    00000004     --HOLE-- [fill = 0]
                  00005660    00000030     rtsv7M4_T_le_v4SPD16_eabi.lib : e_pow.c.obj (.const:$O1$$)
                  00005690    00000030     msp432p4xx_driverlib.lib : gpio.o (.const:GPIO_PORT_TO_BASE)
                  000056c0    00000020     Crystalfontz128x128_ST7735.obj (.const:g_sCrystalfontz128x128_funcs)
                  000056e0    0000001c     HAL_MSP_EXP432P401R_Crystalfontz128x128_ST7735.obj (.const:$P$T0$1)
                  000056fc    00000014     HAL_I2C.obj (.const:i2cConfig)
                  00005710    00000010     main.obj (.const:continuousModeConfig)
                  00005720    00000008     Crystalfontz128x128_ST7735.obj (.const:$P$T0$1)
                  00005728    00000008     msp432p4xx_driverlib.lib : interrupt.o (.const:g_pulEnRegs)

.cinit     0    00005730    00000038     
                  00005730    00000012     (.cinit..data.load) [load image, compression = lzss]
                  00005742    00000002     --HOLE-- [fill = 0]
                  00005744    0000000c     (__TI_handler_table)
                  00005750    00000008     (.cinit..bss.load) [load image, compression = zero_init]
                  00005758    00000010     (__TI_cinit_table)

.init_array 
*          0    00000000    00000000     UNINITIALIZED

.binit     0    00000000    00000000     

.bss       0    20000000    0000002e     UNINITIALIZED
                  20000000    0000001c     (.common:g_sContext)
                  2000001c    00000004     (.common:temp)
                  20000020    00000004     (.common:temp_on_C)
                  20000024    00000002     (.common:Lcd_ScreenHeigth)
                  20000026    00000002     (.common:Lcd_ScreenWidth)
                  20000028    00000002     (.common:Lcd_TouchTrim)
                  2000002a    00000001     (.common:Lcd_FlagRead)
                  2000002b    00000001     (.common:Lcd_FontSolid)
                  2000002c    00000001     (.common:Lcd_Orientation)
                  2000002d    00000001     (.common:Lcd_PenSolid)

.data      0    20000030    00000020     UNINITIALIZED
                  20000030    00000010     Crystalfontz128x128_ST7735.obj (.data:g_sCrystalfontz128x128)
                  20000040    00000008     HAL_TMP006.obj (.data)
                  20000048    00000004     rtsv7M4_T_le_v4SPD16_eabi.lib : errno.c.obj (.data)
                  2000004c    00000004     system_msp432p401r.obj (.data)

.stack     0    2000fe00    00000200     UNINITIALIZED
                  2000fe00    00000004     rtsv7M4_T_le_v4SPD16_eabi.lib : boot_cortex_m.c.obj (.stack)
                  2000fe04    000001fc     --HOLE--

__llvm_prf_cnts 
*          0    20000000    00000000     UNINITIALIZED

MODULE SUMMARY

       Module                                               code    ro data   rw data
       ------                                               ----    -------   -------
    .\
       HAL_TMP006.obj                                       1032    0         16     
       system_msp432p401r.obj                               820     0         8      
       main.obj                                             592     16        72     
       HAL_I2C.obj                                          280     20        0      
       startup_msp432p401r_ccs.obj                          14      228       0      
    +--+----------------------------------------------------+-------+---------+---------+
       Total:                                               2738    264       96     
                                                                                     
    .\LcdDriver\
       Crystalfontz128x128_ST7735.obj                       1664    40        52     
       HAL_MSP_EXP432P401R_Crystalfontz128x128_ST7735.obj   204     28        0      
    +--+----------------------------------------------------+-------+---------+---------+
       Total:                                               1868    68        52     
                                                                                     
    C:/Users/Dennis/OneDrive/Documenti/DriverLibraryEmbedded/simplelink_msp432p4_sdk_3_40_01_02/simplelink_msp432p4_sdk_3_40_01_02/source/ti/devices/msp432p4xx/driverlib/ccs/msp432p4xx_driverlib.lib
       pcm.o                                                848     0         0      
       i2c.o                                                690     0         0      
       timer_a.o                                            420     0         0      
       cs.o                                                 404     0         0      
       gpio.o                                               320     48        0      
       spi.o                                                312     0         0      
       interrupt.o                                          176     8         0      
       flash.o                                              72      0         0      
       wdt_a.o                                              36      0         0      
       cpu.o                                                24      0         0      
    +--+----------------------------------------------------+-------+---------+---------+
       Total:                                               3302    56        0      
                                                                                     
    C:/Users/Dennis/OneDrive/Documenti/DriverLibraryEmbedded/simplelink_msp432p4_sdk_3_40_01_02/simplelink_msp432p4_sdk_3_40_01_02/source/ti/grlib/lib/ccs/m4/grlib.a
       string.obj                                           1536    0         0      
       fontfixed6x8.obj                                     0       960       0      
       context.obj                                          174     0         0      
       line.obj                                             156     0         0      
       display.obj                                          146     0         0      
    +--+----------------------------------------------------+-------+---------+---------+
       Total:                                               2012    960       0      
                                                                                     
    C:\ti\ccs1270\ccs\tools\compiler\ti-cgt-arm_20.2.7.LTS\lib\rtsv7M4_T_le_v4SPD16_eabi.lib
       _printfi.c.obj                                       4851    0         0      
       e_pow.c.obj                                          2512    48        0      
       fd_add_t2.asm.obj                                    438     0         0      
       e_sqrt.c.obj                                         344     0         0      
       fd_div_t2.asm.obj                                    310     0         0      
       s_scalbn.c.obj                                       272     0         0      
       fd_cmp_t2.asm.obj                                    268     0         0      
       ctype.c.obj                                          0       257       0      
       fd_mul_t2.asm.obj                                    252     0         0      
       memcpy_t2.asm.obj                                    156     0         0      
       ull_div_t2.asm.obj                                   150     0         0      
       memset_t2.asm.obj                                    122     0         0      
       fd_tos_t2.asm.obj                                    110     0         0      
       copy_decompress_lzss.c.obj                           104     0         0      
       s_frexp.c.obj                                        100     0         0      
       sprintf.c.obj                                        98      0         0      
       _ltoa.c.obj                                          84      0         0      
       atoi.c.obj                                           76      0         0      
       fd_toi_t2.asm.obj                                    72      0         0      
       autoinit.c.obj                                       68      0         0      
       fs_tod_t2.asm.obj                                    56      0         0      
       boot_cortex_m.c.obj                                  52      0         0      
       i_tofd_t2.asm.obj                                    46      0         0      
       copy_zero_init.c.obj                                 28      0         0      
       memccpy.c.obj                                        28      0         0      
       s_copysign.c.obj                                     26      0         0      
       strchr.c.obj                                         22      0         0      
       strlen.c.obj                                         20      0         0      
       wcslen.c.obj                                         18      0         0      
       errno.c.obj                                          8       0         8      
       copy_decompress_none.c.obj                           14      0         0      
       exit.c.obj                                           4       0         0      
       pre_init.c.obj                                       4       0         0      
       div0.asm.obj                                         2       0         0      
    +--+----------------------------------------------------+-------+---------+---------+
       Total:                                               10715   305       8      
                                                                                     
       Stack:                                               0       0         1024   
       Linker Generated:                                    0       54        0      
    +--+----------------------------------------------------+-------+---------+---------+
       Grand Total:                                         20635   1707      1180   


LINKER GENERATED COPY TABLES

__TI_cinit_table @ 00005758 records: 2, size/record: 8, table size: 16
	.data: load addr=00005730, load size=00000012 bytes, run addr=20000030, run size=00000020 bytes, compression=lzss
	.bss: load addr=00005750, load size=00000008 bytes, run addr=20000000, run size=0000002e bytes, compression=zero_init


LINKER GENERATED HANDLER TABLE

__TI_handler_table @ 00005744 records: 3, size/record: 4, table size: 12
	index: 0, handler: __TI_decompress_lzss
	index: 1, handler: __TI_decompress_none
	index: 2, handler: __TI_zero_init


GLOBAL SYMBOLS: SORTED ALPHABETICALLY BY Name 

address   name                                       
-------   ----                                       
0000515f  ADC14_IRQHandler                           
0000515f  AES256_IRQHandler                          
0000515f  BusFault_Handler                           
00005191  C$$EXIT                                    
0000515f  COMP_E0_IRQHandler                         
0000515f  COMP_E1_IRQHandler                         
00005161  CPU_cpsid                                  
0000516d  CPU_cpsie                                  
0000515f  CS_IRQHandler                              
000035f5  CS_initClockSignal                         
00004c71  CS_setDCOCenteredFrequency                 
00004d41  CS_setReferenceOscillatorFrequency         
00001505  Crystalfontz128x128_Init                   
00001619  Crystalfontz128x128_SetDrawFrame           
00001747  Crystalfontz128x128_SetOrientation         
0000515f  DMA_ERR_IRQHandler                         
0000515f  DMA_INT0_IRQHandler                        
0000515f  DMA_INT1_IRQHandler                        
0000515f  DMA_INT2_IRQHandler                        
0000515f  DMA_INT3_IRQHandler                        
0000515f  DebugMon_Handler                           
0000515f  Default_Handler                            
0000515f  EUSCIA0_IRQHandler                         
0000515f  EUSCIA1_IRQHandler                         
0000515f  EUSCIA2_IRQHandler                         
0000515f  EUSCIA3_IRQHandler                         
0000515f  EUSCIB0_IRQHandler                         
0000515f  EUSCIB1_IRQHandler                         
0000515f  EUSCIB2_IRQHandler                         
0000515f  EUSCIB3_IRQHandler                         
00004fa5  EUSCI_A_SPI_enable                         
00004fbb  EUSCI_B_SPI_enable                         
0000515f  FLCTL_IRQHandler                           
0000515f  FPU_IRQHandler                             
0000492d  FlashCtl_setWaitState                      
00004a49  GPIO_setAsOutputPin                        
0000416d  GPIO_setAsPeripheralModuleFunctionOutputPin
00004dcd  GPIO_setOutputHighOnPin                    
00004df5  GPIO_setOutputLowOnPin                     
00004e1d  GPIO_toggleOutputOnPin                     
000050d1  Graphics_clearDisplay                      
00004ed9  Graphics_clearDisplayOnDisplay             
00004c39  Graphics_drawHorizontalLineOnDisplay       
00003f9f  Graphics_drawLineH                         
00004d9f  Graphics_drawPixelOnDisplay                
00001b85  Graphics_drawString                        
00004975  Graphics_drawStringCentered                
00003c75  Graphics_getStringWidth                    
0000483d  Graphics_initContext                       
00004ef3  Graphics_setBackgroundColor                
00004f0d  Graphics_setFont                           
00004fd1  Graphics_setForegroundColor                
00004fe7  Graphics_translateColorOnDisplay           
00003d71  HAL_LCD_PortInit                           
00003da1  HAL_LCD_SpiInit                            
00003dd7  HAL_LCD_writeCommand                       
00003e07  HAL_LCD_writeData                          
0000515f  HardFault_Handler                          
00004ffd  I2C_clearInterruptFlag                     
00005013  I2C_disableModule                          
00005029  I2C_enableModule                           
00004f5b  I2C_getInterruptStatus                     
00003861  I2C_init                                   
00004679  I2C_initMaster                             
00004f75  I2C_isBusBusy                              
00004ac9  I2C_masterReceiveMultiByteFinish           
00005081  I2C_masterReceiveMultiByteNext             
00004f27  I2C_masterReceiveStart                     
000044d9  I2C_masterSendMultiByteFinish              
00004ca5  I2C_masterSendMultiByteNext                
00004545  I2C_masterSendMultiByteStart               
00004bc9  I2C_masterSendMultiByteStop                
00003879  I2C_read16                                 
00004e69  I2C_setMode                                
00005095  I2C_setSlaveAddress                        
00003943  I2C_setslave                               
000038ff  I2C_write16                                
00003849  Init_I2C_GPIO                              
000050f5  Interrupt_disableMaster                    
00004301  Interrupt_enableInterrupt                  
00005105  Interrupt_enableMaster                     
00005115  Interrupt_enableSleepOnIsrExit             
2000002a  Lcd_FlagRead                               
2000002b  Lcd_FontSolid                              
2000002c  Lcd_Orientation                            
2000002d  Lcd_PenSolid                               
20000024  Lcd_ScreenHeigth                           
20000026  Lcd_ScreenWidth                            
20000028  Lcd_TouchTrim                              
0000515f  MemManage_Handler                          
0000515f  NMI_Handler                                
0000515f  PCM_IRQHandler                             
000046db  PCM_getCoreVoltageLevel                    
00004739  PCM_getPowerMode                           
000050a9  PCM_getPowerState                          
00005125  PCM_setCoreVoltageLevel                    
00005135  PCM_setPowerMode                           
0000515f  PORT1_IRQHandler                           
0000515f  PORT2_IRQHandler                           
0000515f  PORT3_IRQHandler                           
0000515f  PORT4_IRQHandler                           
0000515f  PORT5_IRQHandler                           
0000515f  PORT6_IRQHandler                           
0000515f  PSS_IRQHandler                             
0000515f  PendSV_Handler                             
0000515f  RTC_C_IRQHandler                           
00005153  Reset_Handler                              
00004e85  SPI_enableModule                           
00003eef  SPI_initMaster                             
0000515f  SVC_Handler                                
0000515f  SysTick_Handler                            
2000004c  SystemCoreClock                            
0000240d  SystemCoreClockUpdate                      
00002685  SystemInit                                 
0000515f  T32_INT1_IRQHandler                        
0000515f  T32_INT2_IRQHandler                        
0000515f  T32_INTC_IRQHandler                        
0000515f  TA0_0_IRQHandler                           
00002acf  TA0_N_IRQHandler                           
00002acf  TA0_N_IRQHandler                           
0000515f  TA1_0_IRQHandler                           
0000515f  TA1_N_IRQHandler                           
0000515f  TA2_0_IRQHandler                           
0000515f  TA2_N_IRQHandler                           
0000515f  TA3_0_IRQHandler                           
0000515f  TA3_N_IRQHandler                           
0000206b  TMP006_getTemp                             
00002005  TMP006_init                                
0000205b  TMP006_readAmbientTemperature              
0000203b  TMP006_readDeviceId                        
0000204b  TMP006_readObjectVoltage                   
0000503f  Timer_A_clearInterruptFlag                 
00004cd9  Timer_A_configureContinuousMode            
00005055  Timer_A_startCounter                       
0000515f  UsageFault_Handler                         
4000480c  WDTCTL_SYM                                 
0000515f  WDT_A_IRQHandler                           
00004e45  WDT_A_holdTimer                            
20010000  __STACK_END                                
00000200  __STACK_SIZE                               
00005758  __TI_CINIT_Base                            
00005768  __TI_CINIT_Limit                           
00005744  __TI_Handler_Table_Base                    
00005750  __TI_Handler_Table_Limit                   
00004a05  __TI_auto_init_nobinit_nopinit             
000045ad  __TI_decompress_lzss                       
00005145  __TI_decompress_none                       
000047e9  __TI_ltoa                                  
ffffffff  __TI_pprof_out_hndl                        
000000e5  __TI_printfi                               
ffffffff  __TI_prof_data_size                        
ffffffff  __TI_prof_data_start                       
00000000  __TI_static_base__                         
00004ea1  __TI_zero_init_nomemset                    
000041f5  __aeabi_cdcmpeq                            
000041f5  __aeabi_cdcmple                            
0000427b  __aeabi_cdrcmple                           
00004469  __aeabi_d2f                                
000049bd  __aeabi_d2iz                               
00002ddb  __aeabi_dadd                               
000034bd  __aeabi_ddiv                               
00003b79  __aeabi_dmul                               
00002dd1  __aeabi_dsub                               
00005185  __aeabi_errno_addr                         
00004c01  __aeabi_f2d                                
00004d71  __aeabi_i2d                                
00000b33  __aeabi_idiv0                              
00000b33  __aeabi_ldiv0                              
00004381  __aeabi_memclr                             
00004381  __aeabi_memclr4                            
00004381  __aeabi_memclr8                            
0000403b  __aeabi_memcpy                             
0000403b  __aeabi_memcpy4                            
0000403b  __aeabi_memcpy8                            
00004383  __aeabi_memset                             
00004383  __aeabi_memset4                            
00004383  __aeabi_memset8                            
000040d7  __aeabi_uldivmod                           
ffffffff  __binit__                                  
ffffffff  __c_args__                                 
UNDEFED   __mpu_init                                 
2000fe00  __stack                                    
20000000  __start___llvm_prf_cnts                    
20000000  __stop___llvm_prf_cnts                     
00004d0d  _c_int00_noargs                            
00005490  _ctypes_                                   
000029b1  _graphicsInit                              
00002a41  _hwInit                                    
UNDEFED   _system_post_cinit                         
0000518d  _system_pre_init                           
000029eb  _temperatureSensorInit                     
00002a0b  _timerInit                                 
00005191  abort                                      
000048e1  atoi                                       
ffffffff  binit                                      
00005710  continuousModeConfig                       
00004f41  copysign                                   
00004f41  copysignl                                  
20000048  errno                                      
00004615  frexp                                      
00004615  frexpl                                     
20000000  g_sContext                                 
20000030  g_sCrystalfontz128x128                     
000056c0  g_sCrystalfontz128x128_funcs               
00005594  g_sFontFixed6x8                            
000056fc  i2cConfig                                  
00000000  interruptVectors                           
00003961  ldexp                                      
00003961  ldexpl                                     
00002aaf  main                                       
00004ebd  memccpy                                    
0000403b  memcpy                                     
00004389  memset                                     
00000b35  pow                                        
00000b35  powl                                       
00003961  scalbn                                     
00003961  scalbnl                                    
00004b49  sprintf                                    
000030e5  sqrt                                       
000030e5  sqrtl                                      
0000506b  strchr                                     
000050bd  strlen                                     
2000001c  temp                                       
20000020  temp_on_C                                  
000050e3  wcslen                                     


GLOBAL SYMBOLS: SORTED BY Symbol Address 

address   name                                       
-------   ----                                       
00000000  __TI_static_base__                         
00000000  interruptVectors                           
000000e5  __TI_printfi                               
00000200  __STACK_SIZE                               
00000b33  __aeabi_idiv0                              
00000b33  __aeabi_ldiv0                              
00000b35  pow                                        
00000b35  powl                                       
00001505  Crystalfontz128x128_Init                   
00001619  Crystalfontz128x128_SetDrawFrame           
00001747  Crystalfontz128x128_SetOrientation         
00001b85  Graphics_drawString                        
00002005  TMP006_init                                
0000203b  TMP006_readDeviceId                        
0000204b  TMP006_readObjectVoltage                   
0000205b  TMP006_readAmbientTemperature              
0000206b  TMP006_getTemp                             
0000240d  SystemCoreClockUpdate                      
00002685  SystemInit                                 
000029b1  _graphicsInit                              
000029eb  _temperatureSensorInit                     
00002a0b  _timerInit                                 
00002a41  _hwInit                                    
00002aaf  main                                       
00002acf  TA0_N_IRQHandler                           
00002acf  TA0_N_IRQHandler                           
00002dd1  __aeabi_dsub                               
00002ddb  __aeabi_dadd                               
000030e5  sqrt                                       
000030e5  sqrtl                                      
000034bd  __aeabi_ddiv                               
000035f5  CS_initClockSignal                         
00003849  Init_I2C_GPIO                              
00003861  I2C_init                                   
00003879  I2C_read16                                 
000038ff  I2C_write16                                
00003943  I2C_setslave                               
00003961  ldexp                                      
00003961  ldexpl                                     
00003961  scalbn                                     
00003961  scalbnl                                    
00003b79  __aeabi_dmul                               
00003c75  Graphics_getStringWidth                    
00003d71  HAL_LCD_PortInit                           
00003da1  HAL_LCD_SpiInit                            
00003dd7  HAL_LCD_writeCommand                       
00003e07  HAL_LCD_writeData                          
00003eef  SPI_initMaster                             
00003f9f  Graphics_drawLineH                         
0000403b  __aeabi_memcpy                             
0000403b  __aeabi_memcpy4                            
0000403b  __aeabi_memcpy8                            
0000403b  memcpy                                     
000040d7  __aeabi_uldivmod                           
0000416d  GPIO_setAsPeripheralModuleFunctionOutputPin
000041f5  __aeabi_cdcmpeq                            
000041f5  __aeabi_cdcmple                            
0000427b  __aeabi_cdrcmple                           
00004301  Interrupt_enableInterrupt                  
00004381  __aeabi_memclr                             
00004381  __aeabi_memclr4                            
00004381  __aeabi_memclr8                            
00004383  __aeabi_memset                             
00004383  __aeabi_memset4                            
00004383  __aeabi_memset8                            
00004389  memset                                     
00004469  __aeabi_d2f                                
000044d9  I2C_masterSendMultiByteFinish              
00004545  I2C_masterSendMultiByteStart               
000045ad  __TI_decompress_lzss                       
00004615  frexp                                      
00004615  frexpl                                     
00004679  I2C_initMaster                             
000046db  PCM_getCoreVoltageLevel                    
00004739  PCM_getPowerMode                           
000047e9  __TI_ltoa                                  
0000483d  Graphics_initContext                       
000048e1  atoi                                       
0000492d  FlashCtl_setWaitState                      
00004975  Graphics_drawStringCentered                
000049bd  __aeabi_d2iz                               
00004a05  __TI_auto_init_nobinit_nopinit             
00004a49  GPIO_setAsOutputPin                        
00004ac9  I2C_masterReceiveMultiByteFinish           
00004b49  sprintf                                    
00004bc9  I2C_masterSendMultiByteStop                
00004c01  __aeabi_f2d                                
00004c39  Graphics_drawHorizontalLineOnDisplay       
00004c71  CS_setDCOCenteredFrequency                 
00004ca5  I2C_masterSendMultiByteNext                
00004cd9  Timer_A_configureContinuousMode            
00004d0d  _c_int00_noargs                            
00004d41  CS_setReferenceOscillatorFrequency         
00004d71  __aeabi_i2d                                
00004d9f  Graphics_drawPixelOnDisplay                
00004dcd  GPIO_setOutputHighOnPin                    
00004df5  GPIO_setOutputLowOnPin                     
00004e1d  GPIO_toggleOutputOnPin                     
00004e45  WDT_A_holdTimer                            
00004e69  I2C_setMode                                
00004e85  SPI_enableModule                           
00004ea1  __TI_zero_init_nomemset                    
00004ebd  memccpy                                    
00004ed9  Graphics_clearDisplayOnDisplay             
00004ef3  Graphics_setBackgroundColor                
00004f0d  Graphics_setFont                           
00004f27  I2C_masterReceiveStart                     
00004f41  copysign                                   
00004f41  copysignl                                  
00004f5b  I2C_getInterruptStatus                     
00004f75  I2C_isBusBusy                              
00004fa5  EUSCI_A_SPI_enable                         
00004fbb  EUSCI_B_SPI_enable                         
00004fd1  Graphics_setForegroundColor                
00004fe7  Graphics_translateColorOnDisplay           
00004ffd  I2C_clearInterruptFlag                     
00005013  I2C_disableModule                          
00005029  I2C_enableModule                           
0000503f  Timer_A_clearInterruptFlag                 
00005055  Timer_A_startCounter                       
0000506b  strchr                                     
00005081  I2C_masterReceiveMultiByteNext             
00005095  I2C_setSlaveAddress                        
000050a9  PCM_getPowerState                          
000050bd  strlen                                     
000050d1  Graphics_clearDisplay                      
000050e3  wcslen                                     
000050f5  Interrupt_disableMaster                    
00005105  Interrupt_enableMaster                     
00005115  Interrupt_enableSleepOnIsrExit             
00005125  PCM_setCoreVoltageLevel                    
00005135  PCM_setPowerMode                           
00005145  __TI_decompress_none                       
00005153  Reset_Handler                              
0000515f  ADC14_IRQHandler                           
0000515f  AES256_IRQHandler                          
0000515f  BusFault_Handler                           
0000515f  COMP_E0_IRQHandler                         
0000515f  COMP_E1_IRQHandler                         
0000515f  CS_IRQHandler                              
0000515f  DMA_ERR_IRQHandler                         
0000515f  DMA_INT0_IRQHandler                        
0000515f  DMA_INT1_IRQHandler                        
0000515f  DMA_INT2_IRQHandler                        
0000515f  DMA_INT3_IRQHandler                        
0000515f  DebugMon_Handler                           
0000515f  Default_Handler                            
0000515f  EUSCIA0_IRQHandler                         
0000515f  EUSCIA1_IRQHandler                         
0000515f  EUSCIA2_IRQHandler                         
0000515f  EUSCIA3_IRQHandler                         
0000515f  EUSCIB0_IRQHandler                         
0000515f  EUSCIB1_IRQHandler                         
0000515f  EUSCIB2_IRQHandler                         
0000515f  EUSCIB3_IRQHandler                         
0000515f  FLCTL_IRQHandler                           
0000515f  FPU_IRQHandler                             
0000515f  HardFault_Handler                          
0000515f  MemManage_Handler                          
0000515f  NMI_Handler                                
0000515f  PCM_IRQHandler                             
0000515f  PORT1_IRQHandler                           
0000515f  PORT2_IRQHandler                           
0000515f  PORT3_IRQHandler                           
0000515f  PORT4_IRQHandler                           
0000515f  PORT5_IRQHandler                           
0000515f  PORT6_IRQHandler                           
0000515f  PSS_IRQHandler                             
0000515f  PendSV_Handler                             
0000515f  RTC_C_IRQHandler                           
0000515f  SVC_Handler                                
0000515f  SysTick_Handler                            
0000515f  T32_INT1_IRQHandler                        
0000515f  T32_INT2_IRQHandler                        
0000515f  T32_INTC_IRQHandler                        
0000515f  TA0_0_IRQHandler                           
0000515f  TA1_0_IRQHandler                           
0000515f  TA1_N_IRQHandler                           
0000515f  TA2_0_IRQHandler                           
0000515f  TA2_N_IRQHandler                           
0000515f  TA3_0_IRQHandler                           
0000515f  TA3_N_IRQHandler                           
0000515f  UsageFault_Handler                         
0000515f  WDT_A_IRQHandler                           
00005161  CPU_cpsid                                  
0000516d  CPU_cpsie                                  
00005185  __aeabi_errno_addr                         
0000518d  _system_pre_init                           
00005191  C$$EXIT                                    
00005191  abort                                      
00005490  _ctypes_                                   
00005594  g_sFontFixed6x8                            
000056c0  g_sCrystalfontz128x128_funcs               
000056fc  i2cConfig                                  
00005710  continuousModeConfig                       
00005744  __TI_Handler_Table_Base                    
00005750  __TI_Handler_Table_Limit                   
00005758  __TI_CINIT_Base                            
00005768  __TI_CINIT_Limit                           
20000000  __start___llvm_prf_cnts                    
20000000  __stop___llvm_prf_cnts                     
20000000  g_sContext                                 
2000001c  temp                                       
20000020  temp_on_C                                  
20000024  Lcd_ScreenHeigth                           
20000026  Lcd_ScreenWidth                            
20000028  Lcd_TouchTrim                              
2000002a  Lcd_FlagRead                               
2000002b  Lcd_FontSolid                              
2000002c  Lcd_Orientation                            
2000002d  Lcd_PenSolid                               
20000030  g_sCrystalfontz128x128                     
20000048  errno                                      
2000004c  SystemCoreClock                            
2000fe00  __stack                                    
20010000  __STACK_END                                
4000480c  WDTCTL_SYM                                 
ffffffff  __TI_pprof_out_hndl                        
ffffffff  __TI_prof_data_size                        
ffffffff  __TI_prof_data_start                       
ffffffff  __binit__                                  
ffffffff  __c_args__                                 
ffffffff  binit                                      
UNDEFED   __mpu_init                                 
UNDEFED   _system_post_cinit                         

[225 symbols]
