******************************************************************************
                  TI ARM Linker PC v20.2.7                     
******************************************************************************
>> Linked Thu Jan 30 12:08:44 2025

OUTPUT FILE NAME:   <MSP + ESP FINAL.out>
ENTRY POINT SYMBOL: "_c_int00_noargs"  address: 00005859


MEMORY CONFIGURATION

         name            origin    length      used     unused   attr    fill
----------------------  --------  ---------  --------  --------  ----  --------
  MAIN                  00000000   00040000  00006558  00039aa8  R  X
  INFO                  00200000   00004000  00000000  00004000  R  X
  SRAM_CODE             01000000   00010000  00000a46  0000f5ba  RW X
  SRAM_DATA             20000000   00010000  00000a46  0000f5ba  RW  


SEGMENT ALLOCATION MAP

run origin  load origin   length   init length attrs members
----------  ----------- ---------- ----------- ----- -------
00000000    00000000    00006558   00006558    r-x
  00000000    00000000    000000e4   000000e4    r-- .intvecs
  000000e4    000000e4    00005d48   00005d48    r-x .text
  00005e2c    00005e2c    0000065c   0000065c    r-- .const
  00006488    00006488    000000d0   000000d0    r-- .cinit
20000000    20000000    00000846   00000000    rw-
  20000000    20000000    00000400   00000000    rw- .sysmem
  20000400    20000400    00000254   00000000    rw- .data
  20000654    20000654    000001f2   00000000    rw- .bss
2000fe00    2000fe00    00000200   00000000    rw-
  2000fe00    2000fe00    00000200   00000000    rw- .stack


SECTION ALLOCATION MAP

 output                                  attributes/
section   page    origin      length       input sections
--------  ----  ----------  ----------   ----------------
.intvecs   0    00000000    000000e4     
                  00000000    000000e4     startup_msp432p401r_ccs.obj (.intvecs:retain)

.text      0    000000e4    00005d48     
                  000000e4    00000a4e     rtsv7M4_T_le_v4SPD16_eabi.lib : _printfi.c.obj (.text:__TI_printfi)
                  00000b32    00000002                                   : _lock.c.obj (.text:_nop)
                  00000b34    00000680     Crystalfontz128x128_ST7735.obj (.text)
                  000011b4    000005e4     main.obj (.text)
                  00001798    0000047e     grlib.a : string.obj (.text:Graphics_drawString)
                  00001c16    00000002     rtsv7M4_T_le_v4SPD16_eabi.lib : div0.asm.obj (.text)
                  00001c18    000003c0     functions.obj (.text)
                  00001fd8    00000334     system_msp432p401r.obj (.text)
                  0000230c    00000270     rtsv7M4_T_le_v4SPD16_eabi.lib : _printfi.c.obj (.text:_pconv_a)
                  0000257c    0000026e     grlib.a : circle.obj (.text:Graphics_drawCircle)
                  000027ea    00000002     --HOLE-- [fill = 0]
                  000027ec    000001d0     rtsv7M4_T_le_v4SPD16_eabi.lib : _printfi.c.obj (.text:_pconv_g)
                  000029bc    000001b6                                   : fd_add_t2.asm.obj (.text)
                  00002b72    00000180     grlib.a : line.obj (.text:Graphics_clipLine)
                  00002cf2    00000174             : line.obj (.text:Graphics_drawLine)
                  00002e66    00000002     --HOLE-- [fill = 0]
                  00002e68    00000160     msp432p4xx_driverlib.lib : adc14.o (.text:_getIndexForMemRegister)
                  00002fc8    0000015c                              : pcm.o (.text:__PCM_setPowerModeAdvanced)
                  00003124    0000013c     rtsv7M4_T_le_v4SPD16_eabi.lib : _printfi.c.obj (.text:_pconv_e)
                  00003260    00000136                                   : fd_div_t2.asm.obj (.text)
                  00003396    00000002     --HOLE-- [fill = 0]
                  00003398    00000130     msp432p4xx_driverlib.lib : cs.o (.text:CS_initClockSignal)
                  000034c8    00000124     rtsv7M4_T_le_v4SPD16_eabi.lib : _printfi.c.obj (.text:fcvt)
                  000035ec    0000011c     msp432p4xx_driverlib.lib : uart.o (.text:UART_initModule)
                  00003708    00000114     rtsv7M4_T_le_v4SPD16_eabi.lib : fputs.c.obj (.text:fputs)
                  0000381c    00000110                                   : s_scalbn.c.obj (.text:scalbn)
                  0000392c    00000108     msp432p4xx_driverlib.lib : pcm.o (.text:__PCM_setCoreVoltageLevelAdvanced)
                  00003a34    00000100     rtsv7M4_T_le_v4SPD16_eabi.lib : memory.c.obj (.text:aligned_alloc)
                  00003b34    000000fc                                   : fd_mul_t2.asm.obj (.text)
                  00003c30    000000fa     grlib.a : string.obj (.text:Graphics_getStringWidth)
                  00003d2a    00000002     --HOLE-- [fill = 0]
                  00003d2c    000000e4     rtsv7M4_T_le_v4SPD16_eabi.lib : memory.c.obj (.text:free)
                  00003e10    000000dc                                   : setvbuf.c.obj (.text:setvbuf)
                  00003eec    000000cc     HAL_MSP_EXP432P401R_Crystalfontz128x128_ST7735.obj (.text)
                  00003fb8    000000b4     msp432p4xx_driverlib.lib : adc14.o (.text:ADC14_configureConversionMemory)
                  0000406c    000000b4                              : adc14.o (.text:ADC14_configureMultiSequenceMode)
                  00004120    000000b1     rtsv7M4_T_le_v4SPD16_eabi.lib : _printfi.c.obj (.text:_ltostr)
                  000041d1    00000001     --HOLE-- [fill = 0]
                  000041d2    000000b0     msp432p4xx_driverlib.lib : spi.o (.text:SPI_initMaster)
                  00004282    000000a2     grlib.a : rectangle.obj (.text:Graphics_drawRectangle)
                  00004324    0000009c             : line.obj (.text:Graphics_drawLineH)
                  000043c0    0000009c             : line.obj (.text:Graphics_drawLineV)
                  0000445c    0000009c     rtsv7M4_T_le_v4SPD16_eabi.lib : memcpy_t2.asm.obj (.text)
                  000044f8    00000096                                   : ull_div_t2.asm.obj (.text)
                  0000458e    00000002     --HOLE-- [fill = 0]
                  00004590    0000008c                                   : fputc.c.obj (.text:fputc)
                  0000461c    00000088     msp432p4xx_driverlib.lib : gpio.o (.text:GPIO_setAsPeripheralModuleFunctionInputPin)
                  000046a4    00000088                              : gpio.o (.text:GPIO_setAsPeripheralModuleFunctionOutputPin)
                  0000472c    00000086     rtsv7M4_T_le_v4SPD16_eabi.lib : fd_cmp_t2.asm.obj (.text:__aeabi_cdcmple)
                  000047b2    00000086                                   : fd_cmp_t2.asm.obj (.text:__aeabi_cdrcmple)
                  00004838    00000080     msp432p4xx_driverlib.lib : interrupt.o (.text:Interrupt_enableInterrupt)
                  000048b8    0000007a     rtsv7M4_T_le_v4SPD16_eabi.lib : memset_t2.asm.obj (.text)
                  00004932    00000002     --HOLE-- [fill = 0]
                  00004934    00000074                                   : fclose.c.obj (.text:__TI_closefile)
                  000049a8    00000070                                   : memory.c.obj (.text:split)
                  00004a18    0000006e                                   : _printfi.c.obj (.text:_mcpy)
                  00004a86    00000002     --HOLE-- [fill = 0]
                  00004a88    0000006c                                   : hostrename.c.obj (.text:HOSTrename)
                  00004af4    00000068                                   : hostlseek.c.obj (.text:HOSTlseek)
                  00004b5c    00000068                                   : copy_decompress_lzss.c.obj (.text:decompress:lzss:__TI_decompress_lzss)
                  00004bc4    00000068                                   : printf.c.obj (.text:printf)
                  00004c2c    00000064     grlib.a : line.obj (.text:Graphics_getClipCode)
                  00004c90    00000064     rtsv7M4_T_le_v4SPD16_eabi.lib : s_frexp.c.obj (.text:frexp)
                  00004cf4    00000064                                   : fseek.c.obj (.text:fseek)
                  00004d58    00000062                                   : _io_perm.c.obj (.text:__TI_wrt_ok)
                  00004dba    00000002     --HOLE-- [fill = 0]
                  00004dbc    00000060                                   : hostopen.c.obj (.text:HOSTopen)
                  00004e1c    0000005e     msp432p4xx_driverlib.lib : pcm.o (.text:PCM_getCoreVoltageLevel)
                  00004e7a    00000002     --HOLE-- [fill = 0]
                  00004e7c    0000005c     rtsv7M4_T_le_v4SPD16_eabi.lib : close.c.obj (.text:close)
                  00004ed8    0000005a     grlib.a : context.obj (.text:Graphics_drawPixel)
                  00004f32    0000005a     msp432p4xx_driverlib.lib : pcm.o (.text:PCM_getPowerMode)
                  00004f8c    00000058                              : gpio.o (.text:GPIO_setAsInputPinWithPullUpResistor)
                  00004fe4    00000058     rtsv7M4_T_le_v4SPD16_eabi.lib : hostread.c.obj (.text:HOSTread)
                  0000503c    00000058                                   : hostwrite.c.obj (.text:HOSTwrite)
                  00005094    00000056                                   : _printfi.c.obj (.text:_pconv_f)
                  000050ea    00000002     --HOLE-- [fill = 0]
                  000050ec    00000054     msp432p4xx_driverlib.lib : adc14.o (.text:ADC14_initModule)
                  00005140    00000054     rtsv7M4_T_le_v4SPD16_eabi.lib : _ltoa.c.obj (.text:__TI_ltoa)
                  00005194    00000052     grlib.a : context.obj (.text:Graphics_initContext)
                  000051e6    00000052     rtsv7M4_T_le_v4SPD16_eabi.lib : _printfi.c.obj (.text:_ecpy)
                  00005238    0000004c                                   : fflush.c.obj (.text:__TI_doflush)
                  00005284    0000004c                                   : atoi.c.obj (.text:atoi)
                  000052d0    00000048     msp432p4xx_driverlib.lib : flash.o (.text:FlashCtl_setWaitState)
                  00005318    00000048     grlib.a : string.obj (.text:Graphics_drawStringCentered)
                  00005360    00000048     rtsv7M4_T_le_v4SPD16_eabi.lib : exit.c.obj (.text:exit)
                  000053a8    00000048                                   : fd_toi_t2.asm.obj (.text)
                  000053f0    00000044                                   : hostclose.c.obj (.text:HOSTclose)
                  00005434    00000044                                   : hostunlink.c.obj (.text:HOSTunlink)
                  00005478    00000044                                   : autoinit.c.obj (.text:__TI_auto_init_nobinit_nopinit:__TI_auto_init_nobinit_nopinit)
                  000054bc    00000044                                   : getdevice.c.obj (.text:getdevice)
                  00005500    00000040     msp432p4xx_driverlib.lib : gpio.o (.text:GPIO_setAsOutputPin)
                  00005540    00000040     grlib.a : string.obj (.text:Graphics_getNumberOfLeadingZeros)
                  00005580    00000040     msp432p4xx_driverlib.lib : spi.o (.text:is_A_Module)
                  000055c0    00000040     rtsv7M4_T_le_v4SPD16_eabi.lib : sprintf.c.obj (.text:sprintf)
                  00005600    0000003e                                   : _printfi.c.obj (.text:_fcpy)
                  0000563e    00000002     --HOLE-- [fill = 0]
                  00005640    00000038     msp432p4xx_driverlib.lib : adc14.o (.text:ADC14_getEnabledInterruptStatus)
                  00005678    00000038     rtsv7M4_T_le_v4SPD16_eabi.lib : trgmsg.c.obj (.text:__TI_writemsg)
                  000056b0    00000036     grlib.a : display.obj (.text:Graphics_drawHorizontalLineOnDisplay)
                  000056e6    00000036             : display.obj (.text:Graphics_drawVerticalLineOnDisplay)
                  0000571c    00000036     rtsv7M4_T_le_v4SPD16_eabi.lib : strncpy.c.obj (.text:strncpy)
                  00005752    00000002     --HOLE-- [fill = 0]
                  00005754    00000034     msp432p4xx_driverlib.lib : adc14.o (.text:ADC14_enableSampleTimer)
                  00005788    00000034                              : cs.o (.text:CS_setDCOCenteredFrequency)
                  000057bc    00000034                              : uart.o (.text:UART_transmitData)
                  000057f0    00000034     rtsv7M4_T_le_v4SPD16_eabi.lib : fopen.c.obj (.text:__TI_cleanup)
                  00005824    00000034                                   : trgmsg.c.obj (.text:__TI_readmsg)
                  00005858    00000034                                   : boot_cortex_m.c.obj (.text:_c_int00_noargs:_c_int00_noargs)
                  0000588c    00000030     msp432p4xx_driverlib.lib : adc14.o (.text:ADC14_clearInterruptFlag)
                  000058bc    00000030                              : adc14.o (.text:ADC14_enableInterrupt)
                  000058ec    00000030     rtsv7M4_T_le_v4SPD16_eabi.lib : getdevice.c.obj (.text:finddevice)
                  0000591c    0000002e                                   : i_tofd_t2.asm.obj (.text)
                  0000594a    00000002     --HOLE-- [fill = 0]
                  0000594c    0000002c     msp432p4xx_driverlib.lib : adc14.o (.text:ADC14_getInterruptStatus)
                  00005978    0000002c                              : adc14.o (.text:ADC14_toggleConversionTrigger)
                  000059a4    0000002c     grlib.a : display.obj (.text:Graphics_drawPixelOnDisplay)
                  000059d0    0000002c     rtsv7M4_T_le_v4SPD16_eabi.lib : unlink.c.obj (.text:unlink)
                  000059fc    00000028     msp432p4xx_driverlib.lib : adc14.o (.text:ADC14_enableConversion)
                  00005a24    00000028                              : adc14.o (.text:ADC14_getResult)
                  00005a4c    00000028                              : gpio.o (.text:GPIO_setOutputHighOnPin)
                  00005a74    00000028                              : gpio.o (.text:GPIO_setOutputLowOnPin)
                  00005a9c    00000028                              : pcm.o (.text:PCM_gotoLPM0)
                  00005ac4    00000028     rtsv7M4_T_le_v4SPD16_eabi.lib : memory.c.obj (.text:free_list_insert)
                  00005aec    00000028                                   : lseek.c.obj (.text:lseek)
                  00005b14    00000028                                   : write.c.obj (.text:write)
                  00005b3c    00000024     msp432p4xx_driverlib.lib : wdt_a.o (.text:WDT_A_holdTimer)
                  00005b60    00000020     rtsv7M4_T_le_v4SPD16_eabi.lib : memchr.c.obj (.text:memchr)
                  00005b80    0000001c     msp432p4xx_driverlib.lib : spi.o (.text:SPI_enableModule)
                  00005b9c    0000001c     rtsv7M4_T_le_v4SPD16_eabi.lib : copy_zero_init.c.obj (.text:decompress:ZI:__TI_zero_init_nomemset:__TI_zero_init_nomemset)
                  00005bb8    0000001c                                   : memory.c.obj (.text:free_list_remove)
                  00005bd4    0000001c                                   : memccpy.c.obj (.text:memccpy)
                  00005bf0    0000001a     grlib.a : display.obj (.text:Graphics_clearDisplayOnDisplay)
                  00005c0a    0000001a             : context.obj (.text:Graphics_setBackgroundColor)
                  00005c24    0000001a             : context.obj (.text:Graphics_setFont)
                  00005c3e    0000001a     rtsv7M4_T_le_v4SPD16_eabi.lib : s_copysign.c.obj (.text:copysign)
                  00005c58    00000018                                   : sprintf.c.obj (.text:_outs)
                  00005c70    00000018                                   : strcmp.c.obj (.text:strcmp)
                  00005c88    00000016     msp432p4xx_driverlib.lib : spi.o (.text:EUSCI_A_SPI_enable)
                  00005c9e    00000016                              : spi.o (.text:EUSCI_B_SPI_enable)
                  00005cb4    00000016     grlib.a : context.obj (.text:Graphics_setForegroundColor)
                  00005cca    00000016             : display.obj (.text:Graphics_translateColorOnDisplay)
                  00005ce0    00000016     msp432p4xx_driverlib.lib : uart.o (.text:UART_enableModule)
                  00005cf6    00000016     rtsv7M4_T_le_v4SPD16_eabi.lib : strchr.c.obj (.text:strchr)
                  00005d0c    00000014     msp432p4xx_driverlib.lib : pcm.o (.text:PCM_getPowerState)
                  00005d20    00000014     rtsv7M4_T_le_v4SPD16_eabi.lib : strcpy.c.obj (.text:strcpy)
                  00005d34    00000014                                   : strlen.c.obj (.text:strlen)
                  00005d48    00000012     grlib.a : context.obj (.text:Graphics_clearDisplay)
                  00005d5a    00000012     rtsv7M4_T_le_v4SPD16_eabi.lib : wcslen.c.obj (.text:wcslen)
                  00005d6c    00000010     msp432p4xx_driverlib.lib : adc14.o (.text:ADCIsConversionRunning)
                  00005d7c    00000010                              : interrupt.o (.text:Interrupt_disableMaster)
                  00005d8c    00000010                              : interrupt.o (.text:Interrupt_enableMaster)
                  00005d9c    00000010                              : pcm.o (.text:PCM_setCoreVoltageLevel)
                  00005dac    00000010                              : pcm.o (.text:PCM_setPowerMode)
                  00005dbc    0000000e     rtsv7M4_T_le_v4SPD16_eabi.lib : copy_decompress_none.c.obj (.text:decompress:none:__TI_decompress_none)
                  00005dca    0000000e     startup_msp432p401r_ccs.obj (.text)
                  00005dd8    0000000c     msp432p4xx_driverlib.lib : adc14.o (.text:ADC14_enableModule)
                  00005de4    0000000c                              : cpu.o (.text:CPU_cpsid)
                  00005df0    0000000c                              : cpu.o (.text:CPU_cpsie)
                  00005dfc    0000000a     rtsv7M4_T_le_v4SPD16_eabi.lib : sprintf.c.obj (.text:_outc)
                  00005e06    00000002     --HOLE-- [fill = 0]
                  00005e08    00000008                                   : errno.c.obj (.text:__aeabi_errno_addr)
                  00005e10    00000008                                   : memory.c.obj (.text:malloc)
                  00005e18    00000004     msp432p4xx_driverlib.lib : cpu.o (.text:CPU_wfi)
                  00005e1c    00000004     rtsv7M4_T_le_v4SPD16_eabi.lib : printf.c.obj (.text:_outc)
                  00005e20    00000004                                   : printf.c.obj (.text:_outs)
                  00005e24    00000004                                   : pre_init.c.obj (.text:_system_pre_init)
                  00005e28    00000004                                   : exit.c.obj (.text:abort:abort)

.const     0    00005e2c    0000065c     
                  00005e2c    000002f8     grlib.a : fontfixed6x8.obj (.const:.string:g_pucFontFixed6x8Data)
                  00006124    00000101     rtsv7M4_T_le_v4SPD16_eabi.lib : ctype.c.obj (.const:.string:_ctypes_)
                  00006225    00000003     --HOLE-- [fill = 0]
                  00006228    000000c8     grlib.a : fontfixed6x8.obj (.const:g_sFontFixed6x8)
                  000062f0    00000080     msp432p4xx_driverlib.lib : adc14.o (.const:_ctlRegs)
                  00006370    00000060     functions.obj (.const:.string)
                  000063d0    00000030     msp432p4xx_driverlib.lib : gpio.o (.const:GPIO_PORT_TO_BASE)
                  00006400    00000028     functions.obj (.const:uartConfig)
                  00006428    00000020     Crystalfontz128x128_ST7735.obj (.const:g_sCrystalfontz128x128_funcs)
                  00006448    0000001c     HAL_MSP_EXP432P401R_Crystalfontz128x128_ST7735.obj (.const:$P$T0$1)
                  00006464    0000000a     main.obj (.const:.string)
                  0000646e    00000008     Crystalfontz128x128_ST7735.obj (.const:$P$T0$1)
                  00006476    00000008     main.obj (.const:$P$T1$1)
                  0000647e    00000002     --HOLE-- [fill = 0]
                  00006480    00000008     msp432p4xx_driverlib.lib : interrupt.o (.const:g_pulEnRegs)

.cinit     0    00006488    000000d0     
                  00006488    000000aa     (.cinit..data.load) [load image, compression = lzss]
                  00006532    00000002     --HOLE-- [fill = 0]
                  00006534    0000000c     (__TI_handler_table)
                  00006540    00000008     (.cinit..bss.load) [load image, compression = zero_init]
                  00006548    00000010     (__TI_cinit_table)

.init_array 
*          0    00000000    00000000     UNINITIALIZED

.binit     0    00000000    00000000     

.sysmem    0    20000000    00000400     UNINITIALIZED
                  20000000    00000010     rtsv7M4_T_le_v4SPD16_eabi.lib : memory.c.obj (.sysmem)
                  20000010    000003f0     --HOLE--

.data      0    20000400    00000254     UNINITIALIZED
                  20000400    000000f0     rtsv7M4_T_le_v4SPD16_eabi.lib : defs.c.obj (.data:_ftable)
                  200004f0    00000078                                   : host_device.c.obj (.data:_device)
                  20000568    00000050                                   : host_device.c.obj (.data:_stream)
                  200005b8    0000003c     functions.obj (.data)
                  200005f4    0000001c     main.obj (.data)
                  20000610    00000010     Crystalfontz128x128_ST7735.obj (.data:g_sCrystalfontz128x128)
                  20000620    00000010     rtsv7M4_T_le_v4SPD16_eabi.lib : defs.c.obj (.data)
                  20000630    0000000c                                   : exit.c.obj (.data:$O1$$)
                  2000063c    00000008                                   : _lock.c.obj (.data:$O1$$)
                  20000644    00000008                                   : memory.c.obj (.data:$O1$$)
                  2000064c    00000004                                   : errno.c.obj (.data)
                  20000650    00000004     system_msp432p401r.obj (.data)

.bss       0    20000654    000001f2     UNINITIALIZED
                  20000654    00000120     rtsv7M4_T_le_v4SPD16_eabi.lib : trgmsg.c.obj (.bss:_CIOBUF_)
                  20000774    000000a0     (.common:__TI_tmpnams)
                  20000814    0000001c     (.common:g_sContext)
                  20000830    00000008     (.common:parmbuf)
                  20000838    00000004     (.common:resultsBuffer)
                  2000083c    00000002     (.common:Lcd_ScreenHeigth)
                  2000083e    00000002     (.common:Lcd_ScreenWidth)
                  20000840    00000002     (.common:Lcd_TouchTrim)
                  20000842    00000001     (.common:Lcd_FlagRead)
                  20000843    00000001     (.common:Lcd_FontSolid)
                  20000844    00000001     (.common:Lcd_Orientation)
                  20000845    00000001     (.common:Lcd_PenSolid)

.stack     0    2000fe00    00000200     UNINITIALIZED
                  2000fe00    00000004     rtsv7M4_T_le_v4SPD16_eabi.lib : boot_cortex_m.c.obj (.stack)
                  2000fe04    000001fc     --HOLE--

__llvm_prf_cnts 
*          0    20000000    00000000     UNINITIALIZED

MODULE SUMMARY

       Module                                               code    ro data   rw data
       ------                                               ----    -------   -------
    .\
       main.obj                                             1508    18        64     
       functions.obj                                        960     136       176    
       system_msp432p401r.obj                               820     0         8      
       startup_msp432p401r_ccs.obj                          14      228       0      
    +--+----------------------------------------------------+-------+---------+---------+
       Total:                                               3302    382       248    
                                                                                     
    .\LcdDriver\
       Crystalfontz128x128_ST7735.obj                       1664    40        52     
       HAL_MSP_EXP432P401R_Crystalfontz128x128_ST7735.obj   204     28        0      
    +--+----------------------------------------------------+-------+---------+---------+
       Total:                                               1868    68        52     
                                                                                     
    C:/Users/henri/simplelink_msp432p4_sdk_3_40_01_02/source/ti/devices/msp432p4xx/driverlib/ccs/msp432p4xx_driverlib.lib
       adc14.o                                              1196    128       0      
       pcm.o                                                888     0         0      
       gpio.o                                               504     48        0      
       uart.o                                               358     0         0      
       cs.o                                                 356     0         0      
       spi.o                                                312     0         0      
       interrupt.o                                          160     8         0      
       flash.o                                              72      0         0      
       wdt_a.o                                              36      0         0      
       cpu.o                                                28      0         0      
    +--+----------------------------------------------------+-------+---------+---------+
       Total:                                               3910    184       0      
                                                                                     
    C:/Users/henri/simplelink_msp432p4_sdk_3_40_01_02/source/ti/grlib/lib/ccs/m4/grlib.a
       string.obj                                           1536    0         0      
       line.obj                                             1168    0         0      
       fontfixed6x8.obj                                     0       960       0      
       circle.obj                                           622     0         0      
       context.obj                                          264     0         0      
       display.obj                                          200     0         0      
       rectangle.obj                                        162     0         0      
    +--+----------------------------------------------------+-------+---------+---------+
       Total:                                               3952    960       0      
                                                                                     
    C:\ti\ccs1271\ccs\tools\compiler\ti-cgt-arm_20.2.7.LTS\lib\rtsv7M4_T_le_v4SPD16_eabi.lib
       _printfi.c.obj                                       4851    0         0      
       defs.c.obj                                           0       0         832    
       memory.c.obj                                         672     0         16     
       trgmsg.c.obj                                         108     0         576    
       fd_add_t2.asm.obj                                    438     0         0      
       host_device.c.obj                                    0       0         400    
       fd_div_t2.asm.obj                                    310     0         0      
       fputs.c.obj                                          276     0         0      
       s_scalbn.c.obj                                       272     0         0      
       fd_cmp_t2.asm.obj                                    268     0         0      
       ctype.c.obj                                          0       257       0      
       fd_mul_t2.asm.obj                                    252     0         0      
       setvbuf.c.obj                                        220     0         0      
       memcpy_t2.asm.obj                                    156     0         0      
       ull_div_t2.asm.obj                                   150     0         0      
       fputc.c.obj                                          140     0         0      
       memset_t2.asm.obj                                    122     0         0      
       fclose.c.obj                                         116     0         0      
       getdevice.c.obj                                      116     0         0      
       hostopen.c.obj                                       96      0         16     
       printf.c.obj                                         112     0         0      
       hostrename.c.obj                                     108     0         0      
       copy_decompress_lzss.c.obj                           104     0         0      
       hostlseek.c.obj                                      104     0         0      
       exit.c.obj                                           76      0         24     
       fseek.c.obj                                          100     0         0      
       s_frexp.c.obj                                        100     0         0      
       _io_perm.c.obj                                       98      0         0      
       sprintf.c.obj                                        98      0         0      
       close.c.obj                                          92      0         0      
       hostread.c.obj                                       88      0         0      
       hostwrite.c.obj                                      88      0         0      
       _ltoa.c.obj                                          84      0         0      
       atoi.c.obj                                           76      0         0      
       fflush.c.obj                                         76      0         0      
       fd_toi_t2.asm.obj                                    72      0         0      
       autoinit.c.obj                                       68      0         0      
       hostclose.c.obj                                      68      0         0      
       hostunlink.c.obj                                     68      0         0      
       strncpy.c.obj                                        54      0         0      
       boot_cortex_m.c.obj                                  52      0         0      
       fopen.c.obj                                          52      0         0      
       i_tofd_t2.asm.obj                                    46      0         0      
       unlink.c.obj                                         44      0         0      
       lseek.c.obj                                          40      0         0      
       write.c.obj                                          40      0         0      
       memchr.c.obj                                         32      0         0      
       copy_zero_init.c.obj                                 28      0         0      
       memccpy.c.obj                                        28      0         0      
       s_copysign.c.obj                                     26      0         0      
       strcmp.c.obj                                         24      0         0      
       strchr.c.obj                                         22      0         0      
       strcpy.c.obj                                         20      0         0      
       strlen.c.obj                                         20      0         0      
       _lock.c.obj                                          2       0         16     
       wcslen.c.obj                                         18      0         0      
       errno.c.obj                                          8       0         8      
       copy_decompress_none.c.obj                           14      0         0      
       pre_init.c.obj                                       4       0         0      
       div0.asm.obj                                         2       0         0      
    +--+----------------------------------------------------+-------+---------+---------+
       Total:                                               10819   257       1888   
                                                                                     
       Heap:                                                0       0         2048   
       Stack:                                               0       0         1024   
       Linker Generated:                                    0       206       0      
    +--+----------------------------------------------------+-------+---------+---------+
       Grand Total:                                         23851   2057      5260   


LINKER GENERATED COPY TABLES

__TI_cinit_table @ 00006548 records: 2, size/record: 8, table size: 16
	.data: load addr=00006488, load size=000000aa bytes, run addr=20000400, run size=00000254 bytes, compression=lzss
	.bss: load addr=00006540, load size=00000008 bytes, run addr=20000654, run size=000001f2 bytes, compression=zero_init


LINKER GENERATED HANDLER TABLE

__TI_handler_table @ 00006534 records: 3, size/record: 4, table size: 12
	index: 0, handler: __TI_decompress_lzss
	index: 1, handler: __TI_decompress_none
	index: 2, handler: __TI_zero_init


GLOBAL SYMBOLS: SORTED ALPHABETICALLY BY Name 

address   name                                       
-------   ----                                       
000012a5  ADC14_IRQHandler                           
000012a5  ADC14_IRQHandler                           
0000588d  ADC14_clearInterruptFlag                   
00003fb9  ADC14_configureConversionMemory            
0000406d  ADC14_configureMultiSequenceMode           
000059fd  ADC14_enableConversion                     
000058bd  ADC14_enableInterrupt                      
00005dd9  ADC14_enableModule                         
00005755  ADC14_enableSampleTimer                    
00005641  ADC14_getEnabledInterruptStatus            
0000594d  ADC14_getInterruptStatus                   
00005a25  ADC14_getResult                            
000050ed  ADC14_initModule                           
00005979  ADC14_toggleConversionTrigger              
00005dd7  AES256_IRQHandler                          
00005dd7  BusFault_Handler                           
00005e29  C$$EXIT                                    
000056a7  C$$IO$$                                    
00005dd7  COMP_E0_IRQHandler                         
00005dd7  COMP_E1_IRQHandler                         
00005de5  CPU_cpsid                                  
00005df1  CPU_cpsie                                  
00005e19  CPU_wfi                                    
00005dd7  CS_IRQHandler                              
00003399  CS_initClockSignal                         
00005789  CS_setDCOCenteredFrequency                 
00000b35  Crystalfontz128x128_Init                   
00000c49  Crystalfontz128x128_SetDrawFrame           
00000d77  Crystalfontz128x128_SetOrientation         
00005dd7  DMA_ERR_IRQHandler                         
00005dd7  DMA_INT0_IRQHandler                        
00005dd7  DMA_INT1_IRQHandler                        
00005dd7  DMA_INT2_IRQHandler                        
00005dd7  DMA_INT3_IRQHandler                        
00005dd7  DebugMon_Handler                           
00005dd7  Default_Handler                            
00005dd7  EUSCIA0_IRQHandler                         
00005dd7  EUSCIA1_IRQHandler                         
00005dd7  EUSCIA2_IRQHandler                         
00005dd7  EUSCIA3_IRQHandler                         
00005dd7  EUSCIB0_IRQHandler                         
00005dd7  EUSCIB1_IRQHandler                         
00005dd7  EUSCIB2_IRQHandler                         
00005dd7  EUSCIB3_IRQHandler                         
00005c89  EUSCI_A_SPI_enable                         
00005c9f  EUSCI_B_SPI_enable                         
00005dd7  FLCTL_IRQHandler                           
00005dd7  FPU_IRQHandler                             
000052d1  FlashCtl_setWaitState                      
00004f8d  GPIO_setAsInputPinWithPullUpResistor       
00005501  GPIO_setAsOutputPin                        
0000461d  GPIO_setAsPeripheralModuleFunctionInputPin 
000046a5  GPIO_setAsPeripheralModuleFunctionOutputPin
00005a4d  GPIO_setOutputHighOnPin                    
00005a75  GPIO_setOutputLowOnPin                     
00005d49  Graphics_clearDisplay                      
00005bf1  Graphics_clearDisplayOnDisplay             
0000257d  Graphics_drawCircle                        
000056b1  Graphics_drawHorizontalLineOnDisplay       
00002cf3  Graphics_drawLine                          
00004325  Graphics_drawLineH                         
000043c1  Graphics_drawLineV                         
00004ed9  Graphics_drawPixel                         
000059a5  Graphics_drawPixelOnDisplay                
00004283  Graphics_drawRectangle                     
00001799  Graphics_drawString                        
00005319  Graphics_drawStringCentered                
000056e7  Graphics_drawVerticalLineOnDisplay         
00003c31  Graphics_getStringWidth                    
00005195  Graphics_initContext                       
00005c0b  Graphics_setBackgroundColor                
00005c25  Graphics_setFont                           
00005cb5  Graphics_setForegroundColor                
00005ccb  Graphics_translateColorOnDisplay           
00003eed  HAL_LCD_PortInit                           
00003f1d  HAL_LCD_SpiInit                            
00003f53  HAL_LCD_writeCommand                       
00003f83  HAL_LCD_writeData                          
000053f1  HOSTclose                                  
00004af5  HOSTlseek                                  
00004dbd  HOSTopen                                   
00004fe5  HOSTread                                   
00004a89  HOSTrename                                 
00005435  HOSTunlink                                 
0000503d  HOSTwrite                                  
00005dd7  HardFault_Handler                          
00005d7d  Interrupt_disableMaster                    
00004839  Interrupt_enableInterrupt                  
00005d8d  Interrupt_enableMaster                     
20000842  Lcd_FlagRead                               
20000843  Lcd_FontSolid                              
20000844  Lcd_Orientation                            
20000845  Lcd_PenSolid                               
2000083c  Lcd_ScreenHeigth                           
2000083e  Lcd_ScreenWidth                            
20000840  Lcd_TouchTrim                              
00005dd7  MemManage_Handler                          
00005dd7  NMI_Handler                                
00005dd7  PCM_IRQHandler                             
00004e1d  PCM_getCoreVoltageLevel                    
00004f33  PCM_getPowerMode                           
00005d0d  PCM_getPowerState                          
00005a9d  PCM_gotoLPM0                               
00005d9d  PCM_setCoreVoltageLevel                    
00005dad  PCM_setPowerMode                           
00005dd7  PORT1_IRQHandler                           
00005dd7  PORT2_IRQHandler                           
00005dd7  PORT3_IRQHandler                           
00005dd7  PORT4_IRQHandler                           
00005dd7  PORT5_IRQHandler                           
00005dd7  PORT6_IRQHandler                           
00005dd7  PSS_IRQHandler                             
00005dd7  PendSV_Handler                             
00005dd7  RTC_C_IRQHandler                           
00005dcb  Reset_Handler                              
00005b81  SPI_enableModule                           
000041d3  SPI_initMaster                             
00005dd7  SVC_Handler                                
00005dd7  SysTick_Handler                            
20000650  SystemCoreClock                            
00001fd9  SystemCoreClockUpdate                      
00002251  SystemInit                                 
00005dd7  T32_INT1_IRQHandler                        
00005dd7  T32_INT2_IRQHandler                        
00005dd7  T32_INTC_IRQHandler                        
00005dd7  TA0_0_IRQHandler                           
00005dd7  TA0_N_IRQHandler                           
00005dd7  TA1_0_IRQHandler                           
00005dd7  TA1_N_IRQHandler                           
00005dd7  TA2_0_IRQHandler                           
00005dd7  TA2_N_IRQHandler                           
00005dd7  TA3_0_IRQHandler                           
00005dd7  TA3_N_IRQHandler                           
00001c3d  UART_SendString                            
00005ce1  UART_enableModule                          
00001c19  UART_init                                  
000035ed  UART_initModule                            
000057bd  UART_transmitData                          
00005dd7  UsageFault_Handler                         
4000480c  WDTCTL_SYM                                 
00005dd7  WDT_A_IRQHandler                           
00005b3d  WDT_A_holdTimer                            
200005c4  WriteBackward                              
200005cc  WriteCamera                                
200005dc  WriteCleft                                 
200005e0  WriteCright                                
200005b8  WriteDefault                               
200005d8  WriteDown                                  
200005bc  WriteForward                               
200005c8  WriteLeft                                  
200005e4  WriteMiddle                                
200005c0  WriteRight                                 
200005d0  WriteTank                                  
200005d4  WriteUp                                    
20000654  __CIOBUF_                                  
20010000  __STACK_END                                
00000200  __STACK_SIZE                               
00000400  __SYSMEM_SIZE                              
00006548  __TI_CINIT_Base                            
00006558  __TI_CINIT_Limit                           
00006534  __TI_Handler_Table_Base                    
00006540  __TI_Handler_Table_Limit                   
00005479  __TI_auto_init_nobinit_nopinit             
000057f1  __TI_cleanup                               
20000630  __TI_cleanup_ptr                           
00004935  __TI_closefile                             
00004b5d  __TI_decompress_lzss                       
00005dbd  __TI_decompress_none                       
00005239  __TI_doflush                               
20000634  __TI_dtors_ptr                             
20000638  __TI_enable_exit_profile_output            
20000620  __TI_ft_end                                
00005141  __TI_ltoa                                  
ffffffff  __TI_pprof_out_hndl                        
000000e5  __TI_printfi                               
ffffffff  __TI_prof_data_size                        
ffffffff  __TI_prof_data_start                       
00005825  __TI_readmsg                               
00000000  __TI_static_base__                         
20000774  __TI_tmpnams                               
00005679  __TI_writemsg                              
00004d59  __TI_wrt_ok                                
00005b9d  __TI_zero_init_nomemset                    
0000472d  __aeabi_cdcmpeq                            
0000472d  __aeabi_cdcmple                            
000047b3  __aeabi_cdrcmple                           
000053a9  __aeabi_d2iz                               
000029c7  __aeabi_dadd                               
00003261  __aeabi_ddiv                               
00003b35  __aeabi_dmul                               
000029bd  __aeabi_dsub                               
00005e09  __aeabi_errno_addr                         
0000591d  __aeabi_i2d                                
00001c17  __aeabi_idiv0                              
00001c17  __aeabi_ldiv0                              
000048b9  __aeabi_memclr                             
000048b9  __aeabi_memclr4                            
000048b9  __aeabi_memclr8                            
0000445d  __aeabi_memcpy                             
0000445d  __aeabi_memcpy4                            
0000445d  __aeabi_memcpy8                            
000048bb  __aeabi_memset                             
000048bb  __aeabi_memset4                            
000048bb  __aeabi_memset8                            
2000062c  __aeabi_stderr                             
20000624  __aeabi_stdin                              
20000628  __aeabi_stdout                             
000044f9  __aeabi_uldivmod                           
ffffffff  __binit__                                  
ffffffff  __c_args__                                 
UNDEFED   __mpu_init                                 
2000fe00  __stack                                    
20000000  __start___llvm_prf_cnts                    
20000000  __stop___llvm_prf_cnts                     
00001e95  _adcInit                                   
00005859  _c_int00_noargs                            
00006124  _ctypes_                                   
200004f0  _device                                    
20000400  _ftable                                    
00001e53  _graphicsInit                              
00001f31  _hwInit                                    
2000063c  _lock                                      
00000b33  _nop                                       
20000568  _stream                                    
20000000  _sys_memory                                
UNDEFED   _system_post_cinit                         
00005e25  _system_pre_init                           
20000640  _unlock                                    
00005e29  abort                                      
00003a35  aligned_alloc                              
00005285  atoi                                       
ffffffff  binit                                      
200005fc  button2PrevState                           
200005f8  button2Toggle                              
20000604  button3PrevState                           
20000600  button3Toggle                              
00004e7d  close                                      
200005eb  commandBackwards                           
200005e9  commandCamera                              
200005f2  commandCleft                               
200005f1  commandCright                              
200005ee  commandDefault                             
200005f0  commandDown                                
200005ea  commandForward                             
200005ed  commandLeft                                
200005f3  commandMiddle                              
200005ec  commandRight                               
200005e8  commandTank                                
200005ef  commandUp                                  
00005c3f  copysign                                   
00005c3f  copysignl                                  
000011b5  drawCar                                    
2000064c  errno                                      
00005361  exit                                       
000058ed  finddevice                                 
00001231  fn_IMAGE                                   
00004591  fputc                                      
00003709  fputs                                      
00003d2d  free                                       
00004c91  frexp                                      
00004c91  frexpl                                     
00004cf5  fseek                                      
20000814  g_sContext                                 
20000610  g_sCrystalfontz128x128                     
00006428  g_sCrystalfontz128x128_funcs               
00006228  g_sFontFixed6x8                            
000054bd  getdevice                                  
00000000  interruptVectors                           
0000381d  ldexp                                      
0000381d  ldexpl                                     
00005aed  lseek                                      
00001251  main                                       
00005e11  malloc                                     
00003a35  memalign                                   
00005bd5  memccpy                                    
00005b61  memchr                                     
0000445d  memcpy                                     
000048c1  memset                                     
200005f4  mode                                       
20000830  parmbuf                                    
00004bc5  printf                                     
00004591  putc                                       
000059d1  remove                                     
00001c7d  resetCommandsCamera                        
00001c5d  resetCommandsTank                          
20000838  resultsBuffer                              
0000381d  scalbn                                     
0000381d  scalbnl                                    
00001e19  sendAlternateMessage                       
00001d5b  sendOnceCamera                             
00001c9d  sendOnceTank                               
00003e11  setvbuf                                    
000055c1  sprintf                                    
00005cf7  strchr                                     
00005c71  strcmp                                     
00005d21  strcpy                                     
00005d35  strlen                                     
0000571d  strncpy                                    
00006400  uartConfig                                 
000059d1  unlink                                     
00005d5b  wcslen                                     
00005b15  write                                      
20000608  x                                          
2000060c  y                                          


GLOBAL SYMBOLS: SORTED BY Symbol Address 

address   name                                       
-------   ----                                       
00000000  __TI_static_base__                         
00000000  interruptVectors                           
000000e5  __TI_printfi                               
00000200  __STACK_SIZE                               
00000400  __SYSMEM_SIZE                              
00000b33  _nop                                       
00000b35  Crystalfontz128x128_Init                   
00000c49  Crystalfontz128x128_SetDrawFrame           
00000d77  Crystalfontz128x128_SetOrientation         
000011b5  drawCar                                    
00001231  fn_IMAGE                                   
00001251  main                                       
000012a5  ADC14_IRQHandler                           
000012a5  ADC14_IRQHandler                           
00001799  Graphics_drawString                        
00001c17  __aeabi_idiv0                              
00001c17  __aeabi_ldiv0                              
00001c19  UART_init                                  
00001c3d  UART_SendString                            
00001c5d  resetCommandsTank                          
00001c7d  resetCommandsCamera                        
00001c9d  sendOnceTank                               
00001d5b  sendOnceCamera                             
00001e19  sendAlternateMessage                       
00001e53  _graphicsInit                              
00001e95  _adcInit                                   
00001f31  _hwInit                                    
00001fd9  SystemCoreClockUpdate                      
00002251  SystemInit                                 
0000257d  Graphics_drawCircle                        
000029bd  __aeabi_dsub                               
000029c7  __aeabi_dadd                               
00002cf3  Graphics_drawLine                          
00003261  __aeabi_ddiv                               
00003399  CS_initClockSignal                         
000035ed  UART_initModule                            
00003709  fputs                                      
0000381d  ldexp                                      
0000381d  ldexpl                                     
0000381d  scalbn                                     
0000381d  scalbnl                                    
00003a35  aligned_alloc                              
00003a35  memalign                                   
00003b35  __aeabi_dmul                               
00003c31  Graphics_getStringWidth                    
00003d2d  free                                       
00003e11  setvbuf                                    
00003eed  HAL_LCD_PortInit                           
00003f1d  HAL_LCD_SpiInit                            
00003f53  HAL_LCD_writeCommand                       
00003f83  HAL_LCD_writeData                          
00003fb9  ADC14_configureConversionMemory            
0000406d  ADC14_configureMultiSequenceMode           
000041d3  SPI_initMaster                             
00004283  Graphics_drawRectangle                     
00004325  Graphics_drawLineH                         
000043c1  Graphics_drawLineV                         
0000445d  __aeabi_memcpy                             
0000445d  __aeabi_memcpy4                            
0000445d  __aeabi_memcpy8                            
0000445d  memcpy                                     
000044f9  __aeabi_uldivmod                           
00004591  fputc                                      
00004591  putc                                       
0000461d  GPIO_setAsPeripheralModuleFunctionInputPin 
000046a5  GPIO_setAsPeripheralModuleFunctionOutputPin
0000472d  __aeabi_cdcmpeq                            
0000472d  __aeabi_cdcmple                            
000047b3  __aeabi_cdrcmple                           
00004839  Interrupt_enableInterrupt                  
000048b9  __aeabi_memclr                             
000048b9  __aeabi_memclr4                            
000048b9  __aeabi_memclr8                            
000048bb  __aeabi_memset                             
000048bb  __aeabi_memset4                            
000048bb  __aeabi_memset8                            
000048c1  memset                                     
00004935  __TI_closefile                             
00004a89  HOSTrename                                 
00004af5  HOSTlseek                                  
00004b5d  __TI_decompress_lzss                       
00004bc5  printf                                     
00004c91  frexp                                      
00004c91  frexpl                                     
00004cf5  fseek                                      
00004d59  __TI_wrt_ok                                
00004dbd  HOSTopen                                   
00004e1d  PCM_getCoreVoltageLevel                    
00004e7d  close                                      
00004ed9  Graphics_drawPixel                         
00004f33  PCM_getPowerMode                           
00004f8d  GPIO_setAsInputPinWithPullUpResistor       
00004fe5  HOSTread                                   
0000503d  HOSTwrite                                  
000050ed  ADC14_initModule                           
00005141  __TI_ltoa                                  
00005195  Graphics_initContext                       
00005239  __TI_doflush                               
00005285  atoi                                       
000052d1  FlashCtl_setWaitState                      
00005319  Graphics_drawStringCentered                
00005361  exit                                       
000053a9  __aeabi_d2iz                               
000053f1  HOSTclose                                  
00005435  HOSTunlink                                 
00005479  __TI_auto_init_nobinit_nopinit             
000054bd  getdevice                                  
00005501  GPIO_setAsOutputPin                        
000055c1  sprintf                                    
00005641  ADC14_getEnabledInterruptStatus            
00005679  __TI_writemsg                              
000056a7  C$$IO$$                                    
000056b1  Graphics_drawHorizontalLineOnDisplay       
000056e7  Graphics_drawVerticalLineOnDisplay         
0000571d  strncpy                                    
00005755  ADC14_enableSampleTimer                    
00005789  CS_setDCOCenteredFrequency                 
000057bd  UART_transmitData                          
000057f1  __TI_cleanup                               
00005825  __TI_readmsg                               
00005859  _c_int00_noargs                            
0000588d  ADC14_clearInterruptFlag                   
000058bd  ADC14_enableInterrupt                      
000058ed  finddevice                                 
0000591d  __aeabi_i2d                                
0000594d  ADC14_getInterruptStatus                   
00005979  ADC14_toggleConversionTrigger              
000059a5  Graphics_drawPixelOnDisplay                
000059d1  remove                                     
000059d1  unlink                                     
000059fd  ADC14_enableConversion                     
00005a25  ADC14_getResult                            
00005a4d  GPIO_setOutputHighOnPin                    
00005a75  GPIO_setOutputLowOnPin                     
00005a9d  PCM_gotoLPM0                               
00005aed  lseek                                      
00005b15  write                                      
00005b3d  WDT_A_holdTimer                            
00005b61  memchr                                     
00005b81  SPI_enableModule                           
00005b9d  __TI_zero_init_nomemset                    
00005bd5  memccpy                                    
00005bf1  Graphics_clearDisplayOnDisplay             
00005c0b  Graphics_setBackgroundColor                
00005c25  Graphics_setFont                           
00005c3f  copysign                                   
00005c3f  copysignl                                  
00005c71  strcmp                                     
00005c89  EUSCI_A_SPI_enable                         
00005c9f  EUSCI_B_SPI_enable                         
00005cb5  Graphics_setForegroundColor                
00005ccb  Graphics_translateColorOnDisplay           
00005ce1  UART_enableModule                          
00005cf7  strchr                                     
00005d0d  PCM_getPowerState                          
00005d21  strcpy                                     
00005d35  strlen                                     
00005d49  Graphics_clearDisplay                      
00005d5b  wcslen                                     
00005d7d  Interrupt_disableMaster                    
00005d8d  Interrupt_enableMaster                     
00005d9d  PCM_setCoreVoltageLevel                    
00005dad  PCM_setPowerMode                           
00005dbd  __TI_decompress_none                       
00005dcb  Reset_Handler                              
00005dd7  AES256_IRQHandler                          
00005dd7  BusFault_Handler                           
00005dd7  COMP_E0_IRQHandler                         
00005dd7  COMP_E1_IRQHandler                         
00005dd7  CS_IRQHandler                              
00005dd7  DMA_ERR_IRQHandler                         
00005dd7  DMA_INT0_IRQHandler                        
00005dd7  DMA_INT1_IRQHandler                        
00005dd7  DMA_INT2_IRQHandler                        
00005dd7  DMA_INT3_IRQHandler                        
00005dd7  DebugMon_Handler                           
00005dd7  Default_Handler                            
00005dd7  EUSCIA0_IRQHandler                         
00005dd7  EUSCIA1_IRQHandler                         
00005dd7  EUSCIA2_IRQHandler                         
00005dd7  EUSCIA3_IRQHandler                         
00005dd7  EUSCIB0_IRQHandler                         
00005dd7  EUSCIB1_IRQHandler                         
00005dd7  EUSCIB2_IRQHandler                         
00005dd7  EUSCIB3_IRQHandler                         
00005dd7  FLCTL_IRQHandler                           
00005dd7  FPU_IRQHandler                             
00005dd7  HardFault_Handler                          
00005dd7  MemManage_Handler                          
00005dd7  NMI_Handler                                
00005dd7  PCM_IRQHandler                             
00005dd7  PORT1_IRQHandler                           
00005dd7  PORT2_IRQHandler                           
00005dd7  PORT3_IRQHandler                           
00005dd7  PORT4_IRQHandler                           
00005dd7  PORT5_IRQHandler                           
00005dd7  PORT6_IRQHandler                           
00005dd7  PSS_IRQHandler                             
00005dd7  PendSV_Handler                             
00005dd7  RTC_C_IRQHandler                           
00005dd7  SVC_Handler                                
00005dd7  SysTick_Handler                            
00005dd7  T32_INT1_IRQHandler                        
00005dd7  T32_INT2_IRQHandler                        
00005dd7  T32_INTC_IRQHandler                        
00005dd7  TA0_0_IRQHandler                           
00005dd7  TA0_N_IRQHandler                           
00005dd7  TA1_0_IRQHandler                           
00005dd7  TA1_N_IRQHandler                           
00005dd7  TA2_0_IRQHandler                           
00005dd7  TA2_N_IRQHandler                           
00005dd7  TA3_0_IRQHandler                           
00005dd7  TA3_N_IRQHandler                           
00005dd7  UsageFault_Handler                         
00005dd7  WDT_A_IRQHandler                           
00005dd9  ADC14_enableModule                         
00005de5  CPU_cpsid                                  
00005df1  CPU_cpsie                                  
00005e09  __aeabi_errno_addr                         
00005e11  malloc                                     
00005e19  CPU_wfi                                    
00005e25  _system_pre_init                           
00005e29  C$$EXIT                                    
00005e29  abort                                      
00006124  _ctypes_                                   
00006228  g_sFontFixed6x8                            
00006400  uartConfig                                 
00006428  g_sCrystalfontz128x128_funcs               
00006534  __TI_Handler_Table_Base                    
00006540  __TI_Handler_Table_Limit                   
00006548  __TI_CINIT_Base                            
00006558  __TI_CINIT_Limit                           
20000000  __start___llvm_prf_cnts                    
20000000  __stop___llvm_prf_cnts                     
20000000  _sys_memory                                
20000400  _ftable                                    
200004f0  _device                                    
20000568  _stream                                    
200005b8  WriteDefault                               
200005bc  WriteForward                               
200005c0  WriteRight                                 
200005c4  WriteBackward                              
200005c8  WriteLeft                                  
200005cc  WriteCamera                                
200005d0  WriteTank                                  
200005d4  WriteUp                                    
200005d8  WriteDown                                  
200005dc  WriteCleft                                 
200005e0  WriteCright                                
200005e4  WriteMiddle                                
200005e8  commandTank                                
200005e9  commandCamera                              
200005ea  commandForward                             
200005eb  commandBackwards                           
200005ec  commandRight                               
200005ed  commandLeft                                
200005ee  commandDefault                             
200005ef  commandUp                                  
200005f0  commandDown                                
200005f1  commandCright                              
200005f2  commandCleft                               
200005f3  commandMiddle                              
200005f4  mode                                       
200005f8  button2Toggle                              
200005fc  button2PrevState                           
20000600  button3Toggle                              
20000604  button3PrevState                           
20000608  x                                          
2000060c  y                                          
20000610  g_sCrystalfontz128x128                     
20000620  __TI_ft_end                                
20000624  __aeabi_stdin                              
20000628  __aeabi_stdout                             
2000062c  __aeabi_stderr                             
20000630  __TI_cleanup_ptr                           
20000634  __TI_dtors_ptr                             
20000638  __TI_enable_exit_profile_output            
2000063c  _lock                                      
20000640  _unlock                                    
2000064c  errno                                      
20000650  SystemCoreClock                            
20000654  __CIOBUF_                                  
20000774  __TI_tmpnams                               
20000814  g_sContext                                 
20000830  parmbuf                                    
20000838  resultsBuffer                              
2000083c  Lcd_ScreenHeigth                           
2000083e  Lcd_ScreenWidth                            
20000840  Lcd_TouchTrim                              
20000842  Lcd_FlagRead                               
20000843  Lcd_FontSolid                              
20000844  Lcd_Orientation                            
20000845  Lcd_PenSolid                               
2000fe00  __stack                                    
20010000  __STACK_END                                
4000480c  WDTCTL_SYM                                 
ffffffff  __TI_pprof_out_hndl                        
ffffffff  __TI_prof_data_size                        
ffffffff  __TI_prof_data_start                       
ffffffff  __binit__                                  
ffffffff  __c_args__                                 
ffffffff  binit                                      
UNDEFED   __mpu_init                                 
UNDEFED   _system_post_cinit                         

[304 symbols]
