<?xml version="1.0" encoding="ISO-8859-1" ?>
<link_info>
   <banner>TI ARM Linker PC v20.2.7.LTS</banner>
   <copyright>Copyright (c) 1996-2018 Texas Instruments Incorporated</copyright>
   <link_time>0x679b5dbc</link_time>
   <link_errors>0x0</link_errors>
   <output_file>MSP + ESP FINAL.out</output_file>
   <entry_point>
      <name>_c_int00_noargs</name>
      <address>0x5859</address>
   </entry_point>
   <input_file_list>
      <input_file id="fl-2">
         <path>.\</path>
         <kind>object</kind>
         <file>functions.obj</file>
         <name>functions.obj</name>
      </input_file>
      <input_file id="fl-3">
         <path>.\</path>
         <kind>object</kind>
         <file>main.obj</file>
         <name>main.obj</name>
      </input_file>
      <input_file id="fl-4">
         <path>.\</path>
         <kind>object</kind>
         <file>startup_msp432p401r_ccs.obj</file>
         <name>startup_msp432p401r_ccs.obj</name>
      </input_file>
      <input_file id="fl-5">
         <path>.\</path>
         <kind>object</kind>
         <file>system_msp432p401r.obj</file>
         <name>system_msp432p401r.obj</name>
      </input_file>
      <input_file id="fl-6">
         <path>.\LcdDriver\</path>
         <kind>object</kind>
         <file>Crystalfontz128x128_ST7735.obj</file>
         <name>Crystalfontz128x128_ST7735.obj</name>
      </input_file>
      <input_file id="fl-7">
         <path>.\LcdDriver\</path>
         <kind>object</kind>
         <file>HAL_MSP_EXP432P401R_Crystalfontz128x128_ST7735.obj</file>
         <name>HAL_MSP_EXP432P401R_Crystalfontz128x128_ST7735.obj</name>
      </input_file>
      <input_file id="fl-d">
         <kind>object</kind>
         <file>&lt;internal&gt;</file>
         <name>&lt;internal&gt;</name>
      </input_file>
      <input_file id="fl-c3">
         <path>C:\ti\ccs1271\ccs\tools\compiler\ti-cgt-arm_20.2.7.LTS\lib\</path>
         <kind>archive</kind>
         <file>rtsv7M4_T_le_v4SPD16_eabi.lib</file>
         <name>printf.c.obj</name>
      </input_file>
      <input_file id="fl-c4">
         <path>C:\ti\ccs1271\ccs\tools\compiler\ti-cgt-arm_20.2.7.LTS\lib\</path>
         <kind>archive</kind>
         <file>rtsv7M4_T_le_v4SPD16_eabi.lib</file>
         <name>_printfi.c.obj</name>
      </input_file>
      <input_file id="fl-c5">
         <path>C:\ti\ccs1271\ccs\tools\compiler\ti-cgt-arm_20.2.7.LTS\lib\</path>
         <kind>archive</kind>
         <file>rtsv7M4_T_le_v4SPD16_eabi.lib</file>
         <name>sprintf.c.obj</name>
      </input_file>
      <input_file id="fl-c6">
         <path>C:\ti\ccs1271\ccs\tools\compiler\ti-cgt-arm_20.2.7.LTS\lib\</path>
         <kind>archive</kind>
         <file>rtsv7M4_T_le_v4SPD16_eabi.lib</file>
         <name>fputc.c.obj</name>
      </input_file>
      <input_file id="fl-c7">
         <path>C:\ti\ccs1271\ccs\tools\compiler\ti-cgt-arm_20.2.7.LTS\lib\</path>
         <kind>archive</kind>
         <file>rtsv7M4_T_le_v4SPD16_eabi.lib</file>
         <name>fputs.c.obj</name>
      </input_file>
      <input_file id="fl-c8">
         <path>C:\ti\ccs1271\ccs\tools\compiler\ti-cgt-arm_20.2.7.LTS\lib\</path>
         <kind>archive</kind>
         <file>rtsv7M4_T_le_v4SPD16_eabi.lib</file>
         <name>_io_perm.c.obj</name>
      </input_file>
      <input_file id="fl-c9">
         <path>C:\ti\ccs1271\ccs\tools\compiler\ti-cgt-arm_20.2.7.LTS\lib\</path>
         <kind>archive</kind>
         <file>rtsv7M4_T_le_v4SPD16_eabi.lib</file>
         <name>setvbuf.c.obj</name>
      </input_file>
      <input_file id="fl-ca">
         <path>C:\ti\ccs1271\ccs\tools\compiler\ti-cgt-arm_20.2.7.LTS\lib\</path>
         <kind>archive</kind>
         <file>rtsv7M4_T_le_v4SPD16_eabi.lib</file>
         <name>fd_add_t2.asm.obj</name>
      </input_file>
      <input_file id="fl-cb">
         <path>C:\ti\ccs1271\ccs\tools\compiler\ti-cgt-arm_20.2.7.LTS\lib\</path>
         <kind>archive</kind>
         <file>rtsv7M4_T_le_v4SPD16_eabi.lib</file>
         <name>fd_cmp_t2.asm.obj</name>
      </input_file>
      <input_file id="fl-cc">
         <path>C:\ti\ccs1271\ccs\tools\compiler\ti-cgt-arm_20.2.7.LTS\lib\</path>
         <kind>archive</kind>
         <file>rtsv7M4_T_le_v4SPD16_eabi.lib</file>
         <name>fd_div_t2.asm.obj</name>
      </input_file>
      <input_file id="fl-cd">
         <path>C:\ti\ccs1271\ccs\tools\compiler\ti-cgt-arm_20.2.7.LTS\lib\</path>
         <kind>archive</kind>
         <file>rtsv7M4_T_le_v4SPD16_eabi.lib</file>
         <name>fd_mul_t2.asm.obj</name>
      </input_file>
      <input_file id="fl-ce">
         <path>C:\ti\ccs1271\ccs\tools\compiler\ti-cgt-arm_20.2.7.LTS\lib\</path>
         <kind>archive</kind>
         <file>rtsv7M4_T_le_v4SPD16_eabi.lib</file>
         <name>fd_toi_t2.asm.obj</name>
      </input_file>
      <input_file id="fl-cf">
         <path>C:\ti\ccs1271\ccs\tools\compiler\ti-cgt-arm_20.2.7.LTS\lib\</path>
         <kind>archive</kind>
         <file>rtsv7M4_T_le_v4SPD16_eabi.lib</file>
         <name>i_tofd_t2.asm.obj</name>
      </input_file>
      <input_file id="fl-d0">
         <path>C:\ti\ccs1271\ccs\tools\compiler\ti-cgt-arm_20.2.7.LTS\lib\</path>
         <kind>archive</kind>
         <file>rtsv7M4_T_le_v4SPD16_eabi.lib</file>
         <name>memcpy_t2.asm.obj</name>
      </input_file>
      <input_file id="fl-d1">
         <path>C:\ti\ccs1271\ccs\tools\compiler\ti-cgt-arm_20.2.7.LTS\lib\</path>
         <kind>archive</kind>
         <file>rtsv7M4_T_le_v4SPD16_eabi.lib</file>
         <name>memset_t2.asm.obj</name>
      </input_file>
      <input_file id="fl-d2">
         <path>C:\ti\ccs1271\ccs\tools\compiler\ti-cgt-arm_20.2.7.LTS\lib\</path>
         <kind>archive</kind>
         <file>rtsv7M4_T_le_v4SPD16_eabi.lib</file>
         <name>ull_div_t2.asm.obj</name>
      </input_file>
      <input_file id="fl-d3">
         <path>C:\ti\ccs1271\ccs\tools\compiler\ti-cgt-arm_20.2.7.LTS\lib\</path>
         <kind>archive</kind>
         <file>rtsv7M4_T_le_v4SPD16_eabi.lib</file>
         <name>copy_zero_init.c.obj</name>
      </input_file>
      <input_file id="fl-d4">
         <path>C:\ti\ccs1271\ccs\tools\compiler\ti-cgt-arm_20.2.7.LTS\lib\</path>
         <kind>archive</kind>
         <file>rtsv7M4_T_le_v4SPD16_eabi.lib</file>
         <name>copy_decompress_none.c.obj</name>
      </input_file>
      <input_file id="fl-d5">
         <path>C:\ti\ccs1271\ccs\tools\compiler\ti-cgt-arm_20.2.7.LTS\lib\</path>
         <kind>archive</kind>
         <file>rtsv7M4_T_le_v4SPD16_eabi.lib</file>
         <name>copy_decompress_lzss.c.obj</name>
      </input_file>
      <input_file id="fl-d6">
         <path>C:\ti\ccs1271\ccs\tools\compiler\ti-cgt-arm_20.2.7.LTS\lib\</path>
         <kind>archive</kind>
         <file>rtsv7M4_T_le_v4SPD16_eabi.lib</file>
         <name>exit.c.obj</name>
      </input_file>
      <input_file id="fl-d7">
         <path>C:\ti\ccs1271\ccs\tools\compiler\ti-cgt-arm_20.2.7.LTS\lib\</path>
         <kind>archive</kind>
         <file>rtsv7M4_T_le_v4SPD16_eabi.lib</file>
         <name>_lock.c.obj</name>
      </input_file>
      <input_file id="fl-d8">
         <path>C:\ti\ccs1271\ccs\tools\compiler\ti-cgt-arm_20.2.7.LTS\lib\</path>
         <kind>archive</kind>
         <file>rtsv7M4_T_le_v4SPD16_eabi.lib</file>
         <name>_ltoa.c.obj</name>
      </input_file>
      <input_file id="fl-d9">
         <path>C:\ti\ccs1271\ccs\tools\compiler\ti-cgt-arm_20.2.7.LTS\lib\</path>
         <kind>archive</kind>
         <file>rtsv7M4_T_le_v4SPD16_eabi.lib</file>
         <name>atoi.c.obj</name>
      </input_file>
      <input_file id="fl-da">
         <path>C:\ti\ccs1271\ccs\tools\compiler\ti-cgt-arm_20.2.7.LTS\lib\</path>
         <kind>archive</kind>
         <file>rtsv7M4_T_le_v4SPD16_eabi.lib</file>
         <name>ctype.c.obj</name>
      </input_file>
      <input_file id="fl-db">
         <path>C:\ti\ccs1271\ccs\tools\compiler\ti-cgt-arm_20.2.7.LTS\lib\</path>
         <kind>archive</kind>
         <file>rtsv7M4_T_le_v4SPD16_eabi.lib</file>
         <name>defs.c.obj</name>
      </input_file>
      <input_file id="fl-dc">
         <path>C:\ti\ccs1271\ccs\tools\compiler\ti-cgt-arm_20.2.7.LTS\lib\</path>
         <kind>archive</kind>
         <file>rtsv7M4_T_le_v4SPD16_eabi.lib</file>
         <name>memccpy.c.obj</name>
      </input_file>
      <input_file id="fl-dd">
         <path>C:\ti\ccs1271\ccs\tools\compiler\ti-cgt-arm_20.2.7.LTS\lib\</path>
         <kind>archive</kind>
         <file>rtsv7M4_T_le_v4SPD16_eabi.lib</file>
         <name>memchr.c.obj</name>
      </input_file>
      <input_file id="fl-de">
         <path>C:\ti\ccs1271\ccs\tools\compiler\ti-cgt-arm_20.2.7.LTS\lib\</path>
         <kind>archive</kind>
         <file>rtsv7M4_T_le_v4SPD16_eabi.lib</file>
         <name>memory.c.obj</name>
      </input_file>
      <input_file id="fl-df">
         <path>C:\ti\ccs1271\ccs\tools\compiler\ti-cgt-arm_20.2.7.LTS\lib\</path>
         <kind>archive</kind>
         <file>rtsv7M4_T_le_v4SPD16_eabi.lib</file>
         <name>strchr.c.obj</name>
      </input_file>
      <input_file id="fl-e0">
         <path>C:\ti\ccs1271\ccs\tools\compiler\ti-cgt-arm_20.2.7.LTS\lib\</path>
         <kind>archive</kind>
         <file>rtsv7M4_T_le_v4SPD16_eabi.lib</file>
         <name>strcmp.c.obj</name>
      </input_file>
      <input_file id="fl-e1">
         <path>C:\ti\ccs1271\ccs\tools\compiler\ti-cgt-arm_20.2.7.LTS\lib\</path>
         <kind>archive</kind>
         <file>rtsv7M4_T_le_v4SPD16_eabi.lib</file>
         <name>strlen.c.obj</name>
      </input_file>
      <input_file id="fl-e2">
         <path>C:\ti\ccs1271\ccs\tools\compiler\ti-cgt-arm_20.2.7.LTS\lib\</path>
         <kind>archive</kind>
         <file>rtsv7M4_T_le_v4SPD16_eabi.lib</file>
         <name>boot_cortex_m.c.obj</name>
      </input_file>
      <input_file id="fl-e3">
         <path>C:\ti\ccs1271\ccs\tools\compiler\ti-cgt-arm_20.2.7.LTS\lib\</path>
         <kind>archive</kind>
         <file>rtsv7M4_T_le_v4SPD16_eabi.lib</file>
         <name>write.c.obj</name>
      </input_file>
      <input_file id="fl-e4">
         <path>C:\ti\ccs1271\ccs\tools\compiler\ti-cgt-arm_20.2.7.LTS\lib\</path>
         <kind>archive</kind>
         <file>rtsv7M4_T_le_v4SPD16_eabi.lib</file>
         <name>host_device.c.obj</name>
      </input_file>
      <input_file id="fl-e5">
         <path>C:\ti\ccs1271\ccs\tools\compiler\ti-cgt-arm_20.2.7.LTS\lib\</path>
         <kind>archive</kind>
         <file>rtsv7M4_T_le_v4SPD16_eabi.lib</file>
         <name>errno.c.obj</name>
      </input_file>
      <input_file id="fl-e6">
         <path>C:\ti\ccs1271\ccs\tools\compiler\ti-cgt-arm_20.2.7.LTS\lib\</path>
         <kind>archive</kind>
         <file>rtsv7M4_T_le_v4SPD16_eabi.lib</file>
         <name>wcslen.c.obj</name>
      </input_file>
      <input_file id="fl-e7">
         <path>C:\ti\ccs1271\ccs\tools\compiler\ti-cgt-arm_20.2.7.LTS\lib\</path>
         <kind>archive</kind>
         <file>rtsv7M4_T_le_v4SPD16_eabi.lib</file>
         <name>s_frexp.c.obj</name>
      </input_file>
      <input_file id="fl-e8">
         <path>C:\ti\ccs1271\ccs\tools\compiler\ti-cgt-arm_20.2.7.LTS\lib\</path>
         <kind>archive</kind>
         <file>rtsv7M4_T_le_v4SPD16_eabi.lib</file>
         <name>s_scalbn.c.obj</name>
      </input_file>
      <input_file id="fl-e9">
         <path>C:\ti\ccs1271\ccs\tools\compiler\ti-cgt-arm_20.2.7.LTS\lib\</path>
         <kind>archive</kind>
         <file>rtsv7M4_T_le_v4SPD16_eabi.lib</file>
         <name>fflush.c.obj</name>
      </input_file>
      <input_file id="fl-ea">
         <path>C:\ti\ccs1271\ccs\tools\compiler\ti-cgt-arm_20.2.7.LTS\lib\</path>
         <kind>archive</kind>
         <file>rtsv7M4_T_le_v4SPD16_eabi.lib</file>
         <name>fopen.c.obj</name>
      </input_file>
      <input_file id="fl-eb">
         <path>C:\ti\ccs1271\ccs\tools\compiler\ti-cgt-arm_20.2.7.LTS\lib\</path>
         <kind>archive</kind>
         <file>rtsv7M4_T_le_v4SPD16_eabi.lib</file>
         <name>fseek.c.obj</name>
      </input_file>
      <input_file id="fl-ec">
         <path>C:\ti\ccs1271\ccs\tools\compiler\ti-cgt-arm_20.2.7.LTS\lib\</path>
         <kind>archive</kind>
         <file>rtsv7M4_T_le_v4SPD16_eabi.lib</file>
         <name>div0.asm.obj</name>
      </input_file>
      <input_file id="fl-ed">
         <path>C:\ti\ccs1271\ccs\tools\compiler\ti-cgt-arm_20.2.7.LTS\lib\</path>
         <kind>archive</kind>
         <file>rtsv7M4_T_le_v4SPD16_eabi.lib</file>
         <name>autoinit.c.obj</name>
      </input_file>
      <input_file id="fl-ee">
         <path>C:\ti\ccs1271\ccs\tools\compiler\ti-cgt-arm_20.2.7.LTS\lib\</path>
         <kind>archive</kind>
         <file>rtsv7M4_T_le_v4SPD16_eabi.lib</file>
         <name>pre_init.c.obj</name>
      </input_file>
      <input_file id="fl-ef">
         <path>C:\ti\ccs1271\ccs\tools\compiler\ti-cgt-arm_20.2.7.LTS\lib\</path>
         <kind>archive</kind>
         <file>rtsv7M4_T_le_v4SPD16_eabi.lib</file>
         <name>cpy_tbl.c.obj</name>
      </input_file>
      <input_file id="fl-f0">
         <path>C:\ti\ccs1271\ccs\tools\compiler\ti-cgt-arm_20.2.7.LTS\lib\</path>
         <kind>archive</kind>
         <file>rtsv7M4_T_le_v4SPD16_eabi.lib</file>
         <name>args_main.c.obj</name>
      </input_file>
      <input_file id="fl-f1">
         <path>C:\ti\ccs1271\ccs\tools\compiler\ti-cgt-arm_20.2.7.LTS\lib\</path>
         <kind>archive</kind>
         <file>rtsv7M4_T_le_v4SPD16_eabi.lib</file>
         <name>hostclose.c.obj</name>
      </input_file>
      <input_file id="fl-f2">
         <path>C:\ti\ccs1271\ccs\tools\compiler\ti-cgt-arm_20.2.7.LTS\lib\</path>
         <kind>archive</kind>
         <file>rtsv7M4_T_le_v4SPD16_eabi.lib</file>
         <name>hostlseek.c.obj</name>
      </input_file>
      <input_file id="fl-f3">
         <path>C:\ti\ccs1271\ccs\tools\compiler\ti-cgt-arm_20.2.7.LTS\lib\</path>
         <kind>archive</kind>
         <file>rtsv7M4_T_le_v4SPD16_eabi.lib</file>
         <name>hostopen.c.obj</name>
      </input_file>
      <input_file id="fl-f4">
         <path>C:\ti\ccs1271\ccs\tools\compiler\ti-cgt-arm_20.2.7.LTS\lib\</path>
         <kind>archive</kind>
         <file>rtsv7M4_T_le_v4SPD16_eabi.lib</file>
         <name>hostread.c.obj</name>
      </input_file>
      <input_file id="fl-f5">
         <path>C:\ti\ccs1271\ccs\tools\compiler\ti-cgt-arm_20.2.7.LTS\lib\</path>
         <kind>archive</kind>
         <file>rtsv7M4_T_le_v4SPD16_eabi.lib</file>
         <name>hostrename.c.obj</name>
      </input_file>
      <input_file id="fl-f6">
         <path>C:\ti\ccs1271\ccs\tools\compiler\ti-cgt-arm_20.2.7.LTS\lib\</path>
         <kind>archive</kind>
         <file>rtsv7M4_T_le_v4SPD16_eabi.lib</file>
         <name>hostunlink.c.obj</name>
      </input_file>
      <input_file id="fl-f7">
         <path>C:\ti\ccs1271\ccs\tools\compiler\ti-cgt-arm_20.2.7.LTS\lib\</path>
         <kind>archive</kind>
         <file>rtsv7M4_T_le_v4SPD16_eabi.lib</file>
         <name>hostwrite.c.obj</name>
      </input_file>
      <input_file id="fl-f8">
         <path>C:\ti\ccs1271\ccs\tools\compiler\ti-cgt-arm_20.2.7.LTS\lib\</path>
         <kind>archive</kind>
         <file>rtsv7M4_T_le_v4SPD16_eabi.lib</file>
         <name>trgmsg.c.obj</name>
      </input_file>
      <input_file id="fl-f9">
         <path>C:\ti\ccs1271\ccs\tools\compiler\ti-cgt-arm_20.2.7.LTS\lib\</path>
         <kind>archive</kind>
         <file>rtsv7M4_T_le_v4SPD16_eabi.lib</file>
         <name>open.c.obj</name>
      </input_file>
      <input_file id="fl-fa">
         <path>C:\ti\ccs1271\ccs\tools\compiler\ti-cgt-arm_20.2.7.LTS\lib\</path>
         <kind>archive</kind>
         <file>rtsv7M4_T_le_v4SPD16_eabi.lib</file>
         <name>lseek.c.obj</name>
      </input_file>
      <input_file id="fl-fb">
         <path>C:\ti\ccs1271\ccs\tools\compiler\ti-cgt-arm_20.2.7.LTS\lib\</path>
         <kind>archive</kind>
         <file>rtsv7M4_T_le_v4SPD16_eabi.lib</file>
         <name>s_copysign.c.obj</name>
      </input_file>
      <input_file id="fl-fc">
         <path>C:\ti\ccs1271\ccs\tools\compiler\ti-cgt-arm_20.2.7.LTS\lib\</path>
         <kind>archive</kind>
         <file>rtsv7M4_T_le_v4SPD16_eabi.lib</file>
         <name>fclose.c.obj</name>
      </input_file>
      <input_file id="fl-fd">
         <path>C:\ti\ccs1271\ccs\tools\compiler\ti-cgt-arm_20.2.7.LTS\lib\</path>
         <kind>archive</kind>
         <file>rtsv7M4_T_le_v4SPD16_eabi.lib</file>
         <name>getdevice.c.obj</name>
      </input_file>
      <input_file id="fl-fe">
         <path>C:\ti\ccs1271\ccs\tools\compiler\ti-cgt-arm_20.2.7.LTS\lib\</path>
         <kind>archive</kind>
         <file>rtsv7M4_T_le_v4SPD16_eabi.lib</file>
         <name>strcpy.c.obj</name>
      </input_file>
      <input_file id="fl-ff">
         <path>C:\ti\ccs1271\ccs\tools\compiler\ti-cgt-arm_20.2.7.LTS\lib\</path>
         <kind>archive</kind>
         <file>rtsv7M4_T_le_v4SPD16_eabi.lib</file>
         <name>strncpy.c.obj</name>
      </input_file>
      <input_file id="fl-100">
         <path>C:\ti\ccs1271\ccs\tools\compiler\ti-cgt-arm_20.2.7.LTS\lib\</path>
         <kind>archive</kind>
         <file>rtsv7M4_T_le_v4SPD16_eabi.lib</file>
         <name>remove.c.obj</name>
      </input_file>
      <input_file id="fl-101">
         <path>C:\ti\ccs1271\ccs\tools\compiler\ti-cgt-arm_20.2.7.LTS\lib\</path>
         <kind>archive</kind>
         <file>rtsv7M4_T_le_v4SPD16_eabi.lib</file>
         <name>close.c.obj</name>
      </input_file>
      <input_file id="fl-102">
         <path>C:\ti\ccs1271\ccs\tools\compiler\ti-cgt-arm_20.2.7.LTS\lib\</path>
         <kind>archive</kind>
         <file>rtsv7M4_T_le_v4SPD16_eabi.lib</file>
         <name>unlink.c.obj</name>
      </input_file>
      <input_file id="fl-103">
         <path>C:\Users\henri\simplelink_msp432p4_sdk_3_40_01_02\source\ti\grlib\lib\ccs\m4\</path>
         <kind>archive</kind>
         <file>grlib.a</file>
         <name>circle.obj</name>
      </input_file>
      <input_file id="fl-104">
         <path>C:\Users\henri\simplelink_msp432p4_sdk_3_40_01_02\source\ti\grlib\lib\ccs\m4\</path>
         <kind>archive</kind>
         <file>grlib.a</file>
         <name>context.obj</name>
      </input_file>
      <input_file id="fl-105">
         <path>C:\Users\henri\simplelink_msp432p4_sdk_3_40_01_02\source\ti\grlib\lib\ccs\m4\</path>
         <kind>archive</kind>
         <file>grlib.a</file>
         <name>display.obj</name>
      </input_file>
      <input_file id="fl-106">
         <path>C:\Users\henri\simplelink_msp432p4_sdk_3_40_01_02\source\ti\grlib\lib\ccs\m4\</path>
         <kind>archive</kind>
         <file>grlib.a</file>
         <name>fontfixed6x8.obj</name>
      </input_file>
      <input_file id="fl-107">
         <path>C:\Users\henri\simplelink_msp432p4_sdk_3_40_01_02\source\ti\grlib\lib\ccs\m4\</path>
         <kind>archive</kind>
         <file>grlib.a</file>
         <name>line.obj</name>
      </input_file>
      <input_file id="fl-108">
         <path>C:\Users\henri\simplelink_msp432p4_sdk_3_40_01_02\source\ti\grlib\lib\ccs\m4\</path>
         <kind>archive</kind>
         <file>grlib.a</file>
         <name>rectangle.obj</name>
      </input_file>
      <input_file id="fl-109">
         <path>C:\Users\henri\simplelink_msp432p4_sdk_3_40_01_02\source\ti\grlib\lib\ccs\m4\</path>
         <kind>archive</kind>
         <file>grlib.a</file>
         <name>string.obj</name>
      </input_file>
      <input_file id="fl-10a">
         <path>C:\Users\henri\simplelink_msp432p4_sdk_3_40_01_02\source\ti\devices\msp432p4xx\driverlib\ccs\</path>
         <kind>archive</kind>
         <file>msp432p4xx_driverlib.lib</file>
         <name>adc14.o</name>
      </input_file>
      <input_file id="fl-10b">
         <path>C:\Users\henri\simplelink_msp432p4_sdk_3_40_01_02\source\ti\devices\msp432p4xx\driverlib\ccs\</path>
         <kind>archive</kind>
         <file>msp432p4xx_driverlib.lib</file>
         <name>cs.o</name>
      </input_file>
      <input_file id="fl-10c">
         <path>C:\Users\henri\simplelink_msp432p4_sdk_3_40_01_02\source\ti\devices\msp432p4xx\driverlib\ccs\</path>
         <kind>archive</kind>
         <file>msp432p4xx_driverlib.lib</file>
         <name>flash.o</name>
      </input_file>
      <input_file id="fl-10d">
         <path>C:\Users\henri\simplelink_msp432p4_sdk_3_40_01_02\source\ti\devices\msp432p4xx\driverlib\ccs\</path>
         <kind>archive</kind>
         <file>msp432p4xx_driverlib.lib</file>
         <name>gpio.o</name>
      </input_file>
      <input_file id="fl-10e">
         <path>C:\Users\henri\simplelink_msp432p4_sdk_3_40_01_02\source\ti\devices\msp432p4xx\driverlib\ccs\</path>
         <kind>archive</kind>
         <file>msp432p4xx_driverlib.lib</file>
         <name>interrupt.o</name>
      </input_file>
      <input_file id="fl-10f">
         <path>C:\Users\henri\simplelink_msp432p4_sdk_3_40_01_02\source\ti\devices\msp432p4xx\driverlib\ccs\</path>
         <kind>archive</kind>
         <file>msp432p4xx_driverlib.lib</file>
         <name>pcm.o</name>
      </input_file>
      <input_file id="fl-110">
         <path>C:\Users\henri\simplelink_msp432p4_sdk_3_40_01_02\source\ti\devices\msp432p4xx\driverlib\ccs\</path>
         <kind>archive</kind>
         <file>msp432p4xx_driverlib.lib</file>
         <name>rtc_c.o</name>
      </input_file>
      <input_file id="fl-111">
         <path>C:\Users\henri\simplelink_msp432p4_sdk_3_40_01_02\source\ti\devices\msp432p4xx\driverlib\ccs\</path>
         <kind>archive</kind>
         <file>msp432p4xx_driverlib.lib</file>
         <name>spi.o</name>
      </input_file>
      <input_file id="fl-112">
         <path>C:\Users\henri\simplelink_msp432p4_sdk_3_40_01_02\source\ti\devices\msp432p4xx\driverlib\ccs\</path>
         <kind>archive</kind>
         <file>msp432p4xx_driverlib.lib</file>
         <name>sysctl.o</name>
      </input_file>
      <input_file id="fl-113">
         <path>C:\Users\henri\simplelink_msp432p4_sdk_3_40_01_02\source\ti\devices\msp432p4xx\driverlib\ccs\</path>
         <kind>archive</kind>
         <file>msp432p4xx_driverlib.lib</file>
         <name>sysctl_a.o</name>
      </input_file>
      <input_file id="fl-114">
         <path>C:\Users\henri\simplelink_msp432p4_sdk_3_40_01_02\source\ti\devices\msp432p4xx\driverlib\ccs\</path>
         <kind>archive</kind>
         <file>msp432p4xx_driverlib.lib</file>
         <name>uart.o</name>
      </input_file>
      <input_file id="fl-115">
         <path>C:\Users\henri\simplelink_msp432p4_sdk_3_40_01_02\source\ti\devices\msp432p4xx\driverlib\ccs\</path>
         <kind>archive</kind>
         <file>msp432p4xx_driverlib.lib</file>
         <name>wdt_a.o</name>
      </input_file>
      <input_file id="fl-116">
         <path>C:\Users\henri\simplelink_msp432p4_sdk_3_40_01_02\source\ti\devices\msp432p4xx\driverlib\ccs\</path>
         <kind>archive</kind>
         <file>msp432p4xx_driverlib.lib</file>
         <name>cpu.o</name>
      </input_file>
   </input_file_list>
   <object_component_list>
      <object_component id="oc-26">
         <name>.intvecs:retain</name>
         <load_address>0x0</load_address>
         <run_address>0x0</run_address>
         <size>0xe4</size>
         <input_file_ref idref="fl-4"/>
      </object_component>
      <object_component id="oc-1c2">
         <name>.text:__TI_printfi</name>
         <load_address>0xe4</load_address>
         <run_address>0xe4</run_address>
         <size>0xa4e</size>
         <input_file_ref idref="fl-c4"/>
      </object_component>
      <object_component id="oc-392">
         <name>.text:_nop</name>
         <load_address>0xb32</load_address>
         <run_address>0xb32</run_address>
         <size>0x2</size>
         <input_file_ref idref="fl-d7"/>
      </object_component>
      <object_component id="oc-20e">
         <name>.text</name>
         <load_address>0xb34</load_address>
         <run_address>0xb34</run_address>
         <size>0x680</size>
         <input_file_ref idref="fl-6"/>
      </object_component>
      <object_component id="oc-70">
         <name>.text</name>
         <load_address>0x11b4</load_address>
         <run_address>0x11b4</run_address>
         <size>0x5e4</size>
         <input_file_ref idref="fl-3"/>
      </object_component>
      <object_component id="oc-1ba">
         <name>.text:Graphics_drawString</name>
         <load_address>0x1798</load_address>
         <run_address>0x1798</run_address>
         <size>0x47e</size>
         <input_file_ref idref="fl-109"/>
      </object_component>
      <object_component id="oc-55d">
         <name>.text</name>
         <load_address>0x1c16</load_address>
         <run_address>0x1c16</run_address>
         <size>0x2</size>
         <input_file_ref idref="fl-ec"/>
      </object_component>
      <object_component id="oc-dd">
         <name>.text</name>
         <load_address>0x1c18</load_address>
         <run_address>0x1c18</run_address>
         <size>0x3c0</size>
         <input_file_ref idref="fl-2"/>
      </object_component>
      <object_component id="oc-ac">
         <name>.text</name>
         <load_address>0x1fd8</load_address>
         <run_address>0x1fd8</run_address>
         <size>0x334</size>
         <input_file_ref idref="fl-5"/>
      </object_component>
      <object_component id="oc-36e">
         <name>.text:_pconv_a</name>
         <load_address>0x230c</load_address>
         <run_address>0x230c</run_address>
         <size>0x270</size>
         <input_file_ref idref="fl-c4"/>
      </object_component>
      <object_component id="oc-bf">
         <name>.text:Graphics_drawCircle</name>
         <load_address>0x257c</load_address>
         <run_address>0x257c</run_address>
         <size>0x26e</size>
         <input_file_ref idref="fl-103"/>
      </object_component>
      <object_component id="oc-35c">
         <name>.text:_pconv_g</name>
         <load_address>0x27ec</load_address>
         <run_address>0x27ec</run_address>
         <size>0x1d0</size>
         <input_file_ref idref="fl-c4"/>
      </object_component>
      <object_component id="oc-470">
         <name>.text</name>
         <load_address>0x29bc</load_address>
         <run_address>0x29bc</run_address>
         <size>0x1b6</size>
         <input_file_ref idref="fl-ca"/>
      </object_component>
      <object_component id="oc-199">
         <name>.text:Graphics_clipLine</name>
         <load_address>0x2b72</load_address>
         <run_address>0x2b72</run_address>
         <size>0x180</size>
         <input_file_ref idref="fl-107"/>
      </object_component>
      <object_component id="oc-b9">
         <name>.text:Graphics_drawLine</name>
         <load_address>0x2cf2</load_address>
         <run_address>0x2cf2</run_address>
         <size>0x174</size>
         <input_file_ref idref="fl-107"/>
      </object_component>
      <object_component id="oc-2a6">
         <name>.text:_getIndexForMemRegister</name>
         <load_address>0x2e68</load_address>
         <run_address>0x2e68</run_address>
         <size>0x160</size>
         <input_file_ref idref="fl-10a"/>
      </object_component>
      <object_component id="oc-5ce">
         <name>.text:__PCM_setPowerModeAdvanced</name>
         <load_address>0x2fc8</load_address>
         <run_address>0x2fc8</run_address>
         <size>0x15c</size>
         <input_file_ref idref="fl-10f"/>
      </object_component>
      <object_component id="oc-368">
         <name>.text:_pconv_e</name>
         <load_address>0x3124</load_address>
         <run_address>0x3124</run_address>
         <size>0x13c</size>
         <input_file_ref idref="fl-c4"/>
      </object_component>
      <object_component id="oc-456">
         <name>.text</name>
         <load_address>0x3260</load_address>
         <run_address>0x3260</run_address>
         <size>0x136</size>
         <input_file_ref idref="fl-cc"/>
      </object_component>
      <object_component id="oc-27d">
         <name>.text:CS_initClockSignal</name>
         <load_address>0x3398</load_address>
         <run_address>0x3398</run_address>
         <size>0x130</size>
         <input_file_ref idref="fl-10b"/>
      </object_component>
      <object_component id="oc-482">
         <name>.text:fcvt</name>
         <load_address>0x34c8</load_address>
         <run_address>0x34c8</run_address>
         <size>0x124</size>
         <input_file_ref idref="fl-c4"/>
      </object_component>
      <object_component id="oc-1f6">
         <name>.text:UART_initModule</name>
         <load_address>0x35ec</load_address>
         <run_address>0x35ec</run_address>
         <size>0x11c</size>
         <input_file_ref idref="fl-114"/>
      </object_component>
      <object_component id="oc-3a0">
         <name>.text:fputs</name>
         <load_address>0x3708</load_address>
         <run_address>0x3708</run_address>
         <size>0x114</size>
         <input_file_ref idref="fl-c7"/>
      </object_component>
      <object_component id="oc-496">
         <name>.text:scalbn</name>
         <load_address>0x381c</load_address>
         <run_address>0x381c</run_address>
         <size>0x110</size>
         <input_file_ref idref="fl-e8"/>
      </object_component>
      <object_component id="oc-409">
         <name>.text:__PCM_setCoreVoltageLevelAdvanced</name>
         <load_address>0x392c</load_address>
         <run_address>0x392c</run_address>
         <size>0x108</size>
         <input_file_ref idref="fl-10f"/>
      </object_component>
      <object_component id="oc-63d">
         <name>.text:aligned_alloc</name>
         <load_address>0x3a34</load_address>
         <run_address>0x3a34</run_address>
         <size>0x100</size>
         <input_file_ref idref="fl-de"/>
      </object_component>
      <object_component id="oc-451">
         <name>.text</name>
         <load_address>0x3b34</load_address>
         <run_address>0x3b34</run_address>
         <size>0xfc</size>
         <input_file_ref idref="fl-cd"/>
      </object_component>
      <object_component id="oc-1b4">
         <name>.text:Graphics_getStringWidth</name>
         <load_address>0x3c30</load_address>
         <run_address>0x3c30</run_address>
         <size>0xfa</size>
         <input_file_ref idref="fl-109"/>
      </object_component>
      <object_component id="oc-5ee">
         <name>.text:free</name>
         <load_address>0x3d2c</load_address>
         <run_address>0x3d2c</run_address>
         <size>0xe4</size>
         <input_file_ref idref="fl-de"/>
      </object_component>
      <object_component id="oc-598">
         <name>.text:setvbuf</name>
         <load_address>0x3e10</load_address>
         <run_address>0x3e10</run_address>
         <size>0xdc</size>
         <input_file_ref idref="fl-c9"/>
      </object_component>
      <object_component id="oc-3c3">
         <name>.text</name>
         <load_address>0x3eec</load_address>
         <run_address>0x3eec</run_address>
         <size>0xcc</size>
         <input_file_ref idref="fl-7"/>
      </object_component>
      <object_component id="oc-235">
         <name>.text:ADC14_configureConversionMemory</name>
         <load_address>0x3fb8</load_address>
         <run_address>0x3fb8</run_address>
         <size>0xb4</size>
         <input_file_ref idref="fl-10a"/>
      </object_component>
      <object_component id="oc-22f">
         <name>.text:ADC14_configureMultiSequenceMode</name>
         <load_address>0x406c</load_address>
         <run_address>0x406c</run_address>
         <size>0xb4</size>
         <input_file_ref idref="fl-10a"/>
      </object_component>
      <object_component id="oc-351">
         <name>.text:_ltostr</name>
         <load_address>0x4120</load_address>
         <run_address>0x4120</run_address>
         <size>0xb1</size>
         <input_file_ref idref="fl-c4"/>
      </object_component>
      <object_component id="oc-505">
         <name>.text:SPI_initMaster</name>
         <load_address>0x41d2</load_address>
         <run_address>0x41d2</run_address>
         <size>0xb0</size>
         <input_file_ref idref="fl-111"/>
      </object_component>
      <object_component id="oc-b3">
         <name>.text:Graphics_drawRectangle</name>
         <load_address>0x4282</load_address>
         <run_address>0x4282</run_address>
         <size>0xa2</size>
         <input_file_ref idref="fl-108"/>
      </object_component>
      <object_component id="oc-18b">
         <name>.text:Graphics_drawLineH</name>
         <load_address>0x4324</load_address>
         <run_address>0x4324</run_address>
         <size>0x9c</size>
         <input_file_ref idref="fl-107"/>
      </object_component>
      <object_component id="oc-191">
         <name>.text:Graphics_drawLineV</name>
         <load_address>0x43c0</load_address>
         <run_address>0x43c0</run_address>
         <size>0x9c</size>
         <input_file_ref idref="fl-107"/>
      </object_component>
      <object_component id="oc-3a">
         <name>.text</name>
         <load_address>0x445c</load_address>
         <run_address>0x445c</run_address>
         <size>0x9c</size>
         <input_file_ref idref="fl-d0"/>
      </object_component>
      <object_component id="oc-44a">
         <name>.text</name>
         <load_address>0x44f8</load_address>
         <run_address>0x44f8</run_address>
         <size>0x96</size>
         <input_file_ref idref="fl-d2"/>
      </object_component>
      <object_component id="oc-3a7">
         <name>.text:fputc</name>
         <load_address>0x4590</load_address>
         <run_address>0x4590</run_address>
         <size>0x8c</size>
         <input_file_ref idref="fl-c6"/>
      </object_component>
      <object_component id="oc-1ea">
         <name>.text:GPIO_setAsPeripheralModuleFunctionInputPin</name>
         <load_address>0x461c</load_address>
         <run_address>0x461c</run_address>
         <size>0x88</size>
         <input_file_ref idref="fl-10d"/>
      </object_component>
      <object_component id="oc-4f9">
         <name>.text:GPIO_setAsPeripheralModuleFunctionOutputPin</name>
         <load_address>0x46a4</load_address>
         <run_address>0x46a4</run_address>
         <size>0x88</size>
         <input_file_ref idref="fl-10d"/>
      </object_component>
      <object_component id="oc-357">
         <name>.text:__aeabi_cdcmple</name>
         <load_address>0x472c</load_address>
         <run_address>0x472c</run_address>
         <size>0x86</size>
         <input_file_ref idref="fl-cb"/>
      </object_component>
      <object_component id="oc-45b">
         <name>.text:__aeabi_cdrcmple</name>
         <load_address>0x47b2</load_address>
         <run_address>0x47b2</run_address>
         <size>0x86</size>
         <input_file_ref idref="fl-cb"/>
      </object_component>
      <object_component id="oc-241">
         <name>.text:Interrupt_enableInterrupt</name>
         <load_address>0x4838</load_address>
         <run_address>0x4838</run_address>
         <size>0x80</size>
         <input_file_ref idref="fl-10e"/>
      </object_component>
      <object_component id="oc-94">
         <name>.text</name>
         <load_address>0x48b8</load_address>
         <run_address>0x48b8</run_address>
         <size>0x7a</size>
         <input_file_ref idref="fl-d1"/>
      </object_component>
      <object_component id="oc-644">
         <name>.text:__TI_closefile</name>
         <load_address>0x4934</load_address>
         <run_address>0x4934</run_address>
         <size>0x74</size>
         <input_file_ref idref="fl-fc"/>
      </object_component>
      <object_component id="oc-685">
         <name>.text:split</name>
         <load_address>0x49a8</load_address>
         <run_address>0x49a8</run_address>
         <size>0x70</size>
         <input_file_ref idref="fl-de"/>
      </object_component>
      <object_component id="oc-47b">
         <name>.text:_mcpy</name>
         <load_address>0x4a18</load_address>
         <run_address>0x4a18</run_address>
         <size>0x6e</size>
         <input_file_ref idref="fl-c4"/>
      </object_component>
      <object_component id="oc-674">
         <name>.text:HOSTrename</name>
         <load_address>0x4a88</load_address>
         <run_address>0x4a88</run_address>
         <size>0x6c</size>
         <input_file_ref idref="fl-f5"/>
      </object_component>
      <object_component id="oc-668">
         <name>.text:HOSTlseek</name>
         <load_address>0x4af4</load_address>
         <run_address>0x4af4</run_address>
         <size>0x68</size>
         <input_file_ref idref="fl-f2"/>
      </object_component>
      <object_component id="oc-17">
         <name>.text:decompress:lzss:__TI_decompress_lzss</name>
         <load_address>0x4b5c</load_address>
         <run_address>0x4b5c</run_address>
         <size>0x68</size>
         <input_file_ref idref="fl-d5"/>
      </object_component>
      <object_component id="oc-cb">
         <name>.text:printf</name>
         <load_address>0x4bc4</load_address>
         <run_address>0x4bc4</run_address>
         <size>0x68</size>
         <input_file_ref idref="fl-c3"/>
      </object_component>
      <object_component id="oc-328">
         <name>.text:Graphics_getClipCode</name>
         <load_address>0x4c2c</load_address>
         <run_address>0x4c2c</run_address>
         <size>0x64</size>
         <input_file_ref idref="fl-107"/>
      </object_component>
      <object_component id="oc-490">
         <name>.text:frexp</name>
         <load_address>0x4c90</load_address>
         <run_address>0x4c90</run_address>
         <size>0x64</size>
         <input_file_ref idref="fl-e7"/>
      </object_component>
      <object_component id="oc-592">
         <name>.text:fseek</name>
         <load_address>0x4cf4</load_address>
         <run_address>0x4cf4</run_address>
         <size>0x64</size>
         <input_file_ref idref="fl-eb"/>
      </object_component>
      <object_component id="oc-4c7">
         <name>.text:__TI_wrt_ok</name>
         <load_address>0x4d58</load_address>
         <run_address>0x4d58</run_address>
         <size>0x62</size>
         <input_file_ref idref="fl-c8"/>
      </object_component>
      <object_component id="oc-650">
         <name>.text:HOSTopen</name>
         <load_address>0x4dbc</load_address>
         <run_address>0x4dbc</run_address>
         <size>0x60</size>
         <input_file_ref idref="fl-f3"/>
      </object_component>
      <object_component id="oc-533">
         <name>.text:PCM_getCoreVoltageLevel</name>
         <load_address>0x4e1c</load_address>
         <run_address>0x4e1c</run_address>
         <size>0x5e</size>
         <input_file_ref idref="fl-10f"/>
      </object_component>
      <object_component id="oc-68c">
         <name>.text:close</name>
         <load_address>0x4e7c</load_address>
         <run_address>0x4e7c</run_address>
         <size>0x5c</size>
         <input_file_ref idref="fl-101"/>
      </object_component>
      <object_component id="oc-1ac">
         <name>.text:Graphics_drawPixel</name>
         <load_address>0x4ed8</load_address>
         <run_address>0x4ed8</run_address>
         <size>0x5a</size>
         <input_file_ref idref="fl-104"/>
      </object_component>
      <object_component id="oc-52d">
         <name>.text:PCM_getPowerMode</name>
         <load_address>0x4f32</load_address>
         <run_address>0x4f32</run_address>
         <size>0x5a</size>
         <input_file_ref idref="fl-10f"/>
      </object_component>
      <object_component id="oc-25f">
         <name>.text:GPIO_setAsInputPinWithPullUpResistor</name>
         <load_address>0x4f8c</load_address>
         <run_address>0x4f8c</run_address>
         <size>0x58</size>
         <input_file_ref idref="fl-10d"/>
      </object_component>
      <object_component id="oc-65c">
         <name>.text:HOSTread</name>
         <load_address>0x4fe4</load_address>
         <run_address>0x4fe4</run_address>
         <size>0x58</size>
         <input_file_ref idref="fl-f4"/>
      </object_component>
      <object_component id="oc-662">
         <name>.text:HOSTwrite</name>
         <load_address>0x503c</load_address>
         <run_address>0x503c</run_address>
         <size>0x58</size>
         <input_file_ref idref="fl-f7"/>
      </object_component>
      <object_component id="oc-362">
         <name>.text:_pconv_f</name>
         <load_address>0x5094</load_address>
         <run_address>0x5094</run_address>
         <size>0x56</size>
         <input_file_ref idref="fl-c4"/>
      </object_component>
      <object_component id="oc-229">
         <name>.text:ADC14_initModule</name>
         <load_address>0x50ec</load_address>
         <run_address>0x50ec</run_address>
         <size>0x54</size>
         <input_file_ref idref="fl-10a"/>
      </object_component>
      <object_component id="oc-465">
         <name>.text:__TI_ltoa</name>
         <load_address>0x5140</load_address>
         <run_address>0x5140</run_address>
         <size>0x54</size>
         <input_file_ref idref="fl-d8"/>
      </object_component>
      <object_component id="oc-214">
         <name>.text:Graphics_initContext</name>
         <load_address>0x5194</load_address>
         <run_address>0x5194</run_address>
         <size>0x52</size>
         <input_file_ref idref="fl-104"/>
      </object_component>
      <object_component id="oc-475">
         <name>.text:_ecpy</name>
         <load_address>0x51e6</load_address>
         <run_address>0x51e6</run_address>
         <size>0x52</size>
         <input_file_ref idref="fl-c4"/>
      </object_component>
      <object_component id="oc-4d3">
         <name>.text:__TI_doflush</name>
         <load_address>0x5238</load_address>
         <run_address>0x5238</run_address>
         <size>0x4c</size>
         <input_file_ref idref="fl-e9"/>
      </object_component>
      <object_component id="oc-34b">
         <name>.text:atoi</name>
         <load_address>0x5284</load_address>
         <run_address>0x5284</run_address>
         <size>0x4c</size>
         <input_file_ref idref="fl-d9"/>
      </object_component>
      <object_component id="oc-277">
         <name>.text:FlashCtl_setWaitState</name>
         <load_address>0x52d0</load_address>
         <run_address>0x52d0</run_address>
         <size>0x48</size>
         <input_file_ref idref="fl-10c"/>
      </object_component>
      <object_component id="oc-c5">
         <name>.text:Graphics_drawStringCentered</name>
         <load_address>0x5318</load_address>
         <run_address>0x5318</run_address>
         <size>0x48</size>
         <input_file_ref idref="fl-109"/>
      </object_component>
      <object_component id="oc-14f">
         <name>.text:exit</name>
         <load_address>0x5360</load_address>
         <run_address>0x5360</run_address>
         <size>0x48</size>
         <input_file_ref idref="fl-d6"/>
      </object_component>
      <object_component id="oc-460">
         <name>.text</name>
         <load_address>0x53a8</load_address>
         <run_address>0x53a8</run_address>
         <size>0x48</size>
         <input_file_ref idref="fl-ce"/>
      </object_component>
      <object_component id="oc-656">
         <name>.text:HOSTclose</name>
         <load_address>0x53f0</load_address>
         <run_address>0x53f0</run_address>
         <size>0x44</size>
         <input_file_ref idref="fl-f1"/>
      </object_component>
      <object_component id="oc-66e">
         <name>.text:HOSTunlink</name>
         <load_address>0x5434</load_address>
         <run_address>0x5434</run_address>
         <size>0x44</size>
         <input_file_ref idref="fl-f6"/>
      </object_component>
      <object_component id="oc-155">
         <name>.text:__TI_auto_init_nobinit_nopinit:__TI_auto_init_nobinit_nopinit</name>
         <load_address>0x5478</load_address>
         <run_address>0x5478</run_address>
         <size>0x44</size>
         <input_file_ref idref="fl-ed"/>
      </object_component>
      <object_component id="oc-6c4">
         <name>.text:getdevice</name>
         <load_address>0x54bc</load_address>
         <run_address>0x54bc</run_address>
         <size>0x44</size>
         <input_file_ref idref="fl-fd"/>
      </object_component>
      <object_component id="oc-4ff">
         <name>.text:GPIO_setAsOutputPin</name>
         <load_address>0x5500</load_address>
         <run_address>0x5500</run_address>
         <size>0x40</size>
         <input_file_ref idref="fl-10d"/>
      </object_component>
      <object_component id="oc-33c">
         <name>.text:Graphics_getNumberOfLeadingZeros</name>
         <load_address>0x5540</load_address>
         <run_address>0x5540</run_address>
         <size>0x40</size>
         <input_file_ref idref="fl-109"/>
      </object_component>
      <object_component id="oc-5b1">
         <name>.text:is_A_Module</name>
         <load_address>0x5580</load_address>
         <run_address>0x5580</run_address>
         <size>0x40</size>
         <input_file_ref idref="fl-111"/>
      </object_component>
      <object_component id="oc-101">
         <name>.text:sprintf</name>
         <load_address>0x55c0</load_address>
         <run_address>0x55c0</run_address>
         <size>0x40</size>
         <input_file_ref idref="fl-c5"/>
      </object_component>
      <object_component id="oc-488">
         <name>.text:_fcpy</name>
         <load_address>0x5600</load_address>
         <run_address>0x5600</run_address>
         <size>0x3e</size>
         <input_file_ref idref="fl-c4"/>
      </object_component>
      <object_component id="oc-ef">
         <name>.text:ADC14_getEnabledInterruptStatus</name>
         <load_address>0x5640</load_address>
         <run_address>0x5640</run_address>
         <size>0x38</size>
         <input_file_ref idref="fl-10a"/>
      </object_component>
      <object_component id="oc-69d">
         <name>.text:__TI_writemsg</name>
         <load_address>0x5678</load_address>
         <run_address>0x5678</run_address>
         <size>0x38</size>
         <input_file_ref idref="fl-f8"/>
      </object_component>
      <object_component id="oc-30e">
         <name>.text:Graphics_drawHorizontalLineOnDisplay</name>
         <load_address>0x56b0</load_address>
         <run_address>0x56b0</run_address>
         <size>0x36</size>
         <input_file_ref idref="fl-105"/>
      </object_component>
      <object_component id="oc-315">
         <name>.text:Graphics_drawVerticalLineOnDisplay</name>
         <load_address>0x56e6</load_address>
         <run_address>0x56e6</run_address>
         <size>0x36</size>
         <input_file_ref idref="fl-105"/>
      </object_component>
      <object_component id="oc-6e6">
         <name>.text:strncpy</name>
         <load_address>0x571c</load_address>
         <run_address>0x571c</run_address>
         <size>0x36</size>
         <input_file_ref idref="fl-ff"/>
      </object_component>
      <object_component id="oc-24d">
         <name>.text:ADC14_enableSampleTimer</name>
         <load_address>0x5754</load_address>
         <run_address>0x5754</run_address>
         <size>0x34</size>
         <input_file_ref idref="fl-10a"/>
      </object_component>
      <object_component id="oc-1f0">
         <name>.text:CS_setDCOCenteredFrequency</name>
         <load_address>0x5788</load_address>
         <run_address>0x5788</run_address>
         <size>0x34</size>
         <input_file_ref idref="fl-10b"/>
      </object_component>
      <object_component id="oc-202">
         <name>.text:UART_transmitData</name>
         <load_address>0x57bc</load_address>
         <run_address>0x57bc</run_address>
         <size>0x34</size>
         <input_file_ref idref="fl-114"/>
      </object_component>
      <object_component id="oc-5fa">
         <name>.text:__TI_cleanup</name>
         <load_address>0x57f0</load_address>
         <run_address>0x57f0</run_address>
         <size>0x34</size>
         <input_file_ref idref="fl-ea"/>
      </object_component>
      <object_component id="oc-6a3">
         <name>.text:__TI_readmsg</name>
         <load_address>0x5824</load_address>
         <run_address>0x5824</run_address>
         <size>0x34</size>
         <input_file_ref idref="fl-f8"/>
      </object_component>
      <object_component id="oc-58">
         <name>.text:_c_int00_noargs:_c_int00_noargs</name>
         <load_address>0x5858</load_address>
         <run_address>0x5858</run_address>
         <size>0x34</size>
         <input_file_ref idref="fl-e2"/>
      </object_component>
      <object_component id="oc-f5">
         <name>.text:ADC14_clearInterruptFlag</name>
         <load_address>0x588c</load_address>
         <run_address>0x588c</run_address>
         <size>0x30</size>
         <input_file_ref idref="fl-10a"/>
      </object_component>
      <object_component id="oc-23b">
         <name>.text:ADC14_enableInterrupt</name>
         <load_address>0x58bc</load_address>
         <run_address>0x58bc</run_address>
         <size>0x30</size>
         <input_file_ref idref="fl-10a"/>
      </object_component>
      <object_component id="oc-6ec">
         <name>.text:finddevice</name>
         <load_address>0x58ec</load_address>
         <run_address>0x58ec</run_address>
         <size>0x30</size>
         <input_file_ref idref="fl-fd"/>
      </object_component>
      <object_component id="oc-46b">
         <name>.text</name>
         <load_address>0x591c</load_address>
         <run_address>0x591c</run_address>
         <size>0x2e</size>
         <input_file_ref idref="fl-cf"/>
      </object_component>
      <object_component id="oc-299">
         <name>.text:ADC14_getInterruptStatus</name>
         <load_address>0x594c</load_address>
         <run_address>0x594c</run_address>
         <size>0x2c</size>
         <input_file_ref idref="fl-10a"/>
      </object_component>
      <object_component id="oc-259">
         <name>.text:ADC14_toggleConversionTrigger</name>
         <load_address>0x5978</load_address>
         <run_address>0x5978</run_address>
         <size>0x2c</size>
         <input_file_ref idref="fl-10a"/>
      </object_component>
      <object_component id="oc-19f">
         <name>.text:Graphics_drawPixelOnDisplay</name>
         <load_address>0x59a4</load_address>
         <run_address>0x59a4</run_address>
         <size>0x2c</size>
         <input_file_ref idref="fl-105"/>
      </object_component>
      <object_component id="oc-692">
         <name>.text:unlink</name>
         <load_address>0x59d0</load_address>
         <run_address>0x59d0</run_address>
         <size>0x2c</size>
         <input_file_ref idref="fl-102"/>
      </object_component>
      <object_component id="oc-253">
         <name>.text:ADC14_enableConversion</name>
         <load_address>0x59fc</load_address>
         <run_address>0x59fc</run_address>
         <size>0x28</size>
         <input_file_ref idref="fl-10a"/>
      </object_component>
      <object_component id="oc-fb">
         <name>.text:ADC14_getResult</name>
         <load_address>0x5a24</load_address>
         <run_address>0x5a24</run_address>
         <size>0x28</size>
         <input_file_ref idref="fl-10a"/>
      </object_component>
      <object_component id="oc-3cf">
         <name>.text:GPIO_setOutputHighOnPin</name>
         <load_address>0x5a4c</load_address>
         <run_address>0x5a4c</run_address>
         <size>0x28</size>
         <input_file_ref idref="fl-10d"/>
      </object_component>
      <object_component id="oc-3c9">
         <name>.text:GPIO_setOutputLowOnPin</name>
         <load_address>0x5a74</load_address>
         <run_address>0x5a74</run_address>
         <size>0x28</size>
         <input_file_ref idref="fl-10d"/>
      </object_component>
      <object_component id="oc-e3">
         <name>.text:PCM_gotoLPM0</name>
         <load_address>0x5a9c</load_address>
         <run_address>0x5a9c</run_address>
         <size>0x28</size>
         <input_file_ref idref="fl-10f"/>
      </object_component>
      <object_component id="oc-636">
         <name>.text:free_list_insert</name>
         <load_address>0x5ac4</load_address>
         <run_address>0x5ac4</run_address>
         <size>0x28</size>
         <input_file_ref idref="fl-de"/>
      </object_component>
      <object_component id="oc-5e6">
         <name>.text:lseek</name>
         <load_address>0x5aec</load_address>
         <run_address>0x5aec</run_address>
         <size>0x28</size>
         <input_file_ref idref="fl-fa"/>
      </object_component>
      <object_component id="oc-4d9">
         <name>.text:write</name>
         <load_address>0x5b14</load_address>
         <run_address>0x5b14</run_address>
         <size>0x28</size>
         <input_file_ref idref="fl-e3"/>
      </object_component>
      <object_component id="oc-265">
         <name>.text:WDT_A_holdTimer</name>
         <load_address>0x5b3c</load_address>
         <run_address>0x5b3c</run_address>
         <size>0x24</size>
         <input_file_ref idref="fl-115"/>
      </object_component>
      <object_component id="oc-4cd">
         <name>.text:memchr</name>
         <load_address>0x5b60</load_address>
         <run_address>0x5b60</run_address>
         <size>0x20</size>
         <input_file_ref idref="fl-dd"/>
      </object_component>
      <object_component id="oc-50b">
         <name>.text:SPI_enableModule</name>
         <load_address>0x5b80</load_address>
         <run_address>0x5b80</run_address>
         <size>0x1c</size>
         <input_file_ref idref="fl-111"/>
      </object_component>
      <object_component id="oc-46">
         <name>.text:decompress:ZI:__TI_zero_init_nomemset:__TI_zero_init_nomemset</name>
         <load_address>0x5b9c</load_address>
         <run_address>0x5b9c</run_address>
         <size>0x1c</size>
         <input_file_ref idref="fl-d3"/>
      </object_component>
      <object_component id="oc-630">
         <name>.text:free_list_remove</name>
         <load_address>0x5bb8</load_address>
         <run_address>0x5bb8</run_address>
         <size>0x1c</size>
         <input_file_ref idref="fl-de"/>
      </object_component>
      <object_component id="oc-374">
         <name>.text:memccpy</name>
         <load_address>0x5bd4</load_address>
         <run_address>0x5bd4</run_address>
         <size>0x1c</size>
         <input_file_ref idref="fl-dc"/>
      </object_component>
      <object_component id="oc-2e3">
         <name>.text:Graphics_clearDisplayOnDisplay</name>
         <load_address>0x5bf0</load_address>
         <run_address>0x5bf0</run_address>
         <size>0x1a</size>
         <input_file_ref idref="fl-105"/>
      </object_component>
      <object_component id="oc-d1">
         <name>.text:Graphics_setBackgroundColor</name>
         <load_address>0x5c0a</load_address>
         <run_address>0x5c0a</run_address>
         <size>0x1a</size>
         <input_file_ref idref="fl-104"/>
      </object_component>
      <object_component id="oc-21a">
         <name>.text:Graphics_setFont</name>
         <load_address>0x5c24</load_address>
         <run_address>0x5c24</run_address>
         <size>0x1a</size>
         <input_file_ref idref="fl-104"/>
      </object_component>
      <object_component id="oc-576">
         <name>.text:copysign</name>
         <load_address>0x5c3e</load_address>
         <run_address>0x5c3e</run_address>
         <size>0x1a</size>
         <input_file_ref idref="fl-fb"/>
      </object_component>
      <object_component id="oc-2b0">
         <name>.text:_outs</name>
         <load_address>0x5c58</load_address>
         <run_address>0x5c58</run_address>
         <size>0x18</size>
         <input_file_ref idref="fl-c5"/>
      </object_component>
      <object_component id="oc-208">
         <name>.text:strcmp</name>
         <load_address>0x5c70</load_address>
         <run_address>0x5c70</run_address>
         <size>0x18</size>
         <input_file_ref idref="fl-e0"/>
      </object_component>
      <object_component id="oc-5b9">
         <name>.text:EUSCI_A_SPI_enable</name>
         <load_address>0x5c88</load_address>
         <run_address>0x5c88</run_address>
         <size>0x16</size>
         <input_file_ref idref="fl-111"/>
      </object_component>
      <object_component id="oc-5bf">
         <name>.text:EUSCI_B_SPI_enable</name>
         <load_address>0x5c9e</load_address>
         <run_address>0x5c9e</run_address>
         <size>0x16</size>
         <input_file_ref idref="fl-111"/>
      </object_component>
      <object_component id="oc-d7">
         <name>.text:Graphics_setForegroundColor</name>
         <load_address>0x5cb4</load_address>
         <run_address>0x5cb4</run_address>
         <size>0x16</size>
         <input_file_ref idref="fl-104"/>
      </object_component>
      <object_component id="oc-1e1">
         <name>.text:Graphics_translateColorOnDisplay</name>
         <load_address>0x5cca</load_address>
         <run_address>0x5cca</run_address>
         <size>0x16</size>
         <input_file_ref idref="fl-105"/>
      </object_component>
      <object_component id="oc-1fc">
         <name>.text:UART_enableModule</name>
         <load_address>0x5ce0</load_address>
         <run_address>0x5ce0</run_address>
         <size>0x16</size>
         <input_file_ref idref="fl-114"/>
      </object_component>
      <object_component id="oc-49c">
         <name>.text:strchr</name>
         <load_address>0x5cf6</load_address>
         <run_address>0x5cf6</run_address>
         <size>0x16</size>
         <input_file_ref idref="fl-df"/>
      </object_component>
      <object_component id="oc-539">
         <name>.text:PCM_getPowerState</name>
         <load_address>0x5d0c</load_address>
         <run_address>0x5d0c</run_address>
         <size>0x14</size>
         <input_file_ref idref="fl-10f"/>
      </object_component>
      <object_component id="oc-6b7">
         <name>.text:strcpy</name>
         <load_address>0x5d20</load_address>
         <run_address>0x5d20</run_address>
         <size>0x14</size>
         <input_file_ref idref="fl-fe"/>
      </object_component>
      <object_component id="oc-345">
         <name>.text:strlen</name>
         <load_address>0x5d34</load_address>
         <run_address>0x5d34</run_address>
         <size>0x14</size>
         <input_file_ref idref="fl-e1"/>
      </object_component>
      <object_component id="oc-110">
         <name>.text:Graphics_clearDisplay</name>
         <load_address>0x5d48</load_address>
         <run_address>0x5d48</run_address>
         <size>0x12</size>
         <input_file_ref idref="fl-104"/>
      </object_component>
      <object_component id="oc-37a">
         <name>.text:wcslen</name>
         <load_address>0x5d5a</load_address>
         <run_address>0x5d5a</run_address>
         <size>0x12</size>
         <input_file_ref idref="fl-e6"/>
      </object_component>
      <object_component id="oc-3e7">
         <name>.text:ADCIsConversionRunning</name>
         <load_address>0x5d6c</load_address>
         <run_address>0x5d6c</run_address>
         <size>0x10</size>
         <input_file_ref idref="fl-10a"/>
      </object_component>
      <object_component id="oc-26b">
         <name>.text:Interrupt_disableMaster</name>
         <load_address>0x5d7c</load_address>
         <run_address>0x5d7c</run_address>
         <size>0x10</size>
         <input_file_ref idref="fl-10e"/>
      </object_component>
      <object_component id="oc-247">
         <name>.text:Interrupt_enableMaster</name>
         <load_address>0x5d8c</load_address>
         <run_address>0x5d8c</run_address>
         <size>0x10</size>
         <input_file_ref idref="fl-10e"/>
      </object_component>
      <object_component id="oc-271">
         <name>.text:PCM_setCoreVoltageLevel</name>
         <load_address>0x5d9c</load_address>
         <run_address>0x5d9c</run_address>
         <size>0x10</size>
         <input_file_ref idref="fl-10f"/>
      </object_component>
      <object_component id="oc-53f">
         <name>.text:PCM_setPowerMode</name>
         <load_address>0x5dac</load_address>
         <run_address>0x5dac</run_address>
         <size>0x10</size>
         <input_file_ref idref="fl-10f"/>
      </object_component>
      <object_component id="oc-1d">
         <name>.text:decompress:none:__TI_decompress_none</name>
         <load_address>0x5dbc</load_address>
         <run_address>0x5dbc</run_address>
         <size>0xe</size>
         <input_file_ref idref="fl-d4"/>
      </object_component>
      <object_component id="oc-6a">
         <name>.text</name>
         <load_address>0x5dca</load_address>
         <run_address>0x5dca</run_address>
         <size>0xe</size>
         <input_file_ref idref="fl-4"/>
      </object_component>
      <object_component id="oc-223">
         <name>.text:ADC14_enableModule</name>
         <load_address>0x5dd8</load_address>
         <run_address>0x5dd8</run_address>
         <size>0xc</size>
         <input_file_ref idref="fl-10a"/>
      </object_component>
      <object_component id="oc-402">
         <name>.text:CPU_cpsid</name>
         <load_address>0x5de4</load_address>
         <run_address>0x5de4</run_address>
         <size>0xc</size>
         <input_file_ref idref="fl-116"/>
      </object_component>
      <object_component id="oc-3f6">
         <name>.text:CPU_cpsie</name>
         <load_address>0x5df0</load_address>
         <run_address>0x5df0</run_address>
         <size>0xc</size>
         <input_file_ref idref="fl-116"/>
      </object_component>
      <object_component id="oc-2b6">
         <name>.text:_outc</name>
         <load_address>0x5dfc</load_address>
         <run_address>0x5dfc</run_address>
         <size>0xa</size>
         <input_file_ref idref="fl-c5"/>
      </object_component>
      <object_component id="oc-380">
         <name>.text:__aeabi_errno_addr</name>
         <load_address>0x5e08</load_address>
         <run_address>0x5e08</run_address>
         <size>0x8</size>
         <input_file_ref idref="fl-e5"/>
      </object_component>
      <object_component id="oc-5f4">
         <name>.text:malloc</name>
         <load_address>0x5e10</load_address>
         <run_address>0x5e10</run_address>
         <size>0x8</size>
         <input_file_ref idref="fl-de"/>
      </object_component>
      <object_component id="oc-28d">
         <name>.text:CPU_wfi</name>
         <load_address>0x5e18</load_address>
         <run_address>0x5e18</run_address>
         <size>0x4</size>
         <input_file_ref idref="fl-116"/>
      </object_component>
      <object_component id="oc-1d4">
         <name>.text:_outc</name>
         <load_address>0x5e1c</load_address>
         <run_address>0x5e1c</run_address>
         <size>0x4</size>
         <input_file_ref idref="fl-c3"/>
      </object_component>
      <object_component id="oc-1ce">
         <name>.text:_outs</name>
         <load_address>0x5e20</load_address>
         <run_address>0x5e20</run_address>
         <size>0x4</size>
         <input_file_ref idref="fl-c3"/>
      </object_component>
      <object_component id="oc-9a">
         <name>.text:_system_pre_init</name>
         <load_address>0x5e24</load_address>
         <run_address>0x5e24</run_address>
         <size>0x4</size>
         <input_file_ref idref="fl-ee"/>
      </object_component>
      <object_component id="oc-149">
         <name>.text:abort:abort</name>
         <load_address>0x5e28</load_address>
         <run_address>0x5e28</run_address>
         <size>0x4</size>
         <input_file_ref idref="fl-d6"/>
      </object_component>
      <object_component id="oc-416">
         <name>.const:.string:g_pucFontFixed6x8Data</name>
         <load_address>0x5e2c</load_address>
         <run_address>0x5e2c</run_address>
         <size>0x2f8</size>
         <input_file_ref idref="fl-106"/>
      </object_component>
      <object_component id="oc-445">
         <name>.const:.string:_ctypes_</name>
         <load_address>0x6124</load_address>
         <run_address>0x6124</run_address>
         <size>0x101</size>
         <input_file_ref idref="fl-da"/>
      </object_component>
      <object_component id="oc-289">
         <name>.const:g_sFontFixed6x8</name>
         <load_address>0x6228</load_address>
         <run_address>0x6228</run_address>
         <size>0xc8</size>
         <input_file_ref idref="fl-106"/>
      </object_component>
      <object_component id="oc-2ac">
         <name>.const:_ctlRegs</name>
         <load_address>0x62f0</load_address>
         <run_address>0x62f0</run_address>
         <size>0x80</size>
         <input_file_ref idref="fl-10a"/>
      </object_component>
      <object_component id="oc-296">
         <name>.const:.string</name>
         <load_address>0x6370</load_address>
         <run_address>0x6370</run_address>
         <size>0x60</size>
         <input_file_ref idref="fl-2"/>
      </object_component>
      <object_component id="oc-3b8">
         <name>.const:GPIO_PORT_TO_BASE</name>
         <load_address>0x63d0</load_address>
         <run_address>0x63d0</run_address>
         <size>0x30</size>
         <input_file_ref idref="fl-10d"/>
      </object_component>
      <object_component id="oc-220">
         <name>.const:uartConfig</name>
         <load_address>0x6400</load_address>
         <run_address>0x6400</run_address>
         <size>0x28</size>
         <input_file_ref idref="fl-2"/>
      </object_component>
      <object_component id="oc-286">
         <name>.const:g_sCrystalfontz128x128_funcs</name>
         <load_address>0x6428</load_address>
         <run_address>0x6428</run_address>
         <size>0x20</size>
         <input_file_ref idref="fl-6"/>
      </object_component>
      <object_component id="oc-511">
         <name>.const:$P$T0$1</name>
         <load_address>0x6448</load_address>
         <run_address>0x6448</run_address>
         <size>0x1c</size>
         <input_file_ref idref="fl-7"/>
      </object_component>
      <object_component id="oc-2e0">
         <name>.const:.string</name>
         <load_address>0x6464</load_address>
         <run_address>0x6464</run_address>
         <size>0xa</size>
         <input_file_ref idref="fl-3"/>
      </object_component>
      <object_component id="oc-3de">
         <name>.const:$P$T0$1</name>
         <load_address>0x646e</load_address>
         <run_address>0x646e</run_address>
         <size>0x8</size>
         <input_file_ref idref="fl-6"/>
      </object_component>
      <object_component id="oc-e9">
         <name>.const:$P$T1$1</name>
         <load_address>0x6476</load_address>
         <run_address>0x6476</run_address>
         <size>0x8</size>
         <input_file_ref idref="fl-3"/>
      </object_component>
      <object_component id="oc-3f2">
         <name>.const:g_pulEnRegs</name>
         <load_address>0x6480</load_address>
         <run_address>0x6480</run_address>
         <size>0x8</size>
         <input_file_ref idref="fl-10e"/>
      </object_component>
      <object_component id="oc-739">
         <name>.cinit..data.load</name>
         <load_address>0x6488</load_address>
         <run_address>0x6488</run_address>
         <size>0xaa</size>
      </object_component>
      <object_component id="oc-737">
         <name>__TI_handler_table</name>
         <load_address>0x6534</load_address>
         <run_address>0x6534</run_address>
         <size>0xc</size>
      </object_component>
      <object_component id="oc-73a">
         <name>.cinit..bss.load</name>
         <load_address>0x6540</load_address>
         <run_address>0x6540</run_address>
         <size>0x8</size>
      </object_component>
      <object_component id="oc-738">
         <name>__TI_cinit_table</name>
         <load_address>0x6548</load_address>
         <run_address>0x6548</run_address>
         <size>0x10</size>
      </object_component>
      <object_component id="oc-70b">
         <name>.binit</name>
         <load_address>0x0</load_address>
         <run_address>0x0</run_address>
         <size>0x0</size>
      </object_component>
      <object_component id="oc-ec">
         <name>.data</name>
         <load_address>0x200005b8</load_address>
         <run_address>0x200005b8</run_address>
         <size>0x3c</size>
         <input_file_ref idref="fl-2"/>
      </object_component>
      <object_component id="oc-10d">
         <name>.data</name>
         <load_address>0x200005f4</load_address>
         <run_address>0x200005f4</run_address>
         <size>0x1c</size>
         <input_file_ref idref="fl-3"/>
      </object_component>
      <object_component id="oc-187">
         <name>.data</name>
         <load_address>0x20000650</load_address>
         <run_address>0x20000650</run_address>
         <size>0x4</size>
         <input_file_ref idref="fl-5"/>
      </object_component>
      <object_component id="oc-283">
         <name>.data:g_sCrystalfontz128x128</name>
         <load_address>0x20000610</load_address>
         <run_address>0x20000610</run_address>
         <size>0x10</size>
         <input_file_ref idref="fl-6"/>
      </object_component>
      <object_component id="oc-2f0">
         <name>.data:$O1$$</name>
         <load_address>0x20000630</load_address>
         <run_address>0x20000630</run_address>
         <size>0xc</size>
         <input_file_ref idref="fl-d6"/>
      </object_component>
      <object_component id="oc-1c8">
         <name>.data:$O1$$</name>
         <load_address>0x2000063c</load_address>
         <run_address>0x2000063c</run_address>
         <size>0x8</size>
         <input_file_ref idref="fl-d7"/>
      </object_component>
      <object_component id="oc-1cb">
         <name>.data:_ftable</name>
         <load_address>0x20000400</load_address>
         <run_address>0x20000400</run_address>
         <size>0xf0</size>
         <input_file_ref idref="fl-db"/>
      </object_component>
      <object_component id="oc-64a">
         <name>.data</name>
         <load_address>0x20000620</load_address>
         <run_address>0x20000620</run_address>
         <size>0x10</size>
         <input_file_ref idref="fl-db"/>
      </object_component>
      <object_component id="oc-680">
         <name>.data:$O1$$</name>
         <load_address>0x20000644</load_address>
         <run_address>0x20000644</run_address>
         <size>0x8</size>
         <input_file_ref idref="fl-de"/>
      </object_component>
      <object_component id="oc-60d">
         <name>.data:_device</name>
         <load_address>0x200004f0</load_address>
         <run_address>0x200004f0</run_address>
         <size>0x78</size>
         <input_file_ref idref="fl-e4"/>
      </object_component>
      <object_component id="oc-5a4">
         <name>.data:_stream</name>
         <load_address>0x20000568</load_address>
         <run_address>0x20000568</run_address>
         <size>0x50</size>
         <input_file_ref idref="fl-e4"/>
      </object_component>
      <object_component id="oc-4ac">
         <name>.data</name>
         <load_address>0x2000064c</load_address>
         <run_address>0x2000064c</run_address>
         <size>0x4</size>
         <input_file_ref idref="fl-e5"/>
      </object_component>
      <object_component id="oc-6ce">
         <name>.bss:_CIOBUF_</name>
         <uninitialized>true</uninitialized>
         <run_address>0x20000654</run_address>
         <size>0x120</size>
         <input_file_ref idref="fl-f8"/>
      </object_component>
      <object_component id="oc-107">
         <name>.common:g_sContext</name>
         <uninitialized>true</uninitialized>
         <run_address>0x20000814</run_address>
         <size>0x1c</size>
      </object_component>
      <object_component id="oc-10c">
         <name>.common:resultsBuffer</name>
         <uninitialized>true</uninitialized>
         <run_address>0x20000838</run_address>
         <size>0x4</size>
      </object_component>
      <object_component id="oc-3dd">
         <name>.common:Lcd_Orientation</name>
         <uninitialized>true</uninitialized>
         <run_address>0x20000844</run_address>
         <size>0x1</size>
      </object_component>
      <object_component id="oc-3d5">
         <name>.common:Lcd_ScreenWidth</name>
         <uninitialized>true</uninitialized>
         <run_address>0x2000083e</run_address>
         <size>0x2</size>
      </object_component>
      <object_component id="oc-3d8">
         <name>.common:Lcd_ScreenHeigth</name>
         <uninitialized>true</uninitialized>
         <run_address>0x2000083c</run_address>
         <size>0x2</size>
      </object_component>
      <object_component id="oc-3d9">
         <name>.common:Lcd_PenSolid</name>
         <uninitialized>true</uninitialized>
         <run_address>0x20000845</run_address>
         <size>0x1</size>
      </object_component>
      <object_component id="oc-3da">
         <name>.common:Lcd_FontSolid</name>
         <uninitialized>true</uninitialized>
         <run_address>0x20000843</run_address>
         <size>0x1</size>
      </object_component>
      <object_component id="oc-3db">
         <name>.common:Lcd_FlagRead</name>
         <uninitialized>true</uninitialized>
         <run_address>0x20000842</run_address>
         <size>0x1</size>
      </object_component>
      <object_component id="oc-3dc">
         <name>.common:Lcd_TouchTrim</name>
         <uninitialized>true</uninitialized>
         <run_address>0x20000840</run_address>
         <size>0x2</size>
      </object_component>
      <object_component id="oc-698">
         <name>.common:__TI_tmpnams</name>
         <uninitialized>true</uninitialized>
         <run_address>0x20000774</run_address>
         <size>0xa0</size>
      </object_component>
      <object_component id="oc-6a9">
         <name>.common:parmbuf</name>
         <uninitialized>true</uninitialized>
         <run_address>0x20000830</run_address>
         <size>0x8</size>
      </object_component>
      <object_component id="oc-29">
         <name>.sysmem</name>
         <uninitialized>true</uninitialized>
         <run_address>0x20000000</run_address>
         <size>0x10</size>
         <input_file_ref idref="fl-de"/>
      </object_component>
      <object_component id="oc-73d">
         <name>.sysmem</name>
         <uninitialized>true</uninitialized>
         <run_address>0x20000000</run_address>
         <size>0x0</size>
      </object_component>
      <object_component id="oc-2c">
         <name>.stack</name>
         <uninitialized>true</uninitialized>
         <run_address>0x2000fe00</run_address>
         <size>0x4</size>
         <input_file_ref idref="fl-e2"/>
      </object_component>
      <object_component id="oc-73c">
         <name>.stack</name>
         <uninitialized>true</uninitialized>
         <run_address>0x2000fe00</run_address>
         <size>0x0</size>
      </object_component>
      <object_component id="oc-108">
         <name>.debug_info</name>
         <load_address>0x0</load_address>
         <run_address>0x0</run_address>
         <size>0xf3f</size>
         <input_file_ref idref="fl-2"/>
      </object_component>
      <object_component id="oc-ed">
         <name>.debug_info</name>
         <load_address>0xf3f</load_address>
         <run_address>0xf3f</run_address>
         <size>0x470</size>
         <input_file_ref idref="fl-2"/>
      </object_component>
      <object_component id="oc-221">
         <name>.debug_info</name>
         <load_address>0x13af</load_address>
         <run_address>0x13af</run_address>
         <size>0xdb</size>
         <input_file_ref idref="fl-2"/>
      </object_component>
      <object_component id="oc-de">
         <name>.debug_info</name>
         <load_address>0x148a</load_address>
         <run_address>0x148a</run_address>
         <size>0xbc9</size>
         <input_file_ref idref="fl-2"/>
      </object_component>
      <object_component id="oc-128">
         <name>.debug_info</name>
         <load_address>0x2053</load_address>
         <run_address>0x2053</run_address>
         <size>0x26b</size>
         <input_file_ref idref="fl-2"/>
      </object_component>
      <object_component id="oc-2c5">
         <name>.debug_info</name>
         <load_address>0x22be</load_address>
         <run_address>0x22be</run_address>
         <size>0x1055</size>
         <input_file_ref idref="fl-2"/>
      </object_component>
      <object_component id="oc-2c0">
         <name>.debug_info</name>
         <load_address>0x3313</load_address>
         <run_address>0x3313</run_address>
         <size>0x37e2</size>
         <input_file_ref idref="fl-2"/>
      </object_component>
      <object_component id="oc-117">
         <name>.debug_info</name>
         <load_address>0x6af5</load_address>
         <run_address>0x6af5</run_address>
         <size>0x439</size>
         <input_file_ref idref="fl-2"/>
      </object_component>
      <object_component id="oc-121">
         <name>.debug_info</name>
         <load_address>0x6f2e</load_address>
         <run_address>0x6f2e</run_address>
         <size>0x8b</size>
         <input_file_ref idref="fl-2"/>
      </object_component>
      <object_component id="oc-2ea">
         <name>.debug_info</name>
         <load_address>0x6fb9</load_address>
         <run_address>0x6fb9</run_address>
         <size>0x2a4</size>
         <input_file_ref idref="fl-2"/>
      </object_component>
      <object_component id="oc-2d4">
         <name>.debug_info</name>
         <load_address>0x725d</load_address>
         <run_address>0x725d</run_address>
         <size>0xef</size>
         <input_file_ref idref="fl-2"/>
      </object_component>
      <object_component id="oc-11c">
         <name>.debug_info</name>
         <load_address>0x734c</load_address>
         <run_address>0x734c</run_address>
         <size>0xbb</size>
         <input_file_ref idref="fl-2"/>
      </object_component>
      <object_component id="oc-1dc">
[...]
      <symbol id="sm-875">
         <name>parmbuf</name>
         <value>0x20000830</value>
      </symbol>
      <symbol id="sm-876">
         <name>HOSTopen</name>
         <value>0x4dbd</value>
         <object_component_ref idref="oc-650"/>
      </symbol>
      <symbol id="sm-887">
         <name>HOSTread</name>
         <value>0x4fe5</value>
         <object_component_ref idref="oc-65c"/>
      </symbol>
      <symbol id="sm-898">
         <name>HOSTrename</name>
         <value>0x4a89</value>
         <object_component_ref idref="oc-674"/>
      </symbol>
      <symbol id="sm-8a9">
         <name>HOSTunlink</name>
         <value>0x5435</value>
         <object_component_ref idref="oc-66e"/>
      </symbol>
      <symbol id="sm-8ba">
         <name>HOSTwrite</name>
         <value>0x503d</value>
         <object_component_ref idref="oc-662"/>
      </symbol>
      <symbol id="sm-8de">
         <name>__TI_readmsg</name>
         <value>0x5825</value>
         <object_component_ref idref="oc-6a3"/>
      </symbol>
      <symbol id="sm-8df">
         <name>C$$IO$$</name>
         <value>0x56a7</value>
         <object_component_ref idref="oc-69d"/>
      </symbol>
      <symbol id="sm-8e0">
         <name>__CIOBUF_</name>
         <value>0x20000654</value>
         <object_component_ref idref="oc-6ce"/>
      </symbol>
      <symbol id="sm-8e1">
         <name>__TI_writemsg</name>
         <value>0x5679</value>
         <object_component_ref idref="oc-69d"/>
      </symbol>
      <symbol id="sm-8f2">
         <name>lseek</name>
         <value>0x5aed</value>
         <object_component_ref idref="oc-5e6"/>
      </symbol>
      <symbol id="sm-8fc">
         <name>copysign</name>
         <value>0x5c3f</value>
         <object_component_ref idref="oc-576"/>
      </symbol>
      <symbol id="sm-8fd">
         <name>copysignl</name>
         <value>0x5c3f</value>
         <object_component_ref idref="oc-576"/>
      </symbol>
      <symbol id="sm-912">
         <name>__TI_closefile</name>
         <value>0x4935</value>
         <object_component_ref idref="oc-644"/>
      </symbol>
      <symbol id="sm-935">
         <name>finddevice</name>
         <value>0x58ed</value>
         <object_component_ref idref="oc-6ec"/>
      </symbol>
      <symbol id="sm-936">
         <name>getdevice</name>
         <value>0x54bd</value>
         <object_component_ref idref="oc-6c4"/>
      </symbol>
      <symbol id="sm-944">
         <name>strcpy</name>
         <value>0x5d21</value>
         <object_component_ref idref="oc-6b7"/>
      </symbol>
      <symbol id="sm-954">
         <name>strncpy</name>
         <value>0x571d</value>
         <object_component_ref idref="oc-6e6"/>
      </symbol>
      <symbol id="sm-969">
         <name>close</name>
         <value>0x4e7d</value>
         <object_component_ref idref="oc-68c"/>
      </symbol>
      <symbol id="sm-979">
         <name>unlink</name>
         <value>0x59d1</value>
         <object_component_ref idref="oc-692"/>
      </symbol>
      <symbol id="sm-9ab">
         <name>Graphics_drawCircle</name>
         <value>0x257d</value>
         <object_component_ref idref="oc-bf"/>
      </symbol>
      <symbol id="sm-9e1">
         <name>Graphics_setBackgroundColor</name>
         <value>0x5c0b</value>
         <object_component_ref idref="oc-d1"/>
      </symbol>
      <symbol id="sm-9e2">
         <name>Graphics_setFont</name>
         <value>0x5c25</value>
         <object_component_ref idref="oc-21a"/>
      </symbol>
      <symbol id="sm-9e3">
         <name>Graphics_initContext</name>
         <value>0x5195</value>
         <object_component_ref idref="oc-214"/>
      </symbol>
      <symbol id="sm-9e4">
         <name>Graphics_drawPixel</name>
         <value>0x4ed9</value>
         <object_component_ref idref="oc-1ac"/>
      </symbol>
      <symbol id="sm-9e5">
         <name>Graphics_setForegroundColor</name>
         <value>0x5cb5</value>
         <object_component_ref idref="oc-d7"/>
      </symbol>
      <symbol id="sm-9e6">
         <name>Graphics_clearDisplay</name>
         <value>0x5d49</value>
         <object_component_ref idref="oc-110"/>
      </symbol>
      <symbol id="sm-a13">
         <name>Graphics_clearDisplayOnDisplay</name>
         <value>0x5bf1</value>
         <object_component_ref idref="oc-2e3"/>
      </symbol>
      <symbol id="sm-a14">
         <name>Graphics_drawPixelOnDisplay</name>
         <value>0x59a5</value>
         <object_component_ref idref="oc-19f"/>
      </symbol>
      <symbol id="sm-a15">
         <name>Graphics_translateColorOnDisplay</name>
         <value>0x5ccb</value>
         <object_component_ref idref="oc-1e1"/>
      </symbol>
      <symbol id="sm-a16">
         <name>Graphics_drawHorizontalLineOnDisplay</name>
         <value>0x56b1</value>
         <object_component_ref idref="oc-30e"/>
      </symbol>
      <symbol id="sm-a17">
         <name>Graphics_drawVerticalLineOnDisplay</name>
         <value>0x56e7</value>
         <object_component_ref idref="oc-315"/>
      </symbol>
      <symbol id="sm-a29">
         <name>g_sFontFixed6x8</name>
         <value>0x6228</value>
         <object_component_ref idref="oc-289"/>
      </symbol>
      <symbol id="sm-a86">
         <name>Graphics_drawLineH</name>
         <value>0x4325</value>
         <object_component_ref idref="oc-18b"/>
      </symbol>
      <symbol id="sm-a87">
         <name>Graphics_drawLineV</name>
         <value>0x43c1</value>
         <object_component_ref idref="oc-191"/>
      </symbol>
      <symbol id="sm-a88">
         <name>Graphics_drawLine</name>
         <value>0x2cf3</value>
         <object_component_ref idref="oc-b9"/>
      </symbol>
      <symbol id="sm-a96">
         <name>Graphics_drawRectangle</name>
         <value>0x4283</value>
         <object_component_ref idref="oc-b3"/>
      </symbol>
      <symbol id="sm-aee">
         <name>Graphics_drawStringCentered</name>
         <value>0x5319</value>
         <object_component_ref idref="oc-c5"/>
      </symbol>
      <symbol id="sm-aef">
         <name>Graphics_drawString</name>
         <value>0x1799</value>
         <object_component_ref idref="oc-1ba"/>
      </symbol>
      <symbol id="sm-af0">
         <name>Graphics_getStringWidth</name>
         <value>0x3c31</value>
         <object_component_ref idref="oc-1b4"/>
      </symbol>
      <symbol id="sm-be7">
         <name>ADC14_enableInterrupt</name>
         <value>0x58bd</value>
         <object_component_ref idref="oc-23b"/>
      </symbol>
      <symbol id="sm-be8">
         <name>ADC14_getInterruptStatus</name>
         <value>0x594d</value>
         <object_component_ref idref="oc-299"/>
      </symbol>
      <symbol id="sm-be9">
         <name>ADC14_enableSampleTimer</name>
         <value>0x5755</value>
         <object_component_ref idref="oc-24d"/>
      </symbol>
      <symbol id="sm-bea">
         <name>ADC14_enableConversion</name>
         <value>0x59fd</value>
         <object_component_ref idref="oc-253"/>
      </symbol>
      <symbol id="sm-beb">
         <name>ADC14_toggleConversionTrigger</name>
         <value>0x5979</value>
         <object_component_ref idref="oc-259"/>
      </symbol>
      <symbol id="sm-bec">
         <name>ADC14_getEnabledInterruptStatus</name>
         <value>0x5641</value>
         <object_component_ref idref="oc-ef"/>
      </symbol>
      <symbol id="sm-bed">
         <name>ADC14_initModule</name>
         <value>0x50ed</value>
         <object_component_ref idref="oc-229"/>
      </symbol>
      <symbol id="sm-bee">
         <name>ADC14_configureMultiSequenceMode</name>
         <value>0x406d</value>
         <object_component_ref idref="oc-22f"/>
      </symbol>
      <symbol id="sm-bef">
         <name>ADC14_clearInterruptFlag</name>
         <value>0x588d</value>
         <object_component_ref idref="oc-f5"/>
      </symbol>
      <symbol id="sm-bf0">
         <name>ADC14_configureConversionMemory</name>
         <value>0x3fb9</value>
         <object_component_ref idref="oc-235"/>
      </symbol>
      <symbol id="sm-bf1">
         <name>ADC14_enableModule</name>
         <value>0x5dd9</value>
         <object_component_ref idref="oc-223"/>
      </symbol>
      <symbol id="sm-bf2">
         <name>ADC14_getResult</name>
         <value>0x5a25</value>
         <object_component_ref idref="oc-fb"/>
      </symbol>
      <symbol id="sm-c21">
         <name>CS_setDCOCenteredFrequency</name>
         <value>0x5789</value>
         <object_component_ref idref="oc-1f0"/>
      </symbol>
      <symbol id="sm-c22">
         <name>CS_initClockSignal</name>
         <value>0x3399</value>
         <object_component_ref idref="oc-27d"/>
      </symbol>
      <symbol id="sm-c31">
         <name>FlashCtl_setWaitState</name>
         <value>0x52d1</value>
         <object_component_ref idref="oc-277"/>
      </symbol>
      <symbol id="sm-c83">
         <name>GPIO_setOutputHighOnPin</name>
         <value>0x5a4d</value>
         <object_component_ref idref="oc-3cf"/>
      </symbol>
      <symbol id="sm-c84">
         <name>GPIO_setAsInputPinWithPullUpResistor</name>
         <value>0x4f8d</value>
         <object_component_ref idref="oc-25f"/>
      </symbol>
      <symbol id="sm-c85">
         <name>GPIO_setAsOutputPin</name>
         <value>0x5501</value>
         <object_component_ref idref="oc-4ff"/>
      </symbol>
      <symbol id="sm-c86">
         <name>GPIO_setOutputLowOnPin</name>
         <value>0x5a75</value>
         <object_component_ref idref="oc-3c9"/>
      </symbol>
      <symbol id="sm-c87">
         <name>GPIO_setAsPeripheralModuleFunctionOutputPin</name>
         <value>0x46a5</value>
         <object_component_ref idref="oc-4f9"/>
      </symbol>
      <symbol id="sm-c88">
         <name>GPIO_setAsPeripheralModuleFunctionInputPin</name>
         <value>0x461d</value>
         <object_component_ref idref="oc-1ea"/>
      </symbol>
      <symbol id="sm-cb7">
         <name>Interrupt_disableMaster</name>
         <value>0x5d7d</value>
         <object_component_ref idref="oc-26b"/>
      </symbol>
      <symbol id="sm-cb8">
         <name>Interrupt_enableMaster</name>
         <value>0x5d8d</value>
         <object_component_ref idref="oc-247"/>
      </symbol>
      <symbol id="sm-cb9">
         <name>Interrupt_enableInterrupt</name>
         <value>0x4839</value>
         <object_component_ref idref="oc-241"/>
      </symbol>
      <symbol id="sm-d44">
         <name>PCM_setCoreVoltageLevel</name>
         <value>0x5d9d</value>
         <object_component_ref idref="oc-271"/>
      </symbol>
      <symbol id="sm-d45">
         <name>PCM_getCoreVoltageLevel</name>
         <value>0x4e1d</value>
         <object_component_ref idref="oc-533"/>
      </symbol>
      <symbol id="sm-d46">
         <name>PCM_getPowerMode</name>
         <value>0x4f33</value>
         <object_component_ref idref="oc-52d"/>
      </symbol>
      <symbol id="sm-d47">
         <name>PCM_getPowerState</name>
         <value>0x5d0d</value>
         <object_component_ref idref="oc-539"/>
      </symbol>
      <symbol id="sm-d48">
         <name>PCM_gotoLPM0</name>
         <value>0x5a9d</value>
         <object_component_ref idref="oc-e3"/>
      </symbol>
      <symbol id="sm-d49">
         <name>PCM_setPowerMode</name>
         <value>0x5dad</value>
         <object_component_ref idref="oc-53f"/>
      </symbol>
      <symbol id="sm-d89">
         <name>EUSCI_B_SPI_enable</name>
         <value>0x5c9f</value>
         <object_component_ref idref="oc-5bf"/>
      </symbol>
      <symbol id="sm-d8a">
         <name>SPI_enableModule</name>
         <value>0x5b81</value>
         <object_component_ref idref="oc-50b"/>
      </symbol>
      <symbol id="sm-d8b">
         <name>EUSCI_A_SPI_enable</name>
         <value>0x5c89</value>
         <object_component_ref idref="oc-5b9"/>
      </symbol>
      <symbol id="sm-d8c">
         <name>SPI_initMaster</name>
         <value>0x41d3</value>
         <object_component_ref idref="oc-505"/>
      </symbol>
      <symbol id="sm-dc6">
         <name>UART_enableModule</name>
         <value>0x5ce1</value>
         <object_component_ref idref="oc-1fc"/>
      </symbol>
      <symbol id="sm-dc7">
         <name>UART_transmitData</name>
         <value>0x57bd</value>
         <object_component_ref idref="oc-202"/>
      </symbol>
      <symbol id="sm-dc8">
         <name>UART_initModule</name>
         <value>0x35ed</value>
         <object_component_ref idref="oc-1f6"/>
      </symbol>
      <symbol id="sm-dd4">
         <name>WDT_A_holdTimer</name>
         <value>0x5b3d</value>
         <object_component_ref idref="oc-265"/>
      </symbol>
      <symbol id="sm-dee">
         <name>CPU_wfi</name>
         <value>0x5e19</value>
         <object_component_ref idref="oc-28d"/>
      </symbol>
      <symbol id="sm-def">
         <name>CPU_cpsie</name>
         <value>0x5df1</value>
         <object_component_ref idref="oc-3f6"/>
      </symbol>
      <symbol id="sm-df0">
         <name>CPU_cpsid</name>
         <value>0x5de5</value>
         <object_component_ref idref="oc-402"/>
      </symbol>
      <symbol id="sm-df1">
         <name>__TI_static_base__</name>
         <value>0x0</value>
      </symbol>
      <symbol id="sm-df4">
         <name>__mpu_init</name>
         <value>0x0</value>
      </symbol>
      <symbol id="sm-df5">
         <name>_system_post_cinit</name>
         <value>0x0</value>
      </symbol>
      <symbol id="sm-df6">
         <name>NMI_Handler</name>
         <value>0x5dd7</value>
      </symbol>
      <symbol id="sm-df7">
         <name>HardFault_Handler</name>
         <value>0x5dd7</value>
      </symbol>
      <symbol id="sm-df8">
         <name>MemManage_Handler</name>
         <value>0x5dd7</value>
      </symbol>
      <symbol id="sm-df9">
         <name>BusFault_Handler</name>
         <value>0x5dd7</value>
      </symbol>
      <symbol id="sm-dfa">
         <name>UsageFault_Handler</name>
         <value>0x5dd7</value>
      </symbol>
      <symbol id="sm-dfb">
         <name>SVC_Handler</name>
         <value>0x5dd7</value>
      </symbol>
      <symbol id="sm-dfc">
         <name>DebugMon_Handler</name>
         <value>0x5dd7</value>
      </symbol>
      <symbol id="sm-dfd">
         <name>PendSV_Handler</name>
         <value>0x5dd7</value>
      </symbol>
      <symbol id="sm-dfe">
         <name>SysTick_Handler</name>
         <value>0x5dd7</value>
      </symbol>
      <symbol id="sm-dff">
         <name>PSS_IRQHandler</name>
         <value>0x5dd7</value>
      </symbol>
      <symbol id="sm-e00">
         <name>CS_IRQHandler</name>
         <value>0x5dd7</value>
      </symbol>
      <symbol id="sm-e01">
         <name>PCM_IRQHandler</name>
         <value>0x5dd7</value>
      </symbol>
      <symbol id="sm-e02">
         <name>WDT_A_IRQHandler</name>
         <value>0x5dd7</value>
      </symbol>
      <symbol id="sm-e03">
         <name>FPU_IRQHandler</name>
         <value>0x5dd7</value>
      </symbol>
      <symbol id="sm-e04">
         <name>FLCTL_IRQHandler</name>
         <value>0x5dd7</value>
      </symbol>
      <symbol id="sm-e05">
         <name>COMP_E0_IRQHandler</name>
         <value>0x5dd7</value>
      </symbol>
      <symbol id="sm-e06">
         <name>COMP_E1_IRQHandler</name>
         <value>0x5dd7</value>
      </symbol>
      <symbol id="sm-e07">
         <name>TA0_0_IRQHandler</name>
         <value>0x5dd7</value>
      </symbol>
      <symbol id="sm-e08">
         <name>TA0_N_IRQHandler</name>
         <value>0x5dd7</value>
      </symbol>
      <symbol id="sm-e09">
         <name>TA1_0_IRQHandler</name>
         <value>0x5dd7</value>
      </symbol>
      <symbol id="sm-e0a">
         <name>TA1_N_IRQHandler</name>
         <value>0x5dd7</value>
      </symbol>
      <symbol id="sm-e0b">
         <name>TA2_0_IRQHandler</name>
         <value>0x5dd7</value>
      </symbol>
      <symbol id="sm-e0c">
         <name>TA2_N_IRQHandler</name>
         <value>0x5dd7</value>
      </symbol>
      <symbol id="sm-e0d">
         <name>TA3_0_IRQHandler</name>
         <value>0x5dd7</value>
      </symbol>
      <symbol id="sm-e0e">
         <name>TA3_N_IRQHandler</name>
         <value>0x5dd7</value>
      </symbol>
      <symbol id="sm-e0f">
         <name>EUSCIA0_IRQHandler</name>
         <value>0x5dd7</value>
      </symbol>
      <symbol id="sm-e10">
         <name>EUSCIA1_IRQHandler</name>
         <value>0x5dd7</value>
      </symbol>
      <symbol id="sm-e11">
         <name>EUSCIA2_IRQHandler</name>
         <value>0x5dd7</value>
      </symbol>
      <symbol id="sm-e12">
         <name>EUSCIA3_IRQHandler</name>
         <value>0x5dd7</value>
      </symbol>
      <symbol id="sm-e13">
         <name>EUSCIB0_IRQHandler</name>
         <value>0x5dd7</value>
      </symbol>
      <symbol id="sm-e14">
         <name>EUSCIB1_IRQHandler</name>
         <value>0x5dd7</value>
      </symbol>
      <symbol id="sm-e15">
         <name>EUSCIB2_IRQHandler</name>
         <value>0x5dd7</value>
      </symbol>
      <symbol id="sm-e16">
         <name>EUSCIB3_IRQHandler</name>
         <value>0x5dd7</value>
      </symbol>
      <symbol id="sm-e17">
         <name>ADC14_IRQHandler</name>
         <value>0x12a5</value>
      </symbol>
      <symbol id="sm-e18">
         <name>T32_INT1_IRQHandler</name>
         <value>0x5dd7</value>
      </symbol>
      <symbol id="sm-e19">
         <name>T32_INT2_IRQHandler</name>
         <value>0x5dd7</value>
      </symbol>
      <symbol id="sm-e1a">
         <name>T32_INTC_IRQHandler</name>
         <value>0x5dd7</value>
      </symbol>
      <symbol id="sm-e1b">
         <name>AES256_IRQHandler</name>
         <value>0x5dd7</value>
      </symbol>
      <symbol id="sm-e1c">
         <name>RTC_C_IRQHandler</name>
         <value>0x5dd7</value>
      </symbol>
      <symbol id="sm-e1d">
         <name>DMA_ERR_IRQHandler</name>
         <value>0x5dd7</value>
      </symbol>
      <symbol id="sm-e1e">
         <name>DMA_INT3_IRQHandler</name>
         <value>0x5dd7</value>
      </symbol>
      <symbol id="sm-e1f">
         <name>DMA_INT2_IRQHandler</name>
         <value>0x5dd7</value>
      </symbol>
      <symbol id="sm-e20">
         <name>DMA_INT1_IRQHandler</name>
         <value>0x5dd7</value>
      </symbol>
      <symbol id="sm-e21">
         <name>DMA_INT0_IRQHandler</name>
         <value>0x5dd7</value>
      </symbol>
      <symbol id="sm-e22">
         <name>PORT1_IRQHandler</name>
         <value>0x5dd7</value>
      </symbol>
      <symbol id="sm-e23">
         <name>PORT2_IRQHandler</name>
         <value>0x5dd7</value>
      </symbol>
      <symbol id="sm-e24">
         <name>PORT3_IRQHandler</name>
         <value>0x5dd7</value>
      </symbol>
      <symbol id="sm-e25">
         <name>PORT4_IRQHandler</name>
         <value>0x5dd7</value>
      </symbol>
      <symbol id="sm-e26">
         <name>PORT5_IRQHandler</name>
         <value>0x5dd7</value>
      </symbol>
      <symbol id="sm-e27">
         <name>PORT6_IRQHandler</name>
         <value>0x5dd7</value>
      </symbol>
      <symbol id="sm-e28">
         <name>remove</name>
         <value>0x59d1</value>
      </symbol>
   </symbol_table>
   <title>Link successful</title>
</link_info>
