<?xml version="1.0" encoding="ISO-8859-1" ?>
<link_info>
   <banner>TI ARM Linker PC v20.2.7.LTS</banner>
   <copyright>Copyright (c) 1996-2018 Texas Instruments Incorporated</copyright>
   <link_time>0x6738e6f6</link_time>
   <link_errors>0x0</link_errors>
   <output_file>Temperature_sensor.out</output_file>
   <entry_point>
      <name>_c_int00_noargs</name>
      <address>0x4d0d</address>
   </entry_point>
   <input_file_list>
      <input_file id="fl-2">
         <path>.\</path>
         <kind>object</kind>
         <file>HAL_I2C.obj</file>
         <name>HAL_I2C.obj</name>
      </input_file>
      <input_file id="fl-3">
         <path>.\</path>
         <kind>object</kind>
         <file>HAL_TMP006.obj</file>
         <name>HAL_TMP006.obj</name>
      </input_file>
      <input_file id="fl-4">
         <path>.\</path>
         <kind>object</kind>
         <file>main.obj</file>
         <name>main.obj</name>
      </input_file>
      <input_file id="fl-5">
         <path>.\</path>
         <kind>object</kind>
         <file>startup_msp432p401r_ccs.obj</file>
         <name>startup_msp432p401r_ccs.obj</name>
      </input_file>
      <input_file id="fl-6">
         <path>.\</path>
         <kind>object</kind>
         <file>system_msp432p401r.obj</file>
         <name>system_msp432p401r.obj</name>
      </input_file>
      <input_file id="fl-7">
         <path>.\LcdDriver\</path>
         <kind>object</kind>
         <file>Crystalfontz128x128_ST7735.obj</file>
         <name>Crystalfontz128x128_ST7735.obj</name>
      </input_file>
      <input_file id="fl-8">
         <path>.\LcdDriver\</path>
         <kind>object</kind>
         <file>HAL_MSP_EXP432P401R_Crystalfontz128x128_ST7735.obj</file>
         <name>HAL_MSP_EXP432P401R_Crystalfontz128x128_ST7735.obj</name>
      </input_file>
      <input_file id="fl-e">
         <kind>object</kind>
         <file>&lt;internal&gt;</file>
         <name>&lt;internal&gt;</name>
      </input_file>
      <input_file id="fl-c4">
         <path>C:\ti\ccs1270\ccs\tools\compiler\ti-cgt-arm_20.2.7.LTS\lib\</path>
         <kind>archive</kind>
         <file>rtsv7M4_T_le_v4SPD16_eabi.lib</file>
         <name>e_pow.c.obj</name>
      </input_file>
      <input_file id="fl-c5">
         <path>C:\ti\ccs1270\ccs\tools\compiler\ti-cgt-arm_20.2.7.LTS\lib\</path>
         <kind>archive</kind>
         <file>rtsv7M4_T_le_v4SPD16_eabi.lib</file>
         <name>e_sqrt.c.obj</name>
      </input_file>
      <input_file id="fl-c6">
         <path>C:\ti\ccs1270\ccs\tools\compiler\ti-cgt-arm_20.2.7.LTS\lib\</path>
         <kind>archive</kind>
         <file>rtsv7M4_T_le_v4SPD16_eabi.lib</file>
         <name>s_scalbn.c.obj</name>
      </input_file>
      <input_file id="fl-c7">
         <path>C:\ti\ccs1270\ccs\tools\compiler\ti-cgt-arm_20.2.7.LTS\lib\</path>
         <kind>archive</kind>
         <file>rtsv7M4_T_le_v4SPD16_eabi.lib</file>
         <name>sprintf.c.obj</name>
      </input_file>
      <input_file id="fl-c8">
         <path>C:\ti\ccs1270\ccs\tools\compiler\ti-cgt-arm_20.2.7.LTS\lib\</path>
         <kind>archive</kind>
         <file>rtsv7M4_T_le_v4SPD16_eabi.lib</file>
         <name>fd_add_t2.asm.obj</name>
      </input_file>
      <input_file id="fl-c9">
         <path>C:\ti\ccs1270\ccs\tools\compiler\ti-cgt-arm_20.2.7.LTS\lib\</path>
         <kind>archive</kind>
         <file>rtsv7M4_T_le_v4SPD16_eabi.lib</file>
         <name>fd_cmp_t2.asm.obj</name>
      </input_file>
      <input_file id="fl-ca">
         <path>C:\ti\ccs1270\ccs\tools\compiler\ti-cgt-arm_20.2.7.LTS\lib\</path>
         <kind>archive</kind>
         <file>rtsv7M4_T_le_v4SPD16_eabi.lib</file>
         <name>fd_div_t2.asm.obj</name>
      </input_file>
      <input_file id="fl-cb">
         <path>C:\ti\ccs1270\ccs\tools\compiler\ti-cgt-arm_20.2.7.LTS\lib\</path>
         <kind>archive</kind>
         <file>rtsv7M4_T_le_v4SPD16_eabi.lib</file>
         <name>fd_mul_t2.asm.obj</name>
      </input_file>
      <input_file id="fl-cc">
         <path>C:\ti\ccs1270\ccs\tools\compiler\ti-cgt-arm_20.2.7.LTS\lib\</path>
         <kind>archive</kind>
         <file>rtsv7M4_T_le_v4SPD16_eabi.lib</file>
         <name>fd_tos_t2.asm.obj</name>
      </input_file>
      <input_file id="fl-cd">
         <path>C:\ti\ccs1270\ccs\tools\compiler\ti-cgt-arm_20.2.7.LTS\lib\</path>
         <kind>archive</kind>
         <file>rtsv7M4_T_le_v4SPD16_eabi.lib</file>
         <name>fs_tod_t2.asm.obj</name>
      </input_file>
      <input_file id="fl-ce">
         <path>C:\ti\ccs1270\ccs\tools\compiler\ti-cgt-arm_20.2.7.LTS\lib\</path>
         <kind>archive</kind>
         <file>rtsv7M4_T_le_v4SPD16_eabi.lib</file>
         <name>i_tofd_t2.asm.obj</name>
      </input_file>
      <input_file id="fl-cf">
         <path>C:\ti\ccs1270\ccs\tools\compiler\ti-cgt-arm_20.2.7.LTS\lib\</path>
         <kind>archive</kind>
         <file>rtsv7M4_T_le_v4SPD16_eabi.lib</file>
         <name>memcpy_t2.asm.obj</name>
      </input_file>
      <input_file id="fl-d0">
         <path>C:\ti\ccs1270\ccs\tools\compiler\ti-cgt-arm_20.2.7.LTS\lib\</path>
         <kind>archive</kind>
         <file>rtsv7M4_T_le_v4SPD16_eabi.lib</file>
         <name>copy_zero_init.c.obj</name>
      </input_file>
      <input_file id="fl-d1">
         <path>C:\ti\ccs1270\ccs\tools\compiler\ti-cgt-arm_20.2.7.LTS\lib\</path>
         <kind>archive</kind>
         <file>rtsv7M4_T_le_v4SPD16_eabi.lib</file>
         <name>copy_decompress_none.c.obj</name>
      </input_file>
      <input_file id="fl-d2">
         <path>C:\ti\ccs1270\ccs\tools\compiler\ti-cgt-arm_20.2.7.LTS\lib\</path>
         <kind>archive</kind>
         <file>rtsv7M4_T_le_v4SPD16_eabi.lib</file>
         <name>copy_decompress_lzss.c.obj</name>
      </input_file>
      <input_file id="fl-d3">
         <path>C:\ti\ccs1270\ccs\tools\compiler\ti-cgt-arm_20.2.7.LTS\lib\</path>
         <kind>archive</kind>
         <file>rtsv7M4_T_le_v4SPD16_eabi.lib</file>
         <name>boot_cortex_m.c.obj</name>
      </input_file>
      <input_file id="fl-d4">
         <path>C:\ti\ccs1270\ccs\tools\compiler\ti-cgt-arm_20.2.7.LTS\lib\</path>
         <kind>archive</kind>
         <file>rtsv7M4_T_le_v4SPD16_eabi.lib</file>
         <name>errno.c.obj</name>
      </input_file>
      <input_file id="fl-d5">
         <path>C:\ti\ccs1270\ccs\tools\compiler\ti-cgt-arm_20.2.7.LTS\lib\</path>
         <kind>archive</kind>
         <file>rtsv7M4_T_le_v4SPD16_eabi.lib</file>
         <name>s_copysign.c.obj</name>
      </input_file>
      <input_file id="fl-d6">
         <path>C:\ti\ccs1270\ccs\tools\compiler\ti-cgt-arm_20.2.7.LTS\lib\</path>
         <kind>archive</kind>
         <file>rtsv7M4_T_le_v4SPD16_eabi.lib</file>
         <name>_printfi.c.obj</name>
      </input_file>
      <input_file id="fl-d7">
         <path>C:\ti\ccs1270\ccs\tools\compiler\ti-cgt-arm_20.2.7.LTS\lib\</path>
         <kind>archive</kind>
         <file>rtsv7M4_T_le_v4SPD16_eabi.lib</file>
         <name>fd_toi_t2.asm.obj</name>
      </input_file>
      <input_file id="fl-d8">
         <path>C:\ti\ccs1270\ccs\tools\compiler\ti-cgt-arm_20.2.7.LTS\lib\</path>
         <kind>archive</kind>
         <file>rtsv7M4_T_le_v4SPD16_eabi.lib</file>
         <name>memset_t2.asm.obj</name>
      </input_file>
      <input_file id="fl-d9">
         <path>C:\ti\ccs1270\ccs\tools\compiler\ti-cgt-arm_20.2.7.LTS\lib\</path>
         <kind>archive</kind>
         <file>rtsv7M4_T_le_v4SPD16_eabi.lib</file>
         <name>ull_div_t2.asm.obj</name>
      </input_file>
      <input_file id="fl-da">
         <path>C:\ti\ccs1270\ccs\tools\compiler\ti-cgt-arm_20.2.7.LTS\lib\</path>
         <kind>archive</kind>
         <file>rtsv7M4_T_le_v4SPD16_eabi.lib</file>
         <name>autoinit.c.obj</name>
      </input_file>
      <input_file id="fl-db">
         <path>C:\ti\ccs1270\ccs\tools\compiler\ti-cgt-arm_20.2.7.LTS\lib\</path>
         <kind>archive</kind>
         <file>rtsv7M4_T_le_v4SPD16_eabi.lib</file>
         <name>pre_init.c.obj</name>
      </input_file>
      <input_file id="fl-dc">
         <path>C:\ti\ccs1270\ccs\tools\compiler\ti-cgt-arm_20.2.7.LTS\lib\</path>
         <kind>archive</kind>
         <file>rtsv7M4_T_le_v4SPD16_eabi.lib</file>
         <name>cpy_tbl.c.obj</name>
      </input_file>
      <input_file id="fl-dd">
         <path>C:\ti\ccs1270\ccs\tools\compiler\ti-cgt-arm_20.2.7.LTS\lib\</path>
         <kind>archive</kind>
         <file>rtsv7M4_T_le_v4SPD16_eabi.lib</file>
         <name>exit.c.obj</name>
      </input_file>
      <input_file id="fl-de">
         <path>C:\ti\ccs1270\ccs\tools\compiler\ti-cgt-arm_20.2.7.LTS\lib\</path>
         <kind>archive</kind>
         <file>rtsv7M4_T_le_v4SPD16_eabi.lib</file>
         <name>_lock.c.obj</name>
      </input_file>
      <input_file id="fl-df">
         <path>C:\ti\ccs1270\ccs\tools\compiler\ti-cgt-arm_20.2.7.LTS\lib\</path>
         <kind>archive</kind>
         <file>rtsv7M4_T_le_v4SPD16_eabi.lib</file>
         <name>_ltoa.c.obj</name>
      </input_file>
      <input_file id="fl-e0">
         <path>C:\ti\ccs1270\ccs\tools\compiler\ti-cgt-arm_20.2.7.LTS\lib\</path>
         <kind>archive</kind>
         <file>rtsv7M4_T_le_v4SPD16_eabi.lib</file>
         <name>args_main.c.obj</name>
      </input_file>
      <input_file id="fl-e1">
         <path>C:\ti\ccs1270\ccs\tools\compiler\ti-cgt-arm_20.2.7.LTS\lib\</path>
         <kind>archive</kind>
         <file>rtsv7M4_T_le_v4SPD16_eabi.lib</file>
         <name>atoi.c.obj</name>
      </input_file>
      <input_file id="fl-e2">
         <path>C:\ti\ccs1270\ccs\tools\compiler\ti-cgt-arm_20.2.7.LTS\lib\</path>
         <kind>archive</kind>
         <file>rtsv7M4_T_le_v4SPD16_eabi.lib</file>
         <name>ctype.c.obj</name>
      </input_file>
      <input_file id="fl-e3">
         <path>C:\ti\ccs1270\ccs\tools\compiler\ti-cgt-arm_20.2.7.LTS\lib\</path>
         <kind>archive</kind>
         <file>rtsv7M4_T_le_v4SPD16_eabi.lib</file>
         <name>memccpy.c.obj</name>
      </input_file>
      <input_file id="fl-e4">
         <path>C:\ti\ccs1270\ccs\tools\compiler\ti-cgt-arm_20.2.7.LTS\lib\</path>
         <kind>archive</kind>
         <file>rtsv7M4_T_le_v4SPD16_eabi.lib</file>
         <name>strchr.c.obj</name>
      </input_file>
      <input_file id="fl-e5">
         <path>C:\ti\ccs1270\ccs\tools\compiler\ti-cgt-arm_20.2.7.LTS\lib\</path>
         <kind>archive</kind>
         <file>rtsv7M4_T_le_v4SPD16_eabi.lib</file>
         <name>strlen.c.obj</name>
      </input_file>
      <input_file id="fl-e6">
         <path>C:\ti\ccs1270\ccs\tools\compiler\ti-cgt-arm_20.2.7.LTS\lib\</path>
         <kind>archive</kind>
         <file>rtsv7M4_T_le_v4SPD16_eabi.lib</file>
         <name>wcslen.c.obj</name>
      </input_file>
      <input_file id="fl-e7">
         <path>C:\ti\ccs1270\ccs\tools\compiler\ti-cgt-arm_20.2.7.LTS\lib\</path>
         <kind>archive</kind>
         <file>rtsv7M4_T_le_v4SPD16_eabi.lib</file>
         <name>s_frexp.c.obj</name>
      </input_file>
      <input_file id="fl-e8">
         <path>C:\ti\ccs1270\ccs\tools\compiler\ti-cgt-arm_20.2.7.LTS\lib\</path>
         <kind>archive</kind>
         <file>rtsv7M4_T_le_v4SPD16_eabi.lib</file>
         <name>div0.asm.obj</name>
      </input_file>
      <input_file id="fl-e9">
         <path>C:\Users\Dennis\OneDrive\Documenti\DriverLibraryEmbedded\simplelink_msp432p4_sdk_3_40_01_02\simplelink_msp432p4_sdk_3_40_01_02\source\ti\grlib\lib\ccs\m4\</path>
         <kind>archive</kind>
         <file>grlib.a</file>
         <name>context.obj</name>
      </input_file>
      <input_file id="fl-ea">
         <path>C:\Users\Dennis\OneDrive\Documenti\DriverLibraryEmbedded\simplelink_msp432p4_sdk_3_40_01_02\simplelink_msp432p4_sdk_3_40_01_02\source\ti\grlib\lib\ccs\m4\</path>
         <kind>archive</kind>
         <file>grlib.a</file>
         <name>display.obj</name>
      </input_file>
      <input_file id="fl-eb">
         <path>C:\Users\Dennis\OneDrive\Documenti\DriverLibraryEmbedded\simplelink_msp432p4_sdk_3_40_01_02\simplelink_msp432p4_sdk_3_40_01_02\source\ti\grlib\lib\ccs\m4\</path>
         <kind>archive</kind>
         <file>grlib.a</file>
         <name>fontfixed6x8.obj</name>
      </input_file>
      <input_file id="fl-ec">
         <path>C:\Users\Dennis\OneDrive\Documenti\DriverLibraryEmbedded\simplelink_msp432p4_sdk_3_40_01_02\simplelink_msp432p4_sdk_3_40_01_02\source\ti\grlib\lib\ccs\m4\</path>
         <kind>archive</kind>
         <file>grlib.a</file>
         <name>string.obj</name>
      </input_file>
      <input_file id="fl-ed">
         <path>C:\Users\Dennis\OneDrive\Documenti\DriverLibraryEmbedded\simplelink_msp432p4_sdk_3_40_01_02\simplelink_msp432p4_sdk_3_40_01_02\source\ti\grlib\lib\ccs\m4\</path>
         <kind>archive</kind>
         <file>grlib.a</file>
         <name>line.obj</name>
      </input_file>
      <input_file id="fl-ee">
         <path>C:\Users\Dennis\OneDrive\Documenti\DriverLibraryEmbedded\simplelink_msp432p4_sdk_3_40_01_02\simplelink_msp432p4_sdk_3_40_01_02\source\ti\devices\msp432p4xx\driverlib\ccs\</path>
         <kind>archive</kind>
         <file>msp432p4xx_driverlib.lib</file>
         <name>cs.o</name>
      </input_file>
      <input_file id="fl-ef">
         <path>C:\Users\Dennis\OneDrive\Documenti\DriverLibraryEmbedded\simplelink_msp432p4_sdk_3_40_01_02\simplelink_msp432p4_sdk_3_40_01_02\source\ti\devices\msp432p4xx\driverlib\ccs\</path>
         <kind>archive</kind>
         <file>msp432p4xx_driverlib.lib</file>
         <name>flash.o</name>
      </input_file>
      <input_file id="fl-f0">
         <path>C:\Users\Dennis\OneDrive\Documenti\DriverLibraryEmbedded\simplelink_msp432p4_sdk_3_40_01_02\simplelink_msp432p4_sdk_3_40_01_02\source\ti\devices\msp432p4xx\driverlib\ccs\</path>
         <kind>archive</kind>
         <file>msp432p4xx_driverlib.lib</file>
         <name>gpio.o</name>
      </input_file>
      <input_file id="fl-f1">
         <path>C:\Users\Dennis\OneDrive\Documenti\DriverLibraryEmbedded\simplelink_msp432p4_sdk_3_40_01_02\simplelink_msp432p4_sdk_3_40_01_02\source\ti\devices\msp432p4xx\driverlib\ccs\</path>
         <kind>archive</kind>
         <file>msp432p4xx_driverlib.lib</file>
         <name>i2c.o</name>
      </input_file>
      <input_file id="fl-f2">
         <path>C:\Users\Dennis\OneDrive\Documenti\DriverLibraryEmbedded\simplelink_msp432p4_sdk_3_40_01_02\simplelink_msp432p4_sdk_3_40_01_02\source\ti\devices\msp432p4xx\driverlib\ccs\</path>
         <kind>archive</kind>
         <file>msp432p4xx_driverlib.lib</file>
         <name>interrupt.o</name>
      </input_file>
      <input_file id="fl-f3">
         <path>C:\Users\Dennis\OneDrive\Documenti\DriverLibraryEmbedded\simplelink_msp432p4_sdk_3_40_01_02\simplelink_msp432p4_sdk_3_40_01_02\source\ti\devices\msp432p4xx\driverlib\ccs\</path>
         <kind>archive</kind>
         <file>msp432p4xx_driverlib.lib</file>
         <name>pcm.o</name>
      </input_file>
      <input_file id="fl-f4">
         <path>C:\Users\Dennis\OneDrive\Documenti\DriverLibraryEmbedded\simplelink_msp432p4_sdk_3_40_01_02\simplelink_msp432p4_sdk_3_40_01_02\source\ti\devices\msp432p4xx\driverlib\ccs\</path>
         <kind>archive</kind>
         <file>msp432p4xx_driverlib.lib</file>
         <name>rtc_c.o</name>
      </input_file>
      <input_file id="fl-f5">
         <path>C:\Users\Dennis\OneDrive\Documenti\DriverLibraryEmbedded\simplelink_msp432p4_sdk_3_40_01_02\simplelink_msp432p4_sdk_3_40_01_02\source\ti\devices\msp432p4xx\driverlib\ccs\</path>
         <kind>archive</kind>
         <file>msp432p4xx_driverlib.lib</file>
         <name>spi.o</name>
      </input_file>
      <input_file id="fl-f6">
         <path>C:\Users\Dennis\OneDrive\Documenti\DriverLibraryEmbedded\simplelink_msp432p4_sdk_3_40_01_02\simplelink_msp432p4_sdk_3_40_01_02\source\ti\devices\msp432p4xx\driverlib\ccs\</path>
         <kind>archive</kind>
         <file>msp432p4xx_driverlib.lib</file>
         <name>sysctl.o</name>
      </input_file>
      <input_file id="fl-f7">
         <path>C:\Users\Dennis\OneDrive\Documenti\DriverLibraryEmbedded\simplelink_msp432p4_sdk_3_40_01_02\simplelink_msp432p4_sdk_3_40_01_02\source\ti\devices\msp432p4xx\driverlib\ccs\</path>
         <kind>archive</kind>
         <file>msp432p4xx_driverlib.lib</file>
         <name>sysctl_a.o</name>
      </input_file>
      <input_file id="fl-f8">
         <path>C:\Users\Dennis\OneDrive\Documenti\DriverLibraryEmbedded\simplelink_msp432p4_sdk_3_40_01_02\simplelink_msp432p4_sdk_3_40_01_02\source\ti\devices\msp432p4xx\driverlib\ccs\</path>
         <kind>archive</kind>
         <file>msp432p4xx_driverlib.lib</file>
         <name>timer_a.o</name>
      </input_file>
      <input_file id="fl-f9">
         <path>C:\Users\Dennis\OneDrive\Documenti\DriverLibraryEmbedded\simplelink_msp432p4_sdk_3_40_01_02\simplelink_msp432p4_sdk_3_40_01_02\source\ti\devices\msp432p4xx\driverlib\ccs\</path>
         <kind>archive</kind>
         <file>msp432p4xx_driverlib.lib</file>
         <name>wdt_a.o</name>
      </input_file>
      <input_file id="fl-fa">
         <path>C:\Users\Dennis\OneDrive\Documenti\DriverLibraryEmbedded\simplelink_msp432p4_sdk_3_40_01_02\simplelink_msp432p4_sdk_3_40_01_02\source\ti\devices\msp432p4xx\driverlib\ccs\</path>
         <kind>archive</kind>
         <file>msp432p4xx_driverlib.lib</file>
         <name>cpu.o</name>
      </input_file>
   </input_file_list>
   <object_component_list>
      <object_component id="oc-26">
         <name>.intvecs:retain</name>
         <load_address>0x0</load_address>
         <run_address>0x0</run_address>
         <size>0xe4</size>
         <input_file_ref idref="fl-5"/>
      </object_component>
      <object_component id="oc-2c5">
         <name>.text:__TI_printfi</name>
         <load_address>0xe4</load_address>
         <run_address>0xe4</run_address>
         <size>0xa4e</size>
         <input_file_ref idref="fl-d6"/>
      </object_component>
      <object_component id="oc-544">
         <name>.text</name>
         <load_address>0xb32</load_address>
         <run_address>0xb32</run_address>
         <size>0x2</size>
         <input_file_ref idref="fl-e8"/>
      </object_component>
      <object_component id="oc-26f">
         <name>.text:pow</name>
         <load_address>0xb34</load_address>
         <run_address>0xb34</run_address>
         <size>0x9d0</size>
         <input_file_ref idref="fl-c4"/>
      </object_component>
      <object_component id="oc-ac">
         <name>.text</name>
         <load_address>0x1504</load_address>
         <run_address>0x1504</run_address>
         <size>0x680</size>
         <input_file_ref idref="fl-7"/>
      </object_component>
      <object_component id="oc-2b7">
         <name>.text:Graphics_drawString</name>
         <load_address>0x1b84</load_address>
         <run_address>0x1b84</run_address>
         <size>0x47e</size>
         <input_file_ref idref="fl-ec"/>
      </object_component>
      <object_component id="oc-d6">
         <name>.text</name>
         <load_address>0x2004</load_address>
         <run_address>0x2004</run_address>
         <size>0x408</size>
         <input_file_ref idref="fl-3"/>
      </object_component>
      <object_component id="oc-a5">
         <name>.text</name>
         <load_address>0x240c</load_address>
         <run_address>0x240c</run_address>
         <size>0x334</size>
         <input_file_ref idref="fl-6"/>
      </object_component>
      <object_component id="oc-408">
         <name>.text:_pconv_a</name>
         <load_address>0x2740</load_address>
         <run_address>0x2740</run_address>
         <size>0x270</size>
         <input_file_ref idref="fl-d6"/>
      </object_component>
      <object_component id="oc-6d">
         <name>.text</name>
         <load_address>0x29b0</load_address>
         <run_address>0x29b0</run_address>
         <size>0x250</size>
         <input_file_ref idref="fl-4"/>
      </object_component>
      <object_component id="oc-3f6">
         <name>.text:_pconv_g</name>
         <load_address>0x2c00</load_address>
         <run_address>0x2c00</run_address>
         <size>0x1d0</size>
         <input_file_ref idref="fl-d6"/>
      </object_component>
      <object_component id="oc-14c">
         <name>.text</name>
         <load_address>0x2dd0</load_address>
         <run_address>0x2dd0</run_address>
         <size>0x1b6</size>
         <input_file_ref idref="fl-c8"/>
      </object_component>
      <object_component id="oc-49c">
         <name>.text:__PCM_setPowerModeAdvanced</name>
         <load_address>0x2f88</load_address>
         <run_address>0x2f88</run_address>
         <size>0x15c</size>
         <input_file_ref idref="fl-f3"/>
      </object_component>
      <object_component id="oc-36f">
         <name>.text:sqrt</name>
         <load_address>0x30e4</load_address>
         <run_address>0x30e4</run_address>
         <size>0x158</size>
         <input_file_ref idref="fl-c5"/>
      </object_component>
      <object_component id="oc-281">
         <name>.text:privateTimer_AProcessClockSourceDivider</name>
         <load_address>0x323c</load_address>
         <run_address>0x323c</run_address>
         <size>0x144</size>
         <input_file_ref idref="fl-f8"/>
      </object_component>
      <object_component id="oc-402">
         <name>.text:_pconv_e</name>
         <load_address>0x3380</load_address>
         <run_address>0x3380</run_address>
         <size>0x13c</size>
         <input_file_ref idref="fl-d6"/>
      </object_component>
      <object_component id="oc-275">
         <name>.text</name>
         <load_address>0x34bc</load_address>
         <run_address>0x34bc</run_address>
         <size>0x136</size>
         <input_file_ref idref="fl-ca"/>
      </object_component>
      <object_component id="oc-e2">
         <name>.text:CS_initClockSignal</name>
         <load_address>0x35f4</load_address>
         <run_address>0x35f4</run_address>
         <size>0x130</size>
         <input_file_ref idref="fl-ee"/>
      </object_component>
      <object_component id="oc-4d4">
         <name>.text:fcvt</name>
         <load_address>0x3724</load_address>
         <run_address>0x3724</run_address>
         <size>0x124</size>
         <input_file_ref idref="fl-d6"/>
      </object_component>
      <object_component id="oc-d0">
         <name>.text</name>
         <load_address>0x3848</load_address>
         <run_address>0x3848</run_address>
         <size>0x118</size>
         <input_file_ref idref="fl-2"/>
      </object_component>
      <object_component id="oc-388">
         <name>.text:scalbn</name>
         <load_address>0x3960</load_address>
         <run_address>0x3960</run_address>
         <size>0x110</size>
         <input_file_ref idref="fl-c6"/>
      </object_component>
      <object_component id="oc-2a3">
         <name>.text:__PCM_setCoreVoltageLevelAdvanced</name>
         <load_address>0x3a70</load_address>
         <run_address>0x3a70</run_address>
         <size>0x108</size>
         <input_file_ref idref="fl-f3"/>
      </object_component>
      <object_component id="oc-151">
         <name>.text</name>
         <load_address>0x3b78</load_address>
         <run_address>0x3b78</run_address>
         <size>0xfc</size>
         <input_file_ref idref="fl-cb"/>
      </object_component>
      <object_component id="oc-2b1">
         <name>.text:Graphics_getStringWidth</name>
         <load_address>0x3c74</load_address>
         <run_address>0x3c74</run_address>
         <size>0xfa</size>
         <input_file_ref idref="fl-ec"/>
      </object_component>
      <object_component id="oc-1d1">
         <name>.text</name>
         <load_address>0x3d70</load_address>
         <run_address>0x3d70</run_address>
         <size>0xcc</size>
         <input_file_ref idref="fl-8"/>
      </object_component>
      <object_component id="oc-3f0">
         <name>.text:_ltostr</name>
         <load_address>0x3e3c</load_address>
         <run_address>0x3e3c</run_address>
         <size>0xb1</size>
         <input_file_ref idref="fl-d6"/>
      </object_component>
      <object_component id="oc-328">
         <name>.text:SPI_initMaster</name>
         <load_address>0x3eee</load_address>
         <run_address>0x3eee</run_address>
         <size>0xb0</size>
         <input_file_ref idref="fl-f5"/>
      </object_component>
      <object_component id="oc-3d5">
         <name>.text:Graphics_drawLineH</name>
         <load_address>0x3f9e</load_address>
         <run_address>0x3f9e</run_address>
         <size>0x9c</size>
         <input_file_ref idref="fl-ed"/>
      </object_component>
      <object_component id="oc-37">
         <name>.text</name>
         <load_address>0x403a</load_address>
         <run_address>0x403a</run_address>
         <size>0x9c</size>
         <input_file_ref idref="fl-cf"/>
      </object_component>
      <object_component id="oc-4b6">
         <name>.text</name>
         <load_address>0x40d6</load_address>
         <run_address>0x40d6</run_address>
         <size>0x96</size>
         <input_file_ref idref="fl-d9"/>
      </object_component>
      <object_component id="oc-206">
         <name>.text:GPIO_setAsPeripheralModuleFunctionOutputPin</name>
         <load_address>0x416c</load_address>
         <run_address>0x416c</run_address>
         <size>0x88</size>
         <input_file_ref idref="fl-f0"/>
      </object_component>
      <object_component id="oc-37e">
         <name>.text:__aeabi_cdcmple</name>
         <load_address>0x41f4</load_address>
         <run_address>0x41f4</run_address>
         <size>0x86</size>
         <input_file_ref idref="fl-c9"/>
      </object_component>
      <object_component id="oc-383">
         <name>.text:__aeabi_cdrcmple</name>
         <load_address>0x427a</load_address>
         <run_address>0x427a</run_address>
         <size>0x86</size>
         <input_file_ref idref="fl-c9"/>
      </object_component>
      <object_component id="oc-f4">
         <name>.text:Interrupt_enableInterrupt</name>
         <load_address>0x4300</load_address>
         <run_address>0x4300</run_address>
         <size>0x80</size>
         <input_file_ref idref="fl-f2"/>
      </object_component>
      <object_component id="oc-8d">
         <name>.text</name>
         <load_address>0x4380</load_address>
         <run_address>0x4380</run_address>
         <size>0x7a</size>
         <input_file_ref idref="fl-d8"/>
      </object_component>
      <object_component id="oc-4cd">
         <name>.text:_mcpy</name>
         <load_address>0x43fa</load_address>
         <run_address>0x43fa</run_address>
         <size>0x6e</size>
         <input_file_ref idref="fl-d6"/>
      </object_component>
      <object_component id="oc-142">
         <name>.text</name>
         <load_address>0x4468</load_address>
         <run_address>0x4468</run_address>
         <size>0x6e</size>
         <input_file_ref idref="fl-cc"/>
      </object_component>
      <object_component id="oc-25a">
         <name>.text:I2C_masterSendMultiByteFinish</name>
         <load_address>0x44d8</load_address>
         <run_address>0x44d8</run_address>
         <size>0x6c</size>
         <input_file_ref idref="fl-f1"/>
      </object_component>
      <object_component id="oc-230">
         <name>.text:I2C_masterSendMultiByteStart</name>
         <load_address>0x4544</load_address>
         <run_address>0x4544</run_address>
         <size>0x68</size>
         <input_file_ref idref="fl-f1"/>
      </object_component>
      <object_component id="oc-17">
         <name>.text:decompress:lzss:__TI_decompress_lzss</name>
         <load_address>0x45ac</load_address>
         <run_address>0x45ac</run_address>
         <size>0x68</size>
         <input_file_ref idref="fl-d2"/>
      </object_component>
      <object_component id="oc-4e2">
         <name>.text:frexp</name>
         <load_address>0x4614</load_address>
         <run_address>0x4614</run_address>
         <size>0x64</size>
         <input_file_ref idref="fl-e7"/>
      </object_component>
      <object_component id="oc-20c">
         <name>.text:I2C_initMaster</name>
         <load_address>0x4678</load_address>
         <run_address>0x4678</run_address>
         <size>0x62</size>
         <input_file_ref idref="fl-f1"/>
      </object_component>
      <object_component id="oc-3b8">
         <name>.text:PCM_getCoreVoltageLevel</name>
         <load_address>0x46da</load_address>
         <run_address>0x46da</run_address>
         <size>0x5e</size>
         <input_file_ref idref="fl-f3"/>
      </object_component>
      <object_component id="oc-3b2">
         <name>.text:PCM_getPowerMode</name>
         <load_address>0x4738</load_address>
         <run_address>0x4738</run_address>
         <size>0x5a</size>
         <input_file_ref idref="fl-f3"/>
      </object_component>
      <object_component id="oc-3fc">
         <name>.text:_pconv_f</name>
         <load_address>0x4792</load_address>
         <run_address>0x4792</run_address>
         <size>0x56</size>
         <input_file_ref idref="fl-d6"/>
      </object_component>
      <object_component id="oc-4c1">
         <name>.text:__TI_ltoa</name>
         <load_address>0x47e8</load_address>
         <run_address>0x47e8</run_address>
         <size>0x54</size>
         <input_file_ref idref="fl-df"/>
      </object_component>
      <object_component id="oc-b2">
         <name>.text:Graphics_initContext</name>
         <load_address>0x483c</load_address>
         <run_address>0x483c</run_address>
         <size>0x52</size>
         <input_file_ref idref="fl-e9"/>
      </object_component>
      <object_component id="oc-4c7">
         <name>.text:_ecpy</name>
         <load_address>0x488e</load_address>
         <run_address>0x488e</run_address>
         <size>0x52</size>
         <input_file_ref idref="fl-d6"/>
      </object_component>
      <object_component id="oc-3ea">
         <name>.text:atoi</name>
         <load_address>0x48e0</load_address>
         <run_address>0x48e0</run_address>
         <size>0x4c</size>
         <input_file_ref idref="fl-e1"/>
      </object_component>
      <object_component id="oc-118">
         <name>.text:FlashCtl_setWaitState</name>
         <load_address>0x492c</load_address>
         <run_address>0x492c</run_address>
         <size>0x48</size>
         <input_file_ref idref="fl-ef"/>
      </object_component>
      <object_component id="oc-130">
         <name>.text:Graphics_drawStringCentered</name>
         <load_address>0x4974</load_address>
         <run_address>0x4974</run_address>
         <size>0x48</size>
         <input_file_ref idref="fl-ec"/>
      </object_component>
      <object_component id="oc-4bc">
         <name>.text</name>
         <load_address>0x49bc</load_address>
         <run_address>0x49bc</run_address>
         <size>0x48</size>
         <input_file_ref idref="fl-d7"/>
      </object_component>
      <object_component id="oc-196">
         <name>.text:__TI_auto_init_nobinit_nopinit:__TI_auto_init_nobinit_nopinit</name>
         <load_address>0x4a04</load_address>
         <run_address>0x4a04</run_address>
         <size>0x44</size>
         <input_file_ref idref="fl-da"/>
      </object_component>
      <object_component id="oc-124">
         <name>.text:GPIO_setAsOutputPin</name>
         <load_address>0x4a48</load_address>
         <run_address>0x4a48</run_address>
         <size>0x40</size>
         <input_file_ref idref="fl-f0"/>
      </object_component>
      <object_component id="oc-3cf">
         <name>.text:Graphics_getNumberOfLeadingZeros</name>
         <load_address>0x4a88</load_address>
         <run_address>0x4a88</run_address>
         <size>0x40</size>
         <input_file_ref idref="fl-ec"/>
      </object_component>
      <object_component id="oc-24e">
         <name>.text:I2C_masterReceiveMultiByteFinish</name>
         <load_address>0x4ac8</load_address>
         <run_address>0x4ac8</run_address>
         <size>0x40</size>
         <input_file_ref idref="fl-f1"/>
      </object_component>
      <object_component id="oc-456">
         <name>.text:is_A_Module</name>
         <load_address>0x4b08</load_address>
         <run_address>0x4b08</run_address>
         <size>0x40</size>
         <input_file_ref idref="fl-f5"/>
      </object_component>
      <object_component id="oc-156">
         <name>.text:sprintf</name>
         <load_address>0x4b48</load_address>
         <run_address>0x4b48</run_address>
         <size>0x40</size>
         <input_file_ref idref="fl-c7"/>
      </object_component>
      <object_component id="oc-4da">
         <name>.text:_fcpy</name>
         <load_address>0x4b88</load_address>
         <run_address>0x4b88</run_address>
         <size>0x3e</size>
         <input_file_ref idref="fl-d6"/>
      </object_component>
      <object_component id="oc-23c">
         <name>.text:I2C_masterSendMultiByteStop</name>
         <load_address>0x4bc8</load_address>
         <run_address>0x4bc8</run_address>
         <size>0x38</size>
         <input_file_ref idref="fl-f1"/>
      </object_component>
      <object_component id="oc-147">
         <name>.text</name>
         <load_address>0x4c00</load_address>
         <run_address>0x4c00</run_address>
         <size>0x38</size>
         <input_file_ref idref="fl-cd"/>
      </object_component>
      <object_component id="oc-4a6">
         <name>.text:Graphics_drawHorizontalLineOnDisplay</name>
         <load_address>0x4c38</load_address>
         <run_address>0x4c38</run_address>
         <size>0x36</size>
         <input_file_ref idref="fl-ea"/>
      </object_component>
      <object_component id="oc-11e">
         <name>.text:CS_setDCOCenteredFrequency</name>
         <load_address>0x4c70</load_address>
         <run_address>0x4c70</run_address>
         <size>0x34</size>
         <input_file_ref idref="fl-ee"/>
      </object_component>
      <object_component id="oc-254">
         <name>.text:I2C_masterSendMultiByteNext</name>
         <load_address>0x4ca4</load_address>
         <run_address>0x4ca4</run_address>
         <size>0x34</size>
         <input_file_ref idref="fl-f1"/>
      </object_component>
      <object_component id="oc-e8">
         <name>.text:Timer_A_configureContinuousMode</name>
         <load_address>0x4cd8</load_address>
         <run_address>0x4cd8</run_address>
         <size>0x34</size>
         <input_file_ref idref="fl-f8"/>
      </object_component>
      <object_component id="oc-55">
         <name>.text:_c_int00_noargs:_c_int00_noargs</name>
         <load_address>0x4d0c</load_address>
         <run_address>0x4d0c</run_address>
         <size>0x34</size>
         <input_file_ref idref="fl-d3"/>
      </object_component>
      <object_component id="oc-dc">
         <name>.text:CS_setReferenceOscillatorFrequency</name>
         <load_address>0x4d40</load_address>
         <run_address>0x4d40</run_address>
         <size>0x30</size>
         <input_file_ref idref="fl-ee"/>
      </object_component>
      <object_component id="oc-26a">
         <name>.text</name>
         <load_address>0x4d70</load_address>
         <run_address>0x4d70</run_address>
         <size>0x2e</size>
         <input_file_ref idref="fl-ce"/>
      </object_component>
      <object_component id="oc-3db">
         <name>.text:Graphics_drawPixelOnDisplay</name>
         <load_address>0x4d9e</load_address>
         <run_address>0x4d9e</run_address>
         <size>0x2c</size>
         <input_file_ref idref="fl-ea"/>
      </object_component>
      <object_component id="oc-1d7">
         <name>.text:GPIO_setOutputHighOnPin</name>
         <load_address>0x4dcc</load_address>
         <run_address>0x4dcc</run_address>
         <size>0x28</size>
         <input_file_ref idref="fl-f0"/>
      </object_component>
      <object_component id="oc-12a">
         <name>.text:GPIO_setOutputLowOnPin</name>
         <load_address>0x4df4</load_address>
         <run_address>0x4df4</run_address>
         <size>0x28</size>
         <input_file_ref idref="fl-f0"/>
      </object_component>
      <object_component id="oc-13c">
         <name>.text:GPIO_toggleOutputOnPin</name>
         <load_address>0x4e1c</load_address>
         <run_address>0x4e1c</run_address>
         <size>0x28</size>
         <input_file_ref idref="fl-f0"/>
      </object_component>
      <object_component id="oc-106">
         <name>.text:WDT_A_holdTimer</name>
         <load_address>0x4e44</load_address>
         <run_address>0x4e44</run_address>
         <size>0x24</size>
         <input_file_ref idref="fl-f9"/>
      </object_component>
      <object_component id="oc-21e">
         <name>.text:I2C_setMode</name>
         <load_address>0x4e68</load_address>
         <run_address>0x4e68</run_address>
         <size>0x1c</size>
         <input_file_ref idref="fl-f1"/>
      </object_component>
      <object_component id="oc-32e">
         <name>.text:SPI_enableModule</name>
         <load_address>0x4e84</load_address>
         <run_address>0x4e84</run_address>
         <size>0x1c</size>
         <input_file_ref idref="fl-f5"/>
      </object_component>
      <object_component id="oc-43">
         <name>.text:decompress:ZI:__TI_zero_init_nomemset:__TI_zero_init_nomemset</name>
         <load_address>0x4ea0</load_address>
         <run_address>0x4ea0</run_address>
         <size>0x1c</size>
         <input_file_ref idref="fl-d0"/>
      </object_component>
      <object_component id="oc-40e">
         <name>.text:memccpy</name>
         <load_address>0x4ebc</load_address>
         <run_address>0x4ebc</run_address>
         <size>0x1c</size>
         <input_file_ref idref="fl-e3"/>
      </object_component>
      <object_component id="oc-1ff">
         <name>.text:Graphics_clearDisplayOnDisplay</name>
         <load_address>0x4ed8</load_address>
         <run_address>0x4ed8</run_address>
         <size>0x1a</size>
         <input_file_ref idref="fl-ea"/>
      </object_component>
      <object_component id="oc-be">
         <name>.text:Graphics_setBackgroundColor</name>
         <load_address>0x4ef2</load_address>
         <run_address>0x4ef2</run_address>
         <size>0x1a</size>
         <input_file_ref idref="fl-e9"/>
      </object_component>
      <object_component id="oc-c4">
         <name>.text:Graphics_setFont</name>
         <load_address>0x4f0c</load_address>
         <run_address>0x4f0c</run_address>
         <size>0x1a</size>
         <input_file_ref idref="fl-e9"/>
      </object_component>
      <object_component id="oc-242">
         <name>.text:I2C_masterReceiveStart</name>
         <load_address>0x4f26</load_address>
         <run_address>0x4f26</run_address>
         <size>0x1a</size>
         <input_file_ref idref="fl-f1"/>
      </object_component>
      <object_component id="oc-482">
         <name>.text:copysign</name>
         <load_address>0x4f40</load_address>
         <run_address>0x4f40</run_address>
         <size>0x1a</size>
         <input_file_ref idref="fl-d5"/>
      </object_component>
      <object_component id="oc-236">
         <name>.text:I2C_getInterruptStatus</name>
         <load_address>0x4f5a</load_address>
         <run_address>0x4f5a</run_address>
         <size>0x18</size>
         <input_file_ref idref="fl-f1"/>
      </object_component>
      <object_component id="oc-22a">
         <name>.text:I2C_isBusBusy</name>
         <load_address>0x4f74</load_address>
         <run_address>0x4f74</run_address>
         <size>0x18</size>
         <input_file_ref idref="fl-f1"/>
      </object_component>
      <object_component id="oc-2cb">
         <name>.text:_outs</name>
         <load_address>0x4f8c</load_address>
         <run_address>0x4f8c</run_address>
         <size>0x18</size>
         <input_file_ref idref="fl-c7"/>
      </object_component>
      <object_component id="oc-45e">
         <name>.text:EUSCI_A_SPI_enable</name>
         <load_address>0x4fa4</load_address>
         <run_address>0x4fa4</run_address>
         <size>0x16</size>
         <input_file_ref idref="fl-f5"/>
      </object_component>
      <object_component id="oc-464">
         <name>.text:EUSCI_B_SPI_enable</name>
         <load_address>0x4fba</load_address>
         <run_address>0x4fba</run_address>
         <size>0x16</size>
         <input_file_ref idref="fl-f5"/>
      </object_component>
      <object_component id="oc-b8">
         <name>.text:Graphics_setForegroundColor</name>
         <load_address>0x4fd0</load_address>
         <run_address>0x4fd0</run_address>
         <size>0x16</size>
         <input_file_ref idref="fl-e9"/>
      </object_component>
      <object_component id="oc-1f1">
         <name>.text:Graphics_translateColorOnDisplay</name>
         <load_address>0x4fe6</load_address>
         <run_address>0x4fe6</run_address>
         <size>0x16</size>
         <input_file_ref idref="fl-ea"/>
      </object_component>
      <object_component id="oc-224">
         <name>.text:I2C_clearInterruptFlag</name>
         <load_address>0x4ffc</load_address>
         <run_address>0x4ffc</run_address>
         <size>0x16</size>
         <input_file_ref idref="fl-f1"/>
      </object_component>
      <object_component id="oc-212">
         <name>.text:I2C_disableModule</name>
         <load_address>0x5012</load_address>
         <run_address>0x5012</run_address>
         <size>0x16</size>
         <input_file_ref idref="fl-f1"/>
      </object_component>
      <object_component id="oc-218">
         <name>.text:I2C_enableModule</name>
         <load_address>0x5028</load_address>
         <run_address>0x5028</run_address>
         <size>0x16</size>
         <input_file_ref idref="fl-f1"/>
      </object_component>
      <object_component id="oc-136">
         <name>.text:Timer_A_clearInterruptFlag</name>
         <load_address>0x503e</load_address>
         <run_address>0x503e</run_address>
         <size>0x16</size>
         <input_file_ref idref="fl-f8"/>
      </object_component>
      <object_component id="oc-100">
         <name>.text:Timer_A_startCounter</name>
         <load_address>0x5054</load_address>
         <run_address>0x5054</run_address>
         <size>0x16</size>
         <input_file_ref idref="fl-f8"/>
      </object_component>
      <object_component id="oc-4e8">
         <name>.text:strchr</name>
         <load_address>0x506a</load_address>
         <run_address>0x506a</run_address>
         <size>0x16</size>
         <input_file_ref idref="fl-e4"/>
      </object_component>
      <object_component id="oc-248">
         <name>.text:I2C_masterReceiveMultiByteNext</name>
         <load_address>0x5080</load_address>
         <run_address>0x5080</run_address>
         <size>0x14</size>
         <input_file_ref idref="fl-f1"/>
      </object_component>
      <object_component id="oc-260">
         <name>.text:I2C_setSlaveAddress</name>
         <load_address>0x5094</load_address>
         <run_address>0x5094</run_address>
         <size>0x14</size>
         <input_file_ref idref="fl-f1"/>
      </object_component>
      <object_component id="oc-3be">
         <name>.text:PCM_getPowerState</name>
         <load_address>0x50a8</load_address>
         <run_address>0x50a8</run_address>
         <size>0x14</size>
         <input_file_ref idref="fl-f3"/>
      </object_component>
      <object_component id="oc-3e4">
         <name>.text:strlen</name>
         <load_address>0x50bc</load_address>
         <run_address>0x50bc</run_address>
         <size>0x14</size>
         <input_file_ref idref="fl-e5"/>
      </object_component>
      <object_component id="oc-ca">
         <name>.text:Graphics_clearDisplay</name>
         <load_address>0x50d0</load_address>
         <run_address>0x50d0</run_address>
         <size>0x12</size>
         <input_file_ref idref="fl-e9"/>
      </object_component>
      <object_component id="oc-414">
         <name>.text:wcslen</name>
         <load_address>0x50e2</load_address>
         <run_address>0x50e2</run_address>
         <size>0x12</size>
         <input_file_ref idref="fl-e6"/>
      </object_component>
      <object_component id="oc-10c">
         <name>.text:Interrupt_disableMaster</name>
         <load_address>0x50f4</load_address>
         <run_address>0x50f4</run_address>
         <size>0x10</size>
         <input_file_ref idref="fl-f2"/>
      </object_component>
      <object_component id="oc-fa">
         <name>.text:Interrupt_enableMaster</name>
         <load_address>0x5104</load_address>
         <run_address>0x5104</run_address>
         <size>0x10</size>
         <input_file_ref idref="fl-f2"/>
      </object_component>
      <object_component id="oc-ee">
         <name>.text:Interrupt_enableSleepOnIsrExit</name>
         <load_address>0x5114</load_address>
         <run_address>0x5114</run_address>
         <size>0x10</size>
         <input_file_ref idref="fl-f2"/>
      </object_component>
      <object_component id="oc-112">
         <name>.text:PCM_setCoreVoltageLevel</name>
         <load_address>0x5124</load_address>
         <run_address>0x5124</run_address>
         <size>0x10</size>
         <input_file_ref idref="fl-f3"/>
      </object_component>
      <object_component id="oc-3c4">
         <name>.text:PCM_setPowerMode</name>
         <load_address>0x5134</load_address>
         <run_address>0x5134</run_address>
         <size>0x10</size>
         <input_file_ref idref="fl-f3"/>
      </object_component>
      <object_component id="oc-1d">
         <name>.text:decompress:none:__TI_decompress_none</name>
         <load_address>0x5144</load_address>
         <run_address>0x5144</run_address>
         <size>0xe</size>
         <input_file_ref idref="fl-d1"/>
      </object_component>
      <object_component id="oc-67">
         <name>.text</name>
         <load_address>0x5152</load_address>
         <run_address>0x5152</run_address>
         <size>0xe</size>
         <input_file_ref idref="fl-5"/>
      </object_component>
      <object_component id="oc-29c">
         <name>.text:CPU_cpsid</name>
         <load_address>0x5160</load_address>
         <run_address>0x5160</run_address>
         <size>0xc</size>
         <input_file_ref idref="fl-fa"/>
      </object_component>
      <object_component id="oc-28e">
         <name>.text:CPU_cpsie</name>
         <load_address>0x516c</load_address>
         <run_address>0x516c</run_address>
         <size>0xc</size>
         <input_file_ref idref="fl-fa"/>
      </object_component>
      <object_component id="oc-2d1">
         <name>.text:_outc</name>
         <load_address>0x5178</load_address>
         <run_address>0x5178</run_address>
         <size>0xa</size>
         <input_file_ref idref="fl-c7"/>
      </object_component>
      <object_component id="oc-375">
         <name>.text:__aeabi_errno_addr</name>
         <load_address>0x5184</load_address>
         <run_address>0x5184</run_address>
         <size>0x8</size>
         <input_file_ref idref="fl-d4"/>
      </object_component>
      <object_component id="oc-93">
         <name>.text:_system_pre_init</name>
         <load_address>0x518c</load_address>
         <run_address>0x518c</run_address>
         <size>0x4</size>
         <input_file_ref idref="fl-db"/>
      </object_component>
      <object_component id="oc-18a">
         <name>.text:abort:abort</name>
         <load_address>0x5190</load_address>
         <run_address>0x5190</run_address>
         <size>0x4</size>
         <input_file_ref idref="fl-dd"/>
      </object_component>
      <object_component id="oc-2f8">
         <name>.const:.string:g_pucFontFixed6x8Data</name>
         <load_address>0x5198</load_address>
         <run_address>0x5198</run_address>
         <size>0x2f8</size>
         <input_file_ref idref="fl-eb"/>
      </object_component>
      <object_component id="oc-4b1">
         <name>.const:.string:_ctypes_</name>
         <load_address>0x5490</load_address>
         <run_address>0x5490</run_address>
         <size>0x101</size>
         <input_file_ref idref="fl-e2"/>
      </object_component>
      <object_component id="oc-165">
         <name>.const:g_sFontFixed6x8</name>
         <load_address>0x5594</load_address>
         <run_address>0x5594</run_address>
         <size>0xc8</size>
         <input_file_ref idref="fl-eb"/>
      </object_component>
      <object_component id="oc-37b">
         <name>.const:$O1$$</name>
         <load_address>0x5660</load_address>
         <run_address>0x5660</run_address>
         <size>0x30</size>
         <input_file_ref idref="fl-c4"/>
      </object_component>
      <object_component id="oc-2ac">
         <name>.const:GPIO_PORT_TO_BASE</name>
         <load_address>0x5690</load_address>
         <run_address>0x5690</run_address>
         <size>0x30</size>
         <input_file_ref idref="fl-f0"/>
      </object_component>
      <object_component id="oc-162">
         <name>.const:g_sCrystalfontz128x128_funcs</name>
         <load_address>0x56c0</load_address>
         <run_address>0x56c0</run_address>
         <size>0x20</size>
         <input_file_ref idref="fl-7"/>
      </object_component>
      <object_component id="oc-334">
         <name>.const:$P$T0$1</name>
         <load_address>0x56e0</load_address>
         <run_address>0x56e0</run_address>
         <size>0x1c</size>
         <input_file_ref idref="fl-8"/>
      </object_component>
      <object_component id="oc-266">
         <name>.const:i2cConfig</name>
         <load_address>0x56fc</load_address>
         <run_address>0x56fc</run_address>
         <size>0x14</size>
         <input_file_ref idref="fl-2"/>
      </object_component>
      <object_component id="oc-168">
         <name>.const:continuousModeConfig</name>
         <load_address>0x5710</load_address>
         <run_address>0x5710</run_address>
         <size>0x10</size>
         <input_file_ref idref="fl-4"/>
      </object_component>
      <object_component id="oc-1e6">
         <name>.const:$P$T0$1</name>
         <load_address>0x5720</load_address>
         <run_address>0x5720</run_address>
         <size>0x8</size>
         <input_file_ref idref="fl-7"/>
      </object_component>
      <object_component id="oc-28a">
         <name>.const:g_pulEnRegs</name>
         <load_address>0x5728</load_address>
         <run_address>0x5728</run_address>
         <size>0x8</size>
         <input_file_ref idref="fl-f2"/>
      </object_component>
      <object_component id="oc-59d">
         <name>.cinit..data.load</name>
         <load_address>0x5730</load_address>
         <run_address>0x5730</run_address>
         <size>0x12</size>
      </object_component>
      <object_component id="oc-59b">
         <name>__TI_handler_table</name>
         <load_address>0x5744</load_address>
         <run_address>0x5744</run_address>
         <size>0xc</size>
      </object_component>
      <object_component id="oc-59e">
         <name>.cinit..bss.load</name>
         <load_address>0x5750</load_address>
         <run_address>0x5750</run_address>
         <size>0x8</size>
      </object_component>
      <object_component id="oc-59c">
         <name>__TI_cinit_table</name>
         <load_address>0x5758</load_address>
         <run_address>0x5758</run_address>
         <size>0x10</size>
      </object_component>
      <object_component id="oc-56f">
         <name>.binit</name>
         <load_address>0x0</load_address>
         <run_address>0x0</run_address>
         <size>0x0</size>
      </object_component>
      <object_component id="oc-27a">
         <name>.data</name>
         <load_address>0x20000040</load_address>
         <run_address>0x20000040</run_address>
         <size>0x8</size>
         <input_file_ref idref="fl-3"/>
      </object_component>
      <object_component id="oc-1c8">
         <name>.data</name>
         <load_address>0x2000004c</load_address>
         <run_address>0x2000004c</run_address>
         <size>0x4</size>
         <input_file_ref idref="fl-6"/>
      </object_component>
      <object_component id="oc-15f">
         <name>.data:g_sCrystalfontz128x128</name>
         <load_address>0x20000030</load_address>
         <run_address>0x20000030</run_address>
         <size>0x10</size>
         <input_file_ref idref="fl-7"/>
      </object_component>
      <object_component id="oc-479">
         <name>.data</name>
         <load_address>0x20000048</load_address>
         <run_address>0x20000048</run_address>
         <size>0x4</size>
         <input_file_ref idref="fl-d4"/>
      </object_component>
      <object_component id="oc-15c">
         <name>.common:g_sContext</name>
         <uninitialized>true</uninitialized>
         <run_address>0x20000000</run_address>
         <size>0x1c</size>
      </object_component>
      <object_component id="oc-16b">
         <name>.common:temp</name>
         <uninitialized>true</uninitialized>
         <run_address>0x2000001c</run_address>
         <size>0x4</size>
      </object_component>
      <object_component id="oc-16c">
         <name>.common:temp_on_C</name>
         <uninitialized>true</uninitialized>
         <run_address>0x20000020</run_address>
         <size>0x4</size>
      </object_component>
      <object_component id="oc-1e5">
         <name>.common:Lcd_Orientation</name>
         <uninitialized>true</uninitialized>
         <run_address>0x2000002c</run_address>
         <size>0x1</size>
      </object_component>
      <object_component id="oc-1dd">
         <name>.common:Lcd_ScreenWidth</name>
         <uninitialized>true</uninitialized>
         <run_address>0x20000026</run_address>
         <size>0x2</size>
      </object_component>
      <object_component id="oc-1e0">
         <name>.common:Lcd_ScreenHeigth</name>
         <uninitialized>true</uninitialized>
         <run_address>0x20000024</run_address>
         <size>0x2</size>
      </object_component>
      <object_component id="oc-1e1">
         <name>.common:Lcd_PenSolid</name>
         <uninitialized>true</uninitialized>
         <run_address>0x2000002d</run_address>
         <size>0x1</size>
      </object_component>
      <object_component id="oc-1e2">
         <name>.common:Lcd_FontSolid</name>
         <uninitialized>true</uninitialized>
         <run_address>0x2000002b</run_address>
         <size>0x1</size>
      </object_component>
      <object_component id="oc-1e3">
         <name>.common:Lcd_FlagRead</name>
         <uninitialized>true</uninitialized>
         <run_address>0x2000002a</run_address>
         <size>0x1</size>
      </object_component>
      <object_component id="oc-1e4">
         <name>.common:Lcd_TouchTrim</name>
         <uninitialized>true</uninitialized>
         <run_address>0x20000028</run_address>
         <size>0x2</size>
      </object_component>
      <object_component id="oc-29">
         <name>.stack</name>
         <uninitialized>true</uninitialized>
         <run_address>0x2000fe00</run_address>
         <size>0x4</size>
         <input_file_ref idref="fl-d3"/>
      </object_component>
      <object_component id="oc-5a0">
         <name>.stack</name>
         <uninitialized>true</uninitialized>
         <run_address>0x2000fe00</run_address>
         <size>0x0</size>
      </object_component>
      <object_component id="oc-305">
         <name>.debug_info</name>
         <load_address>0x0</load_address>
         <run_address>0x0</run_address>
         <size>0x9a2</size>
         <input_file_ref idref="fl-2"/>
      </object_component>
      <object_component id="oc-267">
         <name>.debug_info</name>
         <load_address>0x9a2</load_address>
         <run_address>0x9a2</run_address>
         <size>0xdb</size>
         <input_file_ref idref="fl-2"/>
      </object_component>
      <object_component id="oc-d1">
         <name>.debug_info</name>
         <load_address>0xa7d</load_address>
         <run_address>0xa7d</run_address>
         <size>0x61e</size>
         <input_file_ref idref="fl-2"/>
      </object_component>
      <object_component id="oc-430">
         <name>.debug_info</name>
         <load_address>0x109b</load_address>
         <run_address>0x109b</run_address>
         <size>0x9a</size>
         <input_file_ref idref="fl-2"/>
      </object_component>
      <object_component id="oc-175">
         <name>.debug_info</name>
         <load_address>0x1135</load_address>
         <run_address>0x1135</run_address>
         <size>0x26b</size>
         <input_file_ref idref="fl-2"/>
      </object_component>
      <object_component id="oc-2e5">
         <name>.debug_info</name>
         <load_address>0x13a0</load_address>
         <run_address>0x13a0</run_address>
         <size>0x1055</size>
         <input_file_ref idref="fl-2"/>
      </object_component>
      <object_component id="oc-2e0">
         <name>.debug_info</name>
         <load_address>0x23f5</load_address>
         <run_address>0x23f5</run_address>
         <size>0x37e2</size>
         <input_file_ref idref="fl-2"/>
      </object_component>
      <object_component id="oc-2ea">
         <name>.debug_info</name>
         <load_address>0x5bd7</load_address>
         <run_address>0x5bd7</run_address>
         <size>0x341</size>
         <input_file_ref idref="fl-2"/>
      </object_component>
      <object_component id="oc-16e">
         <name>.debug_info</name>
         <load_address>0x5f18</load_address>
         <run_address>0x5f18</run_address>
         <size>0x8b</size>
         <input_file_ref idref="fl-2"/>
      </object_component>
      <object_component id="oc-300">
         <name>.debug_info</name>
         <load_address>0x5fa3</load_address>
         <run_address>0x5fa3</run_address>
         <size>0x2a4</size>
         <input_file_ref idref="fl-2"/>
      </object_component>
      <object_component id="oc-2ef">
         <name>.debug_info</name>
         <load_address>0x6247</load_address>
         <run_address>0x6247</run_address>
         <size>0xef</size>
         <input_file_ref idref="fl-2"/>
      </object_component>
      <object_component id="oc-1cc">
         <name>.debug_info</name>
         <load_address>0x6336</load_address>
         <run_address>0x6336</run_address>
         <size>0xbb</size>
         <input_file_ref idref="fl-2"/>
      </object_component>
      <object_component id="oc-338">
         <name>.debug_info</name>
         <load_address>0x63f1</load_address>
         <run_address>0x63f1</run_address>
         <size>0x131</size>
         <input_file_ref idref="fl-2"/>
      </object_component>
      <object_component id="oc-27e">
         <name>.debug_info</name>
         <load_address>0x6522</load_address>
         <run_address>0x6522</run_address>
         <size>0x5eb</size>
         <input_file_ref idref="fl-3"/>
      </object_component>
      <object_component id="oc-27b">
         <name>.debug_info</name>
         <load_address>0x6b0d</load_address>
         <run_address>0x6b0d</run_address>
         <size>0xcf</size>
         <input_file_ref idref="fl-3"/>
      </object_component>
      <object_component id="oc-d7">
         <name>.debug_info</name>
         <load_address>0x6bdc</load_address>
         <run_address>0x6bdc</run_address>
         <size>0x7b4</size>
         <input_file_ref idref="fl-3"/>
      </object_component>
      <object_component id="oc-32">
         <name>.debug_info</name>
         <load_address>0x7390</load_address>
         <run_address>0x7390</run_address>
         <size>0x84</size>
         <input_file_ref idref="fl-3"/>
      </object_component>
      <object_component id="oc-15d">
         <name>.debug_info</name>
         <load_address>0x7414</load_address>
         <run_address>0x7414</run_address>
         <size>0xf09</size>
         <input_file_ref idref="fl-4"/>
      </object_component>
      <object_component id="oc-169">
         <name>.debug_info</name>
         <load_address>0x831d</load_address>
         <run_address>0x831d</run_address>
         <size>0xee</size>
         <input_file_ref idref="fl-4"/>
      </object_component>
      <object_component id="oc-71">
         <name>.debug_info</name>
         <load_address>0x840b</load_address>
         <run_address>0x840b</run_address>
         <size>0x7e6</size>
         <input_file_ref idref="fl-4"/>
      </object_component>
      <object_component id="oc-1ea">
         <name>.debug_info</name>
         <load_address>0x8bf1</load_address>
         <run_address>0x8bf1</run_address>
         <size>0x439</size>
         <input_file_ref idref="fl-4"/>
      </object_component>
      <object_component id="oc-2d9">
         <name>.debug_info</name>
         <load_address>0x902a</load_address>
         <run_address>0x902a</run_address>
         <size>0x2c</size>
         <input_file_ref idref="fl-4"/>
      </object_component>
      <object_component id="oc-75">
         <name>.debug_info</name>
         <load_address>0x9056</load_address>
         <run_address>0x9056</run_address>
         <size>0x2cd</size>
         <input_file_ref idref="fl-5"/>
      </object_component>
      <object_component id="oc-27">
         <name>.debug_info</name>
         <load_address>0x9323</load_address>
         <run_address>0x9323</run_address>
         <size>0xf9</size>
         <input_file_ref idref="fl-5"/>
      </object_component>
      <object_component id="oc-68">
         <name>.debug_info</name>
         <load_address>0x941c</load_address>
         <run_address>0x941c</run_address>
         <size>0x1c0</size>
         <input_file_ref idref="fl-5"/>
      </object_component>
      <object_component id="oc-1c9">
         <name>.debug_info</name>
         <load_address>0x95dc</load_address>
         <run_address>0x95dc</run_address>
         <size>0xf2</size>
         <input_file_ref idref="fl-6"/>
      </object_component>
      <object_component id="oc-a8">
         <name>.debug_info</name>
         <load_address>0x96ce</load_address>
         <run_address>0x96ce</run_address>
         <size>0x264</size>
         <input_file_ref idref="fl-6"/>
      </object_component>
      <object_component id="oc-1de">
         <name>.debug_info</name>
         <load_address>0x9932</load_address>
         <run_address>0x9932</run_address>
         <size>0x92f</size>
         <input_file_ref idref="fl-7"/>
      </object_component>
      <object_component id="oc-160">
         <name>.debug_info</name>
         <load_address>0xa261</load_address>
         <run_address>0xa261</run_address>
         <size>0x113</size>
         <input_file_ref idref="fl-7"/>
      </object_component>
      <object_component id="oc-163">
         <name>.debug_info</name>
         <load_address>0xa374</load_address>
         <run_address>0xa374</run_address>
         <size>0x11f</size>
         <input_file_ref idref="fl-7"/>
      </object_component>
      <object_component id="oc-1e7">
         <name>.debug_info</name>
         <load_address>0xa493</load_address>
         <run_address>0xa493</run_address>
         <size>0xf4</size>
         <input_file_ref idref="fl-7"/>
      </object_component>
      <object_component id="oc-ae">
         <name>.debug_info</name>
         <load_address>0xa587</load_address>
         <run_address>0xa587</run_address>
         <size>0x1522</size>
         <input_file_ref idref="fl-7"/>
      </object_component>
      <object_component id="oc-340">
         <name>.debug_info</name>
         <load_address>0xbaa9</load_address>
         <run_address>0xbaa9</run_address>
         <size>0x37e2</size>
         <input_file_ref idref="fl-7"/>
      </object_component>
      <object_component id="oc-46d">
         <name>.debug_info</name>
         <load_address>0xf28b</load_address>
         <run_address>0xf28b</run_address>
         <size>0x875</size>
         <input_file_ref idref="fl-8"/>
      </object_component>
      <object_component id="oc-335">
         <name>.debug_info</name>
         <load_address>0xfb00</load_address>
         <run_address>0xfb00</run_address>
         <size>0x107</size>
         <input_file_ref idref="fl-8"/>
      </object_component>
      <object_component id="oc-1d2">
         <name>.debug_info</name>
         <load_address>0xfc07</load_address>
         <run_address>0xfc07</run_address>
         <size>0x5a1</size>
         <input_file_ref idref="fl-8"/>
      </object_component>
      <object_component id="oc-394">
         <name>.debug_info</name>
         <load_address>0x101a8</load_address>
         <run_address>0x101a8</run_address>
         <size>0x35e</size>
         <input_file_ref idref="fl-c4"/>
      </object_component>
      <object_component id="oc-37c">
         <name>.debug_info</name>
         <load_address>0x10506</load_address>
         <run_address>0x10506</run_address>
         <size>0x128</size>
         <input_file_ref idref="fl-c4"/>
      </object_component>
      <object_component id="oc-271">
         <name>.debug_info</name>
         <load_address>0x1062e</load_address>
         <run_address>0x1062e</run_address>
         <size>0xbf2</size>
         <input_file_ref idref="fl-c4"/>
      </object_component>
      <object_component id="oc-48f">
         <name>.debug_info</name>
         <load_address>0x11220</load_address>
         <run_address>0x11220</run_address>
         <size>0x46</size>
         <input_file_ref idref="fl-c4"/>
      </object_component>
      <object_component id="oc-38f">
         <name>.debug_info</name>
         <load_address>0x11266</load_address>
         <run_address>0x11266</run_address>
         <size>0x39</size>
         <input_file_ref idref="fl-c4"/>
      </object_component>
      <object_component id="oc-478">
         <name>.debug_info</name>
         <load_address>0x1129f</load_address>
         <run_address>0x1129f</run_address>
         <size>0x2c5</size>
         <input_file_ref idref="fl-c5"/>
      </object_component>
      <object_component id="oc-371">
         <name>.debug_info</name>
         <load_address>0x11564</load_address>
         <run_address>0x11564</run_address>
         <size>0x24e</size>
         <input_file_ref idref="fl-c5"/>
      </object_component>
      <object_component id="oc-489">
         <name>.debug_info</name>
         <load_address>0x117b2</load_address>
         <run_address>0x117b2</run_address>
         <size>0x2f8</size>
         <input_file_ref idref="fl-c6"/>
      </object_component>
      <object_component id="oc-38a">
         <name>.debug_info</name>
         <load_address>0x11aaa</load_address>
         <run_address>0x11aaa</run_address>
         <size>0x225</size>
         <input_file_ref idref="fl-c6"/>
      </object_component>
      <object_component id="oc-52d">
         <name>.debug_info</name>
         <load_address>0x11ccf</load_address>
         <run_address>0x11ccf</run_address>
         <size>0x39</size>
         <input_file_ref idref="fl-c6"/>
      </object_component>
      <object_component id="oc-48a">
         <name>.debug_info</name>
         <load_address>0x11d08</load_address>
         <run_address>0x11d08</run_address>
         <size>0x2c</size>
         <input_file_ref idref="fl-c6"/>
      </object_component>
      <object_component id="oc-2d8">
         <name>.debug_info</name>
         <load_address>0x11d34</load_address>
         <run_address>0x11d34</run_address>
         <size>0x333</size>
         <input_file_ref idref="fl-c7"/>
      </object_component>
      <object_component id="oc-157">
         <name>.debug_info</name>
         <load_address>0x12067</load_address>
         <run_address>0x12067</run_address>
         <size>0x1d1</size>
         <input_file_ref idref="fl-c7"/>
      </object_component>
      <object_component id="oc-2cc">
         <name>.debug_info</name>
         <load_address>0x12238</load_address>
         <run_address>0x12238</run_address>
         <size>0x18d</size>
         <input_file_ref idref="fl-c7"/>
      </object_component>
      <object_component id="oc-2d2">
         <name>.debug_info</name>
         <load_address>0x123c5</load_address>
         <run_address>0x123c5</run_address>
         <size>0x16d</size>
         <input_file_ref idref="fl-c7"/>
      </object_component>
      <object_component id="oc-4fa">
         <name>.debug_info</name>
         <load_address>0x12532</load_address>
         <run_address>0x12532</run_address>
         <size>0x2c</size>
         <input_file_ref idref="fl-c7"/>
      </object_component>
      <object_component id="oc-14d">
         <name>.debug_info</name>
         <load_address>0x1255e</load_address>
         <run_address>0x1255e</run_address>
         <size>0x14c</size>
         <input_file_ref idref="fl-c8"/>
      </object_component>
      <object_component id="oc-37f">
         <name>.debug_info</name>
         <load_address>0x126aa</load_address>
         <run_address>0x126aa</run_address>
         <size>0x128</size>
         <input_file_ref idref="fl-c9"/>
      </object_component>
      <object_component id="oc-384">
         <name>.debug_info</name>
         <load_address>0x127d2</load_address>
         <run_address>0x127d2</run_address>
         <size>0x12a</size>
         <input_file_ref idref="fl-c9"/>
      </object_component>
      <object_component id="oc-276">
         <name>.debug_info</name>
         <load_address>0x128fc</load_address>
         <run_address>0x128fc</run_address>
         <size>0x13a</size>
         <input_file_ref idref="fl-ca"/>
      </object_component>
      <object_component id="oc-153">
         <name>.debug_info</name>
         <load_address>0x12a36</load_address>
         <run_address>0x12a36</run_address>
         <size>0x13a</size>
         <input_file_ref idref="fl-cb"/>
      </object_component>
      <object_component id="oc-143">
         <name>.debug_info</name>
         <load_address>0x12b70</load_address>
         <run_address>0x12b70</run_address>
         <size>0x13e</size>
         <input_file_ref idref="fl-cc"/>
      </object_component>
      <object_component id="oc-148">
         <name>.debug_info</name>
         <load_address>0x12cae</load_address>
         <run_address>0x12cae</run_address>
         <size>0x12c</size>
         <input_file_ref idref="fl-cd"/>
      </object_component>
      <object_component id="oc-26b">
         <name>.debug_info</name>
         <load_address>0x12dda</load_address>
         <run_address>0x12dda</run_address>
         <size>0x12c</size>
         <input_file_ref idref="fl-ce"/>
      </object_component>
      <object_component id="oc-38">
         <name>.debug_info</name>
         <load_address>0x12f06</load_address>
         <run_address>0x12f06</run_address>
         <size>0x119</size>
         <input_file_ref idref="fl-cf"/>
      </object_component>
      <object_component id="oc-8c">
         <name>.debug_info</name>
         <load_address>0x1301f</load_address>
         <run_address>0x1301f</run_address>
         <size>0x2d4</size>
         <input_file_ref idref="fl-d0"/>
      </object_component>
      <object_component id="oc-46">
         <name>.debug_info</name>
         <load_address>0x132f3</load_address>
         <run_address>0x132f3</run_address>
         <size>0x1d2</size>
         <input_file_ref idref="fl-d0"/>
      </object_component>
      <object_component id="oc-87">
         <name>.debug_info</name>
         <load_address>0x134c5</load_address>
         <run_address>0x134c5</run_address>
         <size>0x46</size>
         <input_file_ref idref="fl-d0"/>
      </object_component>
      <object_component id="oc-181">
         <name>.debug_info</name>
         <load_address>0x1350b</load_address>
         <run_address>0x1350b</run_address>
         <size>0x2c</size>
         <input_file_ref idref="fl-d0"/>
      </object_component>
      <object_component id="oc-42">
         <name>.debug_info</name>
         <load_address>0x13537</load_address>
         <run_address>0x13537</run_address>
         <size>0x2a8</size>
         <input_file_ref idref="fl-d1"/>
      </object_component>
      <object_component id="oc-1f">
         <name>.debug_info</name>
         <load_address>0x137df</load_address>
         <run_address>0x137df</run_address>
         <size>0x1ea</size>
         <input_file_ref idref="fl-d1"/>
      </object_component>
      <object_component id="oc-3d">
         <name>.debug_info</name>
         <load_address>0x139c9</load_address>
         <run_address>0x139c9</run_address>
         <size>0x46</size>
         <input_file_ref idref="fl-d1"/>
      </object_component>
      <object_component id="oc-7f">
         <name>.debug_info</name>
         <load_address>0x13a0f</load_address>
         <run_address>0x13a0f</run_address>
         <size>0x2c</size>
         <input_file_ref idref="fl-d1"/>
      </object_component>
      <object_component id="oc-7d">
         <name>.debug_info</name>
         <load_address>0x13a3b</load_address>
         <run_address>0x13a3b</run_address>
         <size>0x29e</size>
         <input_file_ref idref="fl-d2"/>
      </object_component>
      <object_component id="oc-1a">
         <name>.debug_info</name>
         <load_address>0x13cd9</load_address>
         <run_address>0x13cd9</run_address>
         <size>0x250</size>
         <input_file_ref idref="fl-d2"/>
      </object_component>
      <object_component id="oc-2d">
         <name>.debug_info</name>
         <load_address>0x13f29</load_address>
         <run_address>0x13f29</run_address>
         <size>0x60</size>
         <input_file_ref idref="fl-d2"/>
      </object_component>
      <object_component id="oc-17a">
         <name>.debug_info</name>
         <load_address>0x13f89</load_address>
         <run_address>0x13f89</run_address>
         <size>0x46</size>
         <input_file_ref idref="fl-d2"/>
      </object_component>
      <object_component id="oc-78">
         <name>.debug_info</name>
         <load_address>0x13fcf</load_address>
         <run_address>0x13fcf</run_address>
         <size>0x39</size>
         <input_file_ref idref="fl-d2"/>
      </object_component>
      <object_component id="oc-2a">
         <name>.debug_info</name>
         <load_address>0x14008</load_address>
         <run_address>0x14008</run_address>
         <size>0x10b</size>
         <input_file_ref idref="fl-d3"/>
      </object_component>
      <object_component id="oc-58">
         <name>.debug_info</name>
         <load_address>0x14113</load_address>
         <run_address>0x14113</run_address>
         <size>0x1a9</size>
         <input_file_ref idref="fl-d3"/>
      </object_component>
      <object_component id="oc-47d">
         <name>.debug_info</name>
         <load_address>0x142bc</load_address>
         <run_address>0x142bc</run_address>
         <size>0x289</size>
         <input_file_ref idref="fl-d4"/>
      </object_component>
      <object_component id="oc-47a">
         <name>.debug_info</name>
         <load_address>0x14545</load_address>
         <run_address>0x14545</run_address>
         <size>0x10e</size>
         <input_file_ref idref="fl-d4"/>
      </object_component>
      <object_component id="oc-377">
         <name>.debug_info</name>
         <load_address>0x14653</load_address>
         <run_address>0x14653</run_address>
         <size>0x14e</size>
         <input_file_ref idref="fl-d4"/>
      </object_component>
      <object_component id="oc-483">
         <name>.debug_info</name>
         <load_address>0x147a1</load_address>
         <run_address>0x147a1</run_address>
         <size>0x161</size>
         <input_file_ref idref="fl-d5"/>
      </object_component>
      <object_component id="oc-41b">
         <name>.debug_info</name>
         <load_address>0x14902</load_address>
         <run_address>0x14902</run_address>
         <size>0x590</size>
         <input_file_ref idref="fl-d6"/>
      </object_component>
      <object_component id="oc-3f1">
         <name>.debug_info</name>
         <load_address>0x14e92</load_address>
         <run_address>0x14e92</run_address>
         <size>0x21e</size>
         <input_file_ref idref="fl-d6"/>
      </object_component>
      <object_component id="oc-4c9">
         <name>.debug_info</name>
         <load_address>0x150b0</load_address>
         <run_address>0x150b0</run_address>
         <size>0x1b3</size>
         <input_file_ref idref="fl-d6"/>
      </object_component>
      <object_component id="oc-4cf">
         <name>.debug_info</name>
         <load_address>0x15263</load_address>
         <run_address>0x15263</run_address>
         <size>0x21b</size>
         <input_file_ref idref="fl-d6"/>
      </object_component>
      <object_component id="oc-3f8">
         <name>.debug_info</name>
         <load_address>0x1547e</load_address>
         <run_address>0x1547e</run_address>
         <size>0x3c0</size>
         <input_file_ref idref="fl-d6"/>
      </object_component>
      <object_component id="oc-4d6">
         <name>.debug_info</name>
         <load_address>0x1583e</load_address>
         <run_address>0x1583e</run_address>
         <size>0x30a</size>
         <input_file_ref idref="fl-d6"/>
      </object_component>
      <object_component id="oc-4db">
         <name>.debug_info</name>
         <load_address>0x15b48</load_address>
         <run_address>0x15b48</run_address>
         <size>0x215</size>
         <input_file_ref idref="fl-d6"/>
      </object_component>
      <object_component id="oc-3fd">
         <name>.debug_info</name>
         <load_address>0x15d5d</load_address>
         <run_address>0x15d5d</run_address>
         <size>0x215</size>
         <input_file_ref idref="fl-d6"/>
      </object_component>
      <object_component id="oc-403">
         <name>.debug_info</name>
         <load_address>0x15f72</load_address>
         <run_address>0x15f72</run_address>
         <size>0x304</size>
         <input_file_ref idref="fl-d6"/>
      </object_component>
      <object_component id="oc-409">
         <name>.debug_info</name>
[...]
      </symbol>
      <symbol id="sm-595">
         <name>__aeabi_d2iz</name>
         <value>0x49bd</value>
         <object_component_ref idref="oc-4bc"/>
      </symbol>
      <symbol id="sm-5a4">
         <name>__aeabi_memset</name>
         <value>0x4383</value>
         <object_component_ref idref="oc-8d"/>
      </symbol>
      <symbol id="sm-5a5">
         <name>memset</name>
         <value>0x4389</value>
         <object_component_ref idref="oc-8d"/>
      </symbol>
      <symbol id="sm-5a6">
         <name>__aeabi_memset8</name>
         <value>0x4383</value>
         <object_component_ref idref="oc-8d"/>
      </symbol>
      <symbol id="sm-5a7">
         <name>__aeabi_memset4</name>
         <value>0x4383</value>
         <object_component_ref idref="oc-8d"/>
      </symbol>
      <symbol id="sm-5a8">
         <name>__aeabi_memclr8</name>
         <value>0x4381</value>
         <object_component_ref idref="oc-8d"/>
      </symbol>
      <symbol id="sm-5a9">
         <name>__aeabi_memclr4</name>
         <value>0x4381</value>
         <object_component_ref idref="oc-8d"/>
      </symbol>
      <symbol id="sm-5aa">
         <name>__aeabi_memclr</name>
         <value>0x4381</value>
         <object_component_ref idref="oc-8d"/>
      </symbol>
      <symbol id="sm-5b7">
         <name>__aeabi_uldivmod</name>
         <value>0x40d7</value>
         <object_component_ref idref="oc-4b6"/>
      </symbol>
      <symbol id="sm-5df">
         <name>__TI_auto_init_nobinit_nopinit</name>
         <value>0x4a05</value>
         <object_component_ref idref="oc-196"/>
      </symbol>
      <symbol id="sm-5e9">
         <name>_system_pre_init</name>
         <value>0x518d</value>
         <object_component_ref idref="oc-93"/>
      </symbol>
      <symbol id="sm-5f5">
         <name>C$$EXIT</name>
         <value>0x5191</value>
         <object_component_ref idref="oc-18a"/>
      </symbol>
      <symbol id="sm-5f6">
         <name>abort</name>
         <value>0x5191</value>
         <object_component_ref idref="oc-18a"/>
      </symbol>
      <symbol id="sm-606">
         <name>__TI_ltoa</name>
         <value>0x47e9</value>
         <object_component_ref idref="oc-4c1"/>
      </symbol>
      <symbol id="sm-61d">
         <name>atoi</name>
         <value>0x48e1</value>
         <object_component_ref idref="oc-3ea"/>
      </symbol>
      <symbol id="sm-628">
         <name>_ctypes_</name>
         <value>0x5490</value>
         <object_component_ref idref="oc-4b1"/>
      </symbol>
      <symbol id="sm-638">
         <name>memccpy</name>
         <value>0x4ebd</value>
         <object_component_ref idref="oc-40e"/>
      </symbol>
      <symbol id="sm-648">
         <name>strchr</name>
         <value>0x506b</value>
         <object_component_ref idref="oc-4e8"/>
      </symbol>
      <symbol id="sm-656">
         <name>strlen</name>
         <value>0x50bd</value>
         <object_component_ref idref="oc-3e4"/>
      </symbol>
      <symbol id="sm-66f">
         <name>wcslen</name>
         <value>0x50e3</value>
         <object_component_ref idref="oc-414"/>
      </symbol>
      <symbol id="sm-685">
         <name>frexpl</name>
         <value>0x4615</value>
         <object_component_ref idref="oc-4e2"/>
      </symbol>
      <symbol id="sm-686">
         <name>frexp</name>
         <value>0x4615</value>
         <object_component_ref idref="oc-4e2"/>
      </symbol>
      <symbol id="sm-690">
         <name>__aeabi_idiv0</name>
         <value>0xb33</value>
         <object_component_ref idref="oc-544"/>
      </symbol>
      <symbol id="sm-691">
         <name>__aeabi_ldiv0</name>
         <value>0xb33</value>
         <object_component_ref idref="oc-544"/>
      </symbol>
      <symbol id="sm-6d7">
         <name>Graphics_setBackgroundColor</name>
         <value>0x4ef3</value>
         <object_component_ref idref="oc-be"/>
      </symbol>
      <symbol id="sm-6d8">
         <name>Graphics_setFont</name>
         <value>0x4f0d</value>
         <object_component_ref idref="oc-c4"/>
      </symbol>
      <symbol id="sm-6d9">
         <name>Graphics_initContext</name>
         <value>0x483d</value>
         <object_component_ref idref="oc-b2"/>
      </symbol>
      <symbol id="sm-6da">
         <name>Graphics_setForegroundColor</name>
         <value>0x4fd1</value>
         <object_component_ref idref="oc-b8"/>
      </symbol>
      <symbol id="sm-6db">
         <name>Graphics_clearDisplay</name>
         <value>0x50d1</value>
         <object_component_ref idref="oc-ca"/>
      </symbol>
      <symbol id="sm-700">
         <name>Graphics_clearDisplayOnDisplay</name>
         <value>0x4ed9</value>
         <object_component_ref idref="oc-1ff"/>
      </symbol>
      <symbol id="sm-701">
         <name>Graphics_drawPixelOnDisplay</name>
         <value>0x4d9f</value>
         <object_component_ref idref="oc-3db"/>
      </symbol>
      <symbol id="sm-702">
         <name>Graphics_translateColorOnDisplay</name>
         <value>0x4fe7</value>
         <object_component_ref idref="oc-1f1"/>
      </symbol>
      <symbol id="sm-703">
         <name>Graphics_drawHorizontalLineOnDisplay</name>
         <value>0x4c39</value>
         <object_component_ref idref="oc-4a6"/>
      </symbol>
      <symbol id="sm-715">
         <name>g_sFontFixed6x8</name>
         <value>0x5594</value>
         <object_component_ref idref="oc-165"/>
      </symbol>
      <symbol id="sm-76d">
         <name>Graphics_drawStringCentered</name>
         <value>0x4975</value>
         <object_component_ref idref="oc-130"/>
      </symbol>
      <symbol id="sm-76e">
         <name>Graphics_drawString</name>
         <value>0x1b85</value>
         <object_component_ref idref="oc-2b7"/>
      </symbol>
      <symbol id="sm-76f">
         <name>Graphics_getStringWidth</name>
         <value>0x3c75</value>
         <object_component_ref idref="oc-2b1"/>
      </symbol>
      <symbol id="sm-782">
         <name>Graphics_drawLineH</name>
         <value>0x3f9f</value>
         <object_component_ref idref="oc-3d5"/>
      </symbol>
      <symbol id="sm-7cf">
         <name>CS_setDCOCenteredFrequency</name>
         <value>0x4c71</value>
         <object_component_ref idref="oc-11e"/>
      </symbol>
      <symbol id="sm-7d0">
         <name>CS_setReferenceOscillatorFrequency</name>
         <value>0x4d41</value>
         <object_component_ref idref="oc-dc"/>
      </symbol>
      <symbol id="sm-7d1">
         <name>CS_initClockSignal</name>
         <value>0x35f5</value>
         <object_component_ref idref="oc-e2"/>
      </symbol>
      <symbol id="sm-7e0">
         <name>FlashCtl_setWaitState</name>
         <value>0x492d</value>
         <object_component_ref idref="oc-118"/>
      </symbol>
      <symbol id="sm-823">
         <name>GPIO_setOutputHighOnPin</name>
         <value>0x4dcd</value>
         <object_component_ref idref="oc-1d7"/>
      </symbol>
      <symbol id="sm-824">
         <name>GPIO_setAsOutputPin</name>
         <value>0x4a49</value>
         <object_component_ref idref="oc-124"/>
      </symbol>
      <symbol id="sm-825">
         <name>GPIO_setOutputLowOnPin</name>
         <value>0x4df5</value>
         <object_component_ref idref="oc-12a"/>
      </symbol>
      <symbol id="sm-826">
         <name>GPIO_toggleOutputOnPin</name>
         <value>0x4e1d</value>
         <object_component_ref idref="oc-13c"/>
      </symbol>
      <symbol id="sm-827">
         <name>GPIO_setAsPeripheralModuleFunctionOutputPin</name>
         <value>0x416d</value>
         <object_component_ref idref="oc-206"/>
      </symbol>
      <symbol id="sm-8cb">
         <name>I2C_masterSendMultiByteStop</name>
         <value>0x4bc9</value>
         <object_component_ref idref="oc-23c"/>
      </symbol>
      <symbol id="sm-8cc">
         <name>I2C_masterSendMultiByteFinish</name>
         <value>0x44d9</value>
         <object_component_ref idref="oc-25a"/>
      </symbol>
      <symbol id="sm-8cd">
         <name>I2C_masterSendMultiByteNext</name>
         <value>0x4ca5</value>
         <object_component_ref idref="oc-254"/>
      </symbol>
      <symbol id="sm-8ce">
         <name>I2C_masterSendMultiByteStart</name>
         <value>0x4545</value>
         <object_component_ref idref="oc-230"/>
      </symbol>
      <symbol id="sm-8cf">
         <name>I2C_masterReceiveMultiByteNext</name>
         <value>0x5081</value>
         <object_component_ref idref="oc-248"/>
      </symbol>
      <symbol id="sm-8d0">
         <name>I2C_getInterruptStatus</name>
         <value>0x4f5b</value>
         <object_component_ref idref="oc-236"/>
      </symbol>
      <symbol id="sm-8d1">
         <name>I2C_setMode</name>
         <value>0x4e69</value>
         <object_component_ref idref="oc-21e"/>
      </symbol>
      <symbol id="sm-8d2">
         <name>I2C_isBusBusy</name>
         <value>0x4f75</value>
         <object_component_ref idref="oc-22a"/>
      </symbol>
      <symbol id="sm-8d3">
         <name>I2C_masterReceiveMultiByteFinish</name>
         <value>0x4ac9</value>
         <object_component_ref idref="oc-24e"/>
      </symbol>
      <symbol id="sm-8d4">
         <name>I2C_enableModule</name>
         <value>0x5029</value>
         <object_component_ref idref="oc-218"/>
      </symbol>
      <symbol id="sm-8d5">
         <name>I2C_masterReceiveStart</name>
         <value>0x4f27</value>
         <object_component_ref idref="oc-242"/>
      </symbol>
      <symbol id="sm-8d6">
         <name>I2C_clearInterruptFlag</name>
         <value>0x4ffd</value>
         <object_component_ref idref="oc-224"/>
      </symbol>
      <symbol id="sm-8d7">
         <name>I2C_setSlaveAddress</name>
         <value>0x5095</value>
         <object_component_ref idref="oc-260"/>
      </symbol>
      <symbol id="sm-8d8">
         <name>I2C_initMaster</name>
         <value>0x4679</value>
         <object_component_ref idref="oc-20c"/>
      </symbol>
      <symbol id="sm-8d9">
         <name>I2C_disableModule</name>
         <value>0x5013</value>
         <object_component_ref idref="oc-212"/>
      </symbol>
      <symbol id="sm-912">
         <name>Interrupt_disableMaster</name>
         <value>0x50f5</value>
         <object_component_ref idref="oc-10c"/>
      </symbol>
      <symbol id="sm-913">
         <name>Interrupt_enableSleepOnIsrExit</name>
         <value>0x5115</value>
         <object_component_ref idref="oc-ee"/>
      </symbol>
      <symbol id="sm-914">
         <name>Interrupt_enableMaster</name>
         <value>0x5105</value>
         <object_component_ref idref="oc-fa"/>
      </symbol>
      <symbol id="sm-915">
         <name>Interrupt_enableInterrupt</name>
         <value>0x4301</value>
         <object_component_ref idref="oc-f4"/>
      </symbol>
      <symbol id="sm-993">
         <name>PCM_setCoreVoltageLevel</name>
         <value>0x5125</value>
         <object_component_ref idref="oc-112"/>
      </symbol>
      <symbol id="sm-994">
         <name>PCM_getCoreVoltageLevel</name>
         <value>0x46db</value>
         <object_component_ref idref="oc-3b8"/>
      </symbol>
      <symbol id="sm-995">
         <name>PCM_getPowerMode</name>
         <value>0x4739</value>
         <object_component_ref idref="oc-3b2"/>
      </symbol>
      <symbol id="sm-996">
         <name>PCM_getPowerState</name>
         <value>0x50a9</value>
         <object_component_ref idref="oc-3be"/>
      </symbol>
      <symbol id="sm-997">
         <name>PCM_setPowerMode</name>
         <value>0x5135</value>
         <object_component_ref idref="oc-3c4"/>
      </symbol>
      <symbol id="sm-9d7">
         <name>EUSCI_B_SPI_enable</name>
         <value>0x4fbb</value>
         <object_component_ref idref="oc-464"/>
      </symbol>
      <symbol id="sm-9d8">
         <name>SPI_enableModule</name>
         <value>0x4e85</value>
         <object_component_ref idref="oc-32e"/>
      </symbol>
      <symbol id="sm-9d9">
         <name>EUSCI_A_SPI_enable</name>
         <value>0x4fa5</value>
         <object_component_ref idref="oc-45e"/>
      </symbol>
      <symbol id="sm-9da">
         <name>SPI_initMaster</name>
         <value>0x3eef</value>
         <object_component_ref idref="oc-328"/>
      </symbol>
      <symbol id="sm-a17">
         <name>Timer_A_startCounter</name>
         <value>0x5055</value>
         <object_component_ref idref="oc-100"/>
      </symbol>
      <symbol id="sm-a18">
         <name>Timer_A_clearInterruptFlag</name>
         <value>0x503f</value>
         <object_component_ref idref="oc-136"/>
      </symbol>
      <symbol id="sm-a19">
         <name>Timer_A_configureContinuousMode</name>
         <value>0x4cd9</value>
         <object_component_ref idref="oc-e8"/>
      </symbol>
      <symbol id="sm-a25">
         <name>WDT_A_holdTimer</name>
         <value>0x4e45</value>
         <object_component_ref idref="oc-106"/>
      </symbol>
      <symbol id="sm-a37">
         <name>CPU_cpsie</name>
         <value>0x516d</value>
         <object_component_ref idref="oc-28e"/>
      </symbol>
      <symbol id="sm-a38">
         <name>CPU_cpsid</name>
         <value>0x5161</value>
         <object_component_ref idref="oc-29c"/>
      </symbol>
      <symbol id="sm-a39">
         <name>__TI_static_base__</name>
         <value>0x0</value>
      </symbol>
      <symbol id="sm-a3c">
         <name>__mpu_init</name>
         <value>0x0</value>
      </symbol>
      <symbol id="sm-a3d">
         <name>_system_post_cinit</name>
         <value>0x0</value>
      </symbol>
      <symbol id="sm-a3e">
         <name>NMI_Handler</name>
         <value>0x515f</value>
      </symbol>
      <symbol id="sm-a3f">
         <name>HardFault_Handler</name>
         <value>0x515f</value>
      </symbol>
      <symbol id="sm-a40">
         <name>MemManage_Handler</name>
         <value>0x515f</value>
      </symbol>
      <symbol id="sm-a41">
         <name>BusFault_Handler</name>
         <value>0x515f</value>
      </symbol>
      <symbol id="sm-a42">
         <name>UsageFault_Handler</name>
         <value>0x515f</value>
      </symbol>
      <symbol id="sm-a43">
         <name>SVC_Handler</name>
         <value>0x515f</value>
      </symbol>
      <symbol id="sm-a44">
         <name>DebugMon_Handler</name>
         <value>0x515f</value>
      </symbol>
      <symbol id="sm-a45">
         <name>PendSV_Handler</name>
         <value>0x515f</value>
      </symbol>
      <symbol id="sm-a46">
         <name>SysTick_Handler</name>
         <value>0x515f</value>
      </symbol>
      <symbol id="sm-a47">
         <name>PSS_IRQHandler</name>
         <value>0x515f</value>
      </symbol>
      <symbol id="sm-a48">
         <name>CS_IRQHandler</name>
         <value>0x515f</value>
      </symbol>
      <symbol id="sm-a49">
         <name>PCM_IRQHandler</name>
         <value>0x515f</value>
      </symbol>
      <symbol id="sm-a4a">
         <name>WDT_A_IRQHandler</name>
         <value>0x515f</value>
      </symbol>
      <symbol id="sm-a4b">
         <name>FPU_IRQHandler</name>
         <value>0x515f</value>
      </symbol>
      <symbol id="sm-a4c">
         <name>FLCTL_IRQHandler</name>
         <value>0x515f</value>
      </symbol>
      <symbol id="sm-a4d">
         <name>COMP_E0_IRQHandler</name>
         <value>0x515f</value>
      </symbol>
      <symbol id="sm-a4e">
         <name>COMP_E1_IRQHandler</name>
         <value>0x515f</value>
      </symbol>
      <symbol id="sm-a4f">
         <name>TA0_0_IRQHandler</name>
         <value>0x515f</value>
      </symbol>
      <symbol id="sm-a50">
         <name>TA0_N_IRQHandler</name>
         <value>0x2acf</value>
      </symbol>
      <symbol id="sm-a51">
         <name>TA1_0_IRQHandler</name>
         <value>0x515f</value>
      </symbol>
      <symbol id="sm-a52">
         <name>TA1_N_IRQHandler</name>
         <value>0x515f</value>
      </symbol>
      <symbol id="sm-a53">
         <name>TA2_0_IRQHandler</name>
         <value>0x515f</value>
      </symbol>
      <symbol id="sm-a54">
         <name>TA2_N_IRQHandler</name>
         <value>0x515f</value>
      </symbol>
      <symbol id="sm-a55">
         <name>TA3_0_IRQHandler</name>
         <value>0x515f</value>
      </symbol>
      <symbol id="sm-a56">
         <name>TA3_N_IRQHandler</name>
         <value>0x515f</value>
      </symbol>
      <symbol id="sm-a57">
         <name>EUSCIA0_IRQHandler</name>
         <value>0x515f</value>
      </symbol>
      <symbol id="sm-a58">
         <name>EUSCIA1_IRQHandler</name>
         <value>0x515f</value>
      </symbol>
      <symbol id="sm-a59">
         <name>EUSCIA2_IRQHandler</name>
         <value>0x515f</value>
      </symbol>
      <symbol id="sm-a5a">
         <name>EUSCIA3_IRQHandler</name>
         <value>0x515f</value>
      </symbol>
      <symbol id="sm-a5b">
         <name>EUSCIB0_IRQHandler</name>
         <value>0x515f</value>
      </symbol>
      <symbol id="sm-a5c">
         <name>EUSCIB1_IRQHandler</name>
         <value>0x515f</value>
      </symbol>
      <symbol id="sm-a5d">
         <name>EUSCIB2_IRQHandler</name>
         <value>0x515f</value>
      </symbol>
      <symbol id="sm-a5e">
         <name>EUSCIB3_IRQHandler</name>
         <value>0x515f</value>
      </symbol>
      <symbol id="sm-a5f">
         <name>ADC14_IRQHandler</name>
         <value>0x515f</value>
      </symbol>
      <symbol id="sm-a60">
         <name>T32_INT1_IRQHandler</name>
         <value>0x515f</value>
      </symbol>
      <symbol id="sm-a61">
         <name>T32_INT2_IRQHandler</name>
         <value>0x515f</value>
      </symbol>
      <symbol id="sm-a62">
         <name>T32_INTC_IRQHandler</name>
         <value>0x515f</value>
      </symbol>
      <symbol id="sm-a63">
         <name>AES256_IRQHandler</name>
         <value>0x515f</value>
      </symbol>
      <symbol id="sm-a64">
         <name>RTC_C_IRQHandler</name>
         <value>0x515f</value>
      </symbol>
      <symbol id="sm-a65">
         <name>DMA_ERR_IRQHandler</name>
         <value>0x515f</value>
      </symbol>
      <symbol id="sm-a66">
         <name>DMA_INT3_IRQHandler</name>
         <value>0x515f</value>
      </symbol>
      <symbol id="sm-a67">
         <name>DMA_INT2_IRQHandler</name>
         <value>0x515f</value>
      </symbol>
      <symbol id="sm-a68">
         <name>DMA_INT1_IRQHandler</name>
         <value>0x515f</value>
      </symbol>
      <symbol id="sm-a69">
         <name>DMA_INT0_IRQHandler</name>
         <value>0x515f</value>
      </symbol>
      <symbol id="sm-a6a">
         <name>PORT1_IRQHandler</name>
         <value>0x515f</value>
      </symbol>
      <symbol id="sm-a6b">
         <name>PORT2_IRQHandler</name>
         <value>0x515f</value>
      </symbol>
      <symbol id="sm-a6c">
         <name>PORT3_IRQHandler</name>
         <value>0x515f</value>
      </symbol>
      <symbol id="sm-a6d">
         <name>PORT4_IRQHandler</name>
         <value>0x515f</value>
      </symbol>
      <symbol id="sm-a6e">
         <name>PORT5_IRQHandler</name>
         <value>0x515f</value>
      </symbol>
      <symbol id="sm-a6f">
         <name>PORT6_IRQHandler</name>
         <value>0x515f</value>
      </symbol>
   </symbol_table>
   <title>Link successful</title>
</link_info>
