******************************************************************************
                  TI ARM Linker PC v20.2.7                     
******************************************************************************
>> Linked Sun Nov 17 19:28:21 2024

OUTPUT FILE NAME:   <Push_buttons.out>
ENTRY POINT SYMBOL: "_c_int00_noargs"  address: 00003d89


MEMORY CONFIGURATION

         name            origin    length      used     unused   attr    fill
----------------------  --------  ---------  --------  --------  ----  --------
  MAIN                  00000000   00040000  000047f4  0003b80c  R  X
  INFO                  00200000   00004000  00000000  00004000  R  X
  SRAM_CODE             01000000   00010000  00000252  0000fdae  RW X
  SRAM_DATA             20000000   00010000  00000252  0000fdae  RW  


SEGMENT ALLOCATION MAP

run origin  load origin   length   init length attrs members
----------  ----------- ---------- ----------- ----- -------
00000000    00000000    000047f8   000047f8    r-x
  00000000    00000000    000000e4   000000e4    r-- .intvecs
  000000e4    000000e4    00004118   00004118    r-x .text
  000041fc    000041fc    000005c0   000005c0    r-- .const
  000047c0    000047c0    00000038   00000038    r-- .cinit
20000000    20000000    00000054   00000000    rw-
  20000000    20000000    0000002a   00000000    rw- .bss
  2000002c    2000002c    00000028   00000000    rw- .data
2000fe00    2000fe00    00000200   00000000    rw-
  2000fe00    2000fe00    00000200   00000000    rw- .stack


SECTION ALLOCATION MAP

 output                                  attributes/
section   page    origin      length       input sections
--------  ----  ----------  ----------   ----------------
.intvecs   0    00000000    000000e4     
                  00000000    000000e4     startup_msp432p401r_ccs.obj (.intvecs:retain)

.text      0    000000e4    00004118     
                  000000e4    00000a4e     rtsv7M4_T_le_v4SPD16_eabi.lib : _printfi.c.obj (.text:__TI_printfi)
                  00000b32    00000002                                   : div0.asm.obj (.text)
                  00000b34    00000680     Crystalfontz128x128_ST7735.obj (.text)
                  000011b4    0000047e     grlib.a : string.obj (.text:Graphics_drawString)
                  00001632    00000002     --HOLE-- [fill = 0]
                  00001634    00000334     system_msp432p401r.obj (.text)
                  00001968    00000304     main.obj (.text)
                  00001c6c    00000270     rtsv7M4_T_le_v4SPD16_eabi.lib : _printfi.c.obj (.text:_pconv_a)
                  00001edc    000001d0                                   : _printfi.c.obj (.text:_pconv_g)
                  000020ac    000001b6                                   : fd_add_t2.asm.obj (.text)
                  00002262    00000002     --HOLE-- [fill = 0]
                  00002264    00000160     msp432p4xx_driverlib.lib : adc14.o (.text:_getIndexForMemRegister)
                  000023c4    0000015c                              : pcm.o (.text:__PCM_setPowerModeAdvanced)
                  00002520    0000013c     rtsv7M4_T_le_v4SPD16_eabi.lib : _printfi.c.obj (.text:_pconv_e)
                  0000265c    00000136                                   : fd_div_t2.asm.obj (.text)
                  00002792    00000002     --HOLE-- [fill = 0]
                  00002794    00000130     msp432p4xx_driverlib.lib : cs.o (.text:CS_initClockSignal)
                  000028c4    00000124     rtsv7M4_T_le_v4SPD16_eabi.lib : _printfi.c.obj (.text:fcvt)
                  000029e8    00000110                                   : s_scalbn.c.obj (.text:scalbn)
                  00002af8    00000108     msp432p4xx_driverlib.lib : pcm.o (.text:__PCM_setCoreVoltageLevelAdvanced)
                  00002c00    000000fc     rtsv7M4_T_le_v4SPD16_eabi.lib : fd_mul_t2.asm.obj (.text)
                  00002cfc    000000fa     grlib.a : string.obj (.text:Graphics_getStringWidth)
                  00002df6    00000002     --HOLE-- [fill = 0]
                  00002df8    000000cc     HAL_MSP_EXP432P401R_Crystalfontz128x128_ST7735.obj (.text)
                  00002ec4    000000b4     msp432p4xx_driverlib.lib : adc14.o (.text:ADC14_configureConversionMemory)
                  00002f78    000000b4                              : adc14.o (.text:ADC14_configureMultiSequenceMode)
                  0000302c    000000b1     rtsv7M4_T_le_v4SPD16_eabi.lib : _printfi.c.obj (.text:_ltostr)
                  000030dd    00000001     --HOLE-- [fill = 0]
                  000030de    000000b0     msp432p4xx_driverlib.lib : spi.o (.text:SPI_initMaster)
                  0000318e    0000009c     grlib.a : line.obj (.text:Graphics_drawLineH)
                  0000322a    0000009c     rtsv7M4_T_le_v4SPD16_eabi.lib : memcpy_t2.asm.obj (.text)
                  000032c6    00000096                                   : ull_div_t2.asm.obj (.text)
                  0000335c    00000088     msp432p4xx_driverlib.lib : gpio.o (.text:GPIO_setAsPeripheralModuleFunctionInputPin)
                  000033e4    00000088                              : gpio.o (.text:GPIO_setAsPeripheralModuleFunctionOutputPin)
                  0000346c    00000086     rtsv7M4_T_le_v4SPD16_eabi.lib : fd_cmp_t2.asm.obj (.text:__aeabi_cdcmple)
                  000034f2    00000086                                   : fd_cmp_t2.asm.obj (.text:__aeabi_cdrcmple)
                  00003578    00000080     msp432p4xx_driverlib.lib : interrupt.o (.text:Interrupt_enableInterrupt)
                  000035f8    0000007a     rtsv7M4_T_le_v4SPD16_eabi.lib : memset_t2.asm.obj (.text)
                  00003672    0000006e                                   : _printfi.c.obj (.text:_mcpy)
                  000036e0    00000068                                   : copy_decompress_lzss.c.obj (.text:decompress:lzss:__TI_decompress_lzss)
                  00003748    00000064                                   : s_frexp.c.obj (.text:frexp)
                  000037ac    0000005e     msp432p4xx_driverlib.lib : pcm.o (.text:PCM_getCoreVoltageLevel)
                  0000380a    0000005a                              : pcm.o (.text:PCM_getPowerMode)
                  00003864    00000056     rtsv7M4_T_le_v4SPD16_eabi.lib : _printfi.c.obj (.text:_pconv_f)
                  000038ba    00000002     --HOLE-- [fill = 0]
                  000038bc    00000054     msp432p4xx_driverlib.lib : adc14.o (.text:ADC14_initModule)
                  00003910    00000054     rtsv7M4_T_le_v4SPD16_eabi.lib : _ltoa.c.obj (.text:__TI_ltoa)
                  00003964    00000052     grlib.a : context.obj (.text:Graphics_initContext)
                  000039b6    00000052     rtsv7M4_T_le_v4SPD16_eabi.lib : _printfi.c.obj (.text:_ecpy)
                  00003a08    0000004c                                   : atoi.c.obj (.text:atoi)
                  00003a54    00000048     msp432p4xx_driverlib.lib : flash.o (.text:FlashCtl_setWaitState)
                  00003a9c    00000048     grlib.a : string.obj (.text:Graphics_drawStringCentered)
                  00003ae4    00000048     rtsv7M4_T_le_v4SPD16_eabi.lib : fd_toi_t2.asm.obj (.text)
                  00003b2c    00000044                                   : autoinit.c.obj (.text:__TI_auto_init_nobinit_nopinit:__TI_auto_init_nobinit_nopinit)
                  00003b70    00000040     msp432p4xx_driverlib.lib : gpio.o (.text:GPIO_setAsOutputPin)
                  00003bb0    00000040     grlib.a : string.obj (.text:Graphics_getNumberOfLeadingZeros)
                  00003bf0    00000040     msp432p4xx_driverlib.lib : spi.o (.text:is_A_Module)
                  00003c30    00000040     rtsv7M4_T_le_v4SPD16_eabi.lib : sprintf.c.obj (.text:sprintf)
                  00003c70    0000003e                                   : _printfi.c.obj (.text:_fcpy)
                  00003cae    00000002     --HOLE-- [fill = 0]
                  00003cb0    00000038     msp432p4xx_driverlib.lib : adc14.o (.text:ADC14_getEnabledInterruptStatus)
                  00003ce8    00000036     grlib.a : display.obj (.text:Graphics_drawHorizontalLineOnDisplay)
                  00003d1e    00000002     --HOLE-- [fill = 0]
                  00003d20    00000034     msp432p4xx_driverlib.lib : adc14.o (.text:ADC14_enableSampleTimer)
                  00003d54    00000034                              : cs.o (.text:CS_setDCOCenteredFrequency)
                  00003d88    00000034     rtsv7M4_T_le_v4SPD16_eabi.lib : boot_cortex_m.c.obj (.text:_c_int00_noargs:_c_int00_noargs)
                  00003dbc    00000030     msp432p4xx_driverlib.lib : adc14.o (.text:ADC14_clearInterruptFlag)
                  00003dec    00000030                              : adc14.o (.text:ADC14_enableInterrupt)
                  00003e1c    0000002e     rtsv7M4_T_le_v4SPD16_eabi.lib : i_tofd_t2.asm.obj (.text)
                  00003e4a    00000002     --HOLE-- [fill = 0]
                  00003e4c    0000002c     msp432p4xx_driverlib.lib : adc14.o (.text:ADC14_getInterruptStatus)
                  00003e78    0000002c                              : adc14.o (.text:ADC14_toggleConversionTrigger)
                  00003ea4    0000002c     grlib.a : display.obj (.text:Graphics_drawPixelOnDisplay)
                  00003ed0    00000028     msp432p4xx_driverlib.lib : adc14.o (.text:ADC14_enableConversion)
                  00003ef8    00000028                              : adc14.o (.text:ADC14_getResult)
                  00003f20    00000028                              : gpio.o (.text:GPIO_setOutputHighOnPin)
                  00003f48    00000028                              : gpio.o (.text:GPIO_setOutputLowOnPin)
                  00003f70    00000028                              : pcm.o (.text:PCM_gotoLPM0)
                  00003f98    00000024                              : wdt_a.o (.text:WDT_A_holdTimer)
                  00003fbc    0000001c                              : spi.o (.text:SPI_enableModule)
                  00003fd8    0000001c     rtsv7M4_T_le_v4SPD16_eabi.lib : copy_zero_init.c.obj (.text:decompress:ZI:__TI_zero_init_nomemset:__TI_zero_init_nomemset)
                  00003ff4    0000001c                                   : memccpy.c.obj (.text:memccpy)
                  00004010    0000001a     grlib.a : display.obj (.text:Graphics_clearDisplayOnDisplay)
                  0000402a    0000001a             : context.obj (.text:Graphics_setBackgroundColor)
                  00004044    0000001a             : context.obj (.text:Graphics_setFont)
                  0000405e    0000001a     rtsv7M4_T_le_v4SPD16_eabi.lib : s_copysign.c.obj (.text:copysign)
                  00004078    00000018                                   : sprintf.c.obj (.text:_outs)
                  00004090    00000016     msp432p4xx_driverlib.lib : spi.o (.text:EUSCI_A_SPI_enable)
                  000040a6    00000016                              : spi.o (.text:EUSCI_B_SPI_enable)
                  000040bc    00000016     grlib.a : context.obj (.text:Graphics_setForegroundColor)
                  000040d2    00000016             : display.obj (.text:Graphics_translateColorOnDisplay)
                  000040e8    00000016     rtsv7M4_T_le_v4SPD16_eabi.lib : strchr.c.obj (.text:strchr)
                  000040fe    00000002     --HOLE-- [fill = 0]
                  00004100    00000014     msp432p4xx_driverlib.lib : pcm.o (.text:PCM_getPowerState)
                  00004114    00000014     rtsv7M4_T_le_v4SPD16_eabi.lib : strlen.c.obj (.text:strlen)
                  00004128    00000012     grlib.a : context.obj (.text:Graphics_clearDisplay)
                  0000413a    00000012     rtsv7M4_T_le_v4SPD16_eabi.lib : wcslen.c.obj (.text:wcslen)
                  0000414c    00000010     msp432p4xx_driverlib.lib : adc14.o (.text:ADCIsConversionRunning)
                  0000415c    00000010                              : interrupt.o (.text:Interrupt_disableMaster)
                  0000416c    00000010                              : interrupt.o (.text:Interrupt_enableMaster)
                  0000417c    00000010                              : pcm.o (.text:PCM_setCoreVoltageLevel)
                  0000418c    00000010                              : pcm.o (.text:PCM_setPowerMode)
                  0000419c    0000000e     rtsv7M4_T_le_v4SPD16_eabi.lib : copy_decompress_none.c.obj (.text:decompress:none:__TI_decompress_none)
                  000041aa    0000000e     startup_msp432p401r_ccs.obj (.text)
                  000041b8    0000000c     msp432p4xx_driverlib.lib : adc14.o (.text:ADC14_enableModule)
                  000041c4    0000000c                              : cpu.o (.text:CPU_cpsid)
                  000041d0    0000000c                              : cpu.o (.text:CPU_cpsie)
                  000041dc    0000000a     rtsv7M4_T_le_v4SPD16_eabi.lib : sprintf.c.obj (.text:_outc)
                  000041e6    00000002     --HOLE-- [fill = 0]
                  000041e8    00000008                                   : errno.c.obj (.text:__aeabi_errno_addr)
                  000041f0    00000004     msp432p4xx_driverlib.lib : cpu.o (.text:CPU_wfi)
                  000041f4    00000004     rtsv7M4_T_le_v4SPD16_eabi.lib : pre_init.c.obj (.text:_system_pre_init)
                  000041f8    00000004                                   : exit.c.obj (.text:abort:abort)

.const     0    000041fc    000005c0     
                  000041fc    000002f8     grlib.a : fontfixed6x8.obj (.const:.string:g_pucFontFixed6x8Data)
                  000044f4    00000101     rtsv7M4_T_le_v4SPD16_eabi.lib : ctype.c.obj (.const:.string:_ctypes_)
                  000045f5    00000003     --HOLE-- [fill = 0]
                  000045f8    000000c8     grlib.a : fontfixed6x8.obj (.const:g_sFontFixed6x8)
                  000046c0    00000080     msp432p4xx_driverlib.lib : adc14.o (.const:_ctlRegs)
                  00004740    00000030                              : gpio.o (.const:GPIO_PORT_TO_BASE)
                  00004770    00000020     Crystalfontz128x128_ST7735.obj (.const:g_sCrystalfontz128x128_funcs)
                  00004790    0000001c     HAL_MSP_EXP432P401R_Crystalfontz128x128_ST7735.obj (.const:$P$T0$1)
                  000047ac    00000008     Crystalfontz128x128_ST7735.obj (.const:$P$T0$1)
                  000047b4    00000008     msp432p4xx_driverlib.lib : interrupt.o (.const:g_pulEnRegs)

.cinit     0    000047c0    00000038     
                  000047c0    00000013     (.cinit..data.load) [load image, compression = lzss]
                  000047d3    00000001     --HOLE-- [fill = 0]
                  000047d4    0000000c     (__TI_handler_table)
                  000047e0    00000008     (.cinit..bss.load) [load image, compression = zero_init]
                  000047e8    00000010     (__TI_cinit_table)

.init_array 
*          0    00000000    00000000     UNINITIALIZED

.binit     0    00000000    00000000     

.bss       0    20000000    0000002a     UNINITIALIZED
                  20000000    0000001c     (.common:g_sContext)
                  2000001c    00000004     main.obj (.bss:resultsBuffer)
                  20000020    00000002     (.common:Lcd_ScreenHeigth)
                  20000022    00000002     (.common:Lcd_ScreenWidth)
                  20000024    00000002     (.common:Lcd_TouchTrim)
                  20000026    00000001     (.common:Lcd_FlagRead)
                  20000027    00000001     (.common:Lcd_FontSolid)
                  20000028    00000001     (.common:Lcd_Orientation)
                  20000029    00000001     (.common:Lcd_PenSolid)

.data      0    2000002c    00000028     UNINITIALIZED
                  2000002c    00000010     Crystalfontz128x128_ST7735.obj (.data:g_sCrystalfontz128x128)
                  2000003c    00000010     main.obj (.data)
                  2000004c    00000004     rtsv7M4_T_le_v4SPD16_eabi.lib : errno.c.obj (.data)
                  20000050    00000004     system_msp432p401r.obj (.data)

.stack     0    2000fe00    00000200     UNINITIALIZED
                  2000fe00    00000004     rtsv7M4_T_le_v4SPD16_eabi.lib : boot_cortex_m.c.obj (.stack)
                  2000fe04    000001fc     --HOLE--

__llvm_prf_cnts 
*          0    20000000    00000000     UNINITIALIZED

MODULE SUMMARY

       Module                                               code    ro data   rw data
       ------                                               ----    -------   -------
    .\
       main.obj                                             772     0         96     
       system_msp432p401r.obj                               820     0         8      
       startup_msp432p401r_ccs.obj                          14      228       0      
    +--+----------------------------------------------------+-------+---------+---------+
       Total:                                               1606    228       104    
                                                                                     
    .\LcdDriver\
       Crystalfontz128x128_ST7735.obj                       1664    40        52     
       HAL_MSP_EXP432P401R_Crystalfontz128x128_ST7735.obj   204     28        0      
    +--+----------------------------------------------------+-------+---------+---------+
       Total:                                               1868    68        52     
                                                                                     
    C:/Users/Dennis/OneDrive/Documenti/DriverLibraryEmbedded/simplelink_msp432p4_sdk_3_40_01_02/simplelink_msp432p4_sdk_3_40_01_02/source/ti/devices/msp432p4xx/driverlib/ccs/msp432p4xx_driverlib.lib
       adc14.o                                              1196    128       0      
       pcm.o                                                888     0         0      
       gpio.o                                               416     48        0      
       cs.o                                                 356     0         0      
       spi.o                                                312     0         0      
       interrupt.o                                          160     8         0      
       flash.o                                              72      0         0      
       wdt_a.o                                              36      0         0      
       cpu.o                                                28      0         0      
    +--+----------------------------------------------------+-------+---------+---------+
       Total:                                               3464    184       0      
                                                                                     
    C:/Users/Dennis/OneDrive/Documenti/DriverLibraryEmbedded/simplelink_msp432p4_sdk_3_40_01_02/simplelink_msp432p4_sdk_3_40_01_02/source/ti/grlib/lib/ccs/m4/grlib.a
       string.obj                                           1536    0         0      
       fontfixed6x8.obj                                     0       960       0      
       context.obj                                          174     0         0      
       line.obj                                             156     0         0      
       display.obj                                          146     0         0      
    +--+----------------------------------------------------+-------+---------+---------+
       Total:                                               2012    960       0      
                                                                                     
    C:\ti\ccs1270\ccs\tools\compiler\ti-cgt-arm_20.2.7.LTS\lib\rtsv7M4_T_le_v4SPD16_eabi.lib
       _printfi.c.obj                                       4851    0         0      
       fd_add_t2.asm.obj                                    438     0         0      
       fd_div_t2.asm.obj                                    310     0         0      
       s_scalbn.c.obj                                       272     0         0      
       fd_cmp_t2.asm.obj                                    268     0         0      
       ctype.c.obj                                          0       257       0      
       fd_mul_t2.asm.obj                                    252     0         0      
       memcpy_t2.asm.obj                                    156     0         0      
       ull_div_t2.asm.obj                                   150     0         0      
       memset_t2.asm.obj                                    122     0         0      
       copy_decompress_lzss.c.obj                           104     0         0      
       s_frexp.c.obj                                        100     0         0      
       sprintf.c.obj                                        98      0         0      
       _ltoa.c.obj                                          84      0         0      
       atoi.c.obj                                           76      0         0      
       fd_toi_t2.asm.obj                                    72      0         0      
       autoinit.c.obj                                       68      0         0      
       boot_cortex_m.c.obj                                  52      0         0      
       i_tofd_t2.asm.obj                                    46      0         0      
       copy_zero_init.c.obj                                 28      0         0      
       memccpy.c.obj                                        28      0         0      
       s_copysign.c.obj                                     26      0         0      
       strchr.c.obj                                         22      0         0      
       strlen.c.obj                                         20      0         0      
       wcslen.c.obj                                         18      0         0      
       errno.c.obj                                          8       0         8      
       copy_decompress_none.c.obj                           14      0         0      
       exit.c.obj                                           4       0         0      
       pre_init.c.obj                                       4       0         0      
       div0.asm.obj                                         2       0         0      
    +--+----------------------------------------------------+-------+---------+---------+
       Total:                                               7693    257       8      
                                                                                     
       Stack:                                               0       0         1024   
       Linker Generated:                                    0       55        0      
    +--+----------------------------------------------------+-------+---------+---------+
       Grand Total:                                         16643   1752      1188   


LINKER GENERATED COPY TABLES

__TI_cinit_table @ 000047e8 records: 2, size/record: 8, table size: 16
	.data: load addr=000047c0, load size=00000013 bytes, run addr=2000002c, run size=00000028 bytes, compression=lzss
	.bss: load addr=000047e0, load size=00000008 bytes, run addr=20000000, run size=0000002a bytes, compression=zero_init


LINKER GENERATED HANDLER TABLE

__TI_handler_table @ 000047d4 records: 3, size/record: 4, table size: 12
	index: 0, handler: __TI_decompress_lzss
	index: 1, handler: __TI_decompress_none
	index: 2, handler: __TI_zero_init


GLOBAL SYMBOLS: SORTED ALPHABETICALLY BY Name 

address   name                                       
-------   ----                                       
00001a8d  ADC14_IRQHandler                           
00001a8d  ADC14_IRQHandler                           
00003dbd  ADC14_clearInterruptFlag                   
00002ec5  ADC14_configureConversionMemory            
00002f79  ADC14_configureMultiSequenceMode           
00003ed1  ADC14_enableConversion                     
00003ded  ADC14_enableInterrupt                      
000041b9  ADC14_enableModule                         
00003d21  ADC14_enableSampleTimer                    
00003cb1  ADC14_getEnabledInterruptStatus            
00003e4d  ADC14_getInterruptStatus                   
00003ef9  ADC14_getResult                            
000038bd  ADC14_initModule                           
00003e79  ADC14_toggleConversionTrigger              
000041b7  AES256_IRQHandler                          
000041b7  BusFault_Handler                           
000041f9  C$$EXIT                                    
000041b7  COMP_E0_IRQHandler                         
000041b7  COMP_E1_IRQHandler                         
000041c5  CPU_cpsid                                  
000041d1  CPU_cpsie                                  
000041f1  CPU_wfi                                    
000041b7  CS_IRQHandler                              
00002795  CS_initClockSignal                         
00003d55  CS_setDCOCenteredFrequency                 
00000b35  Crystalfontz128x128_Init                   
00000c49  Crystalfontz128x128_SetDrawFrame           
00000d77  Crystalfontz128x128_SetOrientation         
000041b7  DMA_ERR_IRQHandler                         
000041b7  DMA_INT0_IRQHandler                        
000041b7  DMA_INT1_IRQHandler                        
000041b7  DMA_INT2_IRQHandler                        
000041b7  DMA_INT3_IRQHandler                        
000041b7  DebugMon_Handler                           
000041b7  Default_Handler                            
000041b7  EUSCIA0_IRQHandler                         
000041b7  EUSCIA1_IRQHandler                         
000041b7  EUSCIA2_IRQHandler                         
000041b7  EUSCIA3_IRQHandler                         
000041b7  EUSCIB0_IRQHandler                         
000041b7  EUSCIB1_IRQHandler                         
000041b7  EUSCIB2_IRQHandler                         
000041b7  EUSCIB3_IRQHandler                         
00004091  EUSCI_A_SPI_enable                         
000040a7  EUSCI_B_SPI_enable                         
000041b7  FLCTL_IRQHandler                           
000041b7  FPU_IRQHandler                             
00003a55  FlashCtl_setWaitState                      
00003b71  GPIO_setAsOutputPin                        
0000335d  GPIO_setAsPeripheralModuleFunctionInputPin 
000033e5  GPIO_setAsPeripheralModuleFunctionOutputPin
00003f21  GPIO_setOutputHighOnPin                    
00003f49  GPIO_setOutputLowOnPin                     
00004129  Graphics_clearDisplay                      
00004011  Graphics_clearDisplayOnDisplay             
00003ce9  Graphics_drawHorizontalLineOnDisplay       
0000318f  Graphics_drawLineH                         
00003ea5  Graphics_drawPixelOnDisplay                
000011b5  Graphics_drawString                        
00003a9d  Graphics_drawStringCentered                
00002cfd  Graphics_getStringWidth                    
00003965  Graphics_initContext                       
0000402b  Graphics_setBackgroundColor                
00004045  Graphics_setFont                           
000040bd  Graphics_setForegroundColor                
000040d3  Graphics_translateColorOnDisplay           
00002df9  HAL_LCD_PortInit                           
00002e29  HAL_LCD_SpiInit                            
00002e5f  HAL_LCD_writeCommand                       
00002e8f  HAL_LCD_writeData                          
000041b7  HardFault_Handler                          
0000415d  Interrupt_disableMaster                    
00003579  Interrupt_enableInterrupt                  
0000416d  Interrupt_enableMaster                     
20000026  Lcd_FlagRead                               
20000027  Lcd_FontSolid                              
20000028  Lcd_Orientation                            
20000029  Lcd_PenSolid                               
20000020  Lcd_ScreenHeigth                           
20000022  Lcd_ScreenWidth                            
20000024  Lcd_TouchTrim                              
000041b7  MemManage_Handler                          
000041b7  NMI_Handler                                
000041b7  PCM_IRQHandler                             
000037ad  PCM_getCoreVoltageLevel                    
0000380b  PCM_getPowerMode                           
00004101  PCM_getPowerState                          
00003f71  PCM_gotoLPM0                               
0000417d  PCM_setCoreVoltageLevel                    
0000418d  PCM_setPowerMode                           
000041b7  PORT1_IRQHandler                           
000041b7  PORT2_IRQHandler                           
000041b7  PORT3_IRQHandler                           
000041b7  PORT4_IRQHandler                           
000041b7  PORT5_IRQHandler                           
000041b7  PORT6_IRQHandler                           
000041b7  PSS_IRQHandler                             
000041b7  PendSV_Handler                             
000041b7  RTC_C_IRQHandler                           
000041ab  Reset_Handler                              
00003fbd  SPI_enableModule                           
000030df  SPI_initMaster                             
000041b7  SVC_Handler                                
000041b7  SysTick_Handler                            
20000050  SystemCoreClock                            
00001635  SystemCoreClockUpdate                      
000018ad  SystemInit                                 
000041b7  T32_INT1_IRQHandler                        
000041b7  T32_INT2_IRQHandler                        
000041b7  T32_INTC_IRQHandler                        
000041b7  TA0_0_IRQHandler                           
000041b7  TA0_N_IRQHandler                           
000041b7  TA1_0_IRQHandler                           
000041b7  TA1_N_IRQHandler                           
000041b7  TA2_0_IRQHandler                           
000041b7  TA2_N_IRQHandler                           
000041b7  TA3_0_IRQHandler                           
000041b7  TA3_N_IRQHandler                           
000041b7  UsageFault_Handler                         
4000480c  WDTCTL_SYM                                 
000041b7  WDT_A_IRQHandler                           
00003f99  WDT_A_holdTimer                            
20010000  __STACK_END                                
00000200  __STACK_SIZE                               
000047e8  __TI_CINIT_Base                            
000047f8  __TI_CINIT_Limit                           
000047d4  __TI_Handler_Table_Base                    
000047e0  __TI_Handler_Table_Limit                   
00003b2d  __TI_auto_init_nobinit_nopinit             
000036e1  __TI_decompress_lzss                       
0000419d  __TI_decompress_none                       
00003911  __TI_ltoa                                  
ffffffff  __TI_pprof_out_hndl                        
000000e5  __TI_printfi                               
ffffffff  __TI_prof_data_size                        
ffffffff  __TI_prof_data_start                       
00000000  __TI_static_base__                         
00003fd9  __TI_zero_init_nomemset                    
0000346d  __aeabi_cdcmpeq                            
0000346d  __aeabi_cdcmple                            
000034f3  __aeabi_cdrcmple                           
00003ae5  __aeabi_d2iz                               
000020b7  __aeabi_dadd                               
0000265d  __aeabi_ddiv                               
00002c01  __aeabi_dmul                               
000020ad  __aeabi_dsub                               
000041e9  __aeabi_errno_addr                         
00003e1d  __aeabi_i2d                                
00000b33  __aeabi_idiv0                              
00000b33  __aeabi_ldiv0                              
000035f9  __aeabi_memclr                             
000035f9  __aeabi_memclr4                            
000035f9  __aeabi_memclr8                            
0000322b  __aeabi_memcpy                             
0000322b  __aeabi_memcpy4                            
0000322b  __aeabi_memcpy8                            
000035fb  __aeabi_memset                             
000035fb  __aeabi_memset4                            
000035fb  __aeabi_memset8                            
000032c7  __aeabi_uldivmod                           
ffffffff  __binit__                                  
ffffffff  __c_args__                                 
UNDEFED   __mpu_init                                 
2000fe00  __stack                                    
20000000  __start___llvm_prf_cnts                    
20000000  __stop___llvm_prf_cnts                     
00001969  _adcInit                                   
00003d89  _c_int00_noargs                            
000044f4  _ctypes_                                   
000019d7  _graphicsInit                              
00001a27  _hwInit                                    
UNDEFED   _system_post_cinit                         
000041f5  _system_pre_init                           
000041f9  abort                                      
00003a09  atoi                                       
ffffffff  binit                                      
20000044  button2PrevState                           
2000003c  button2Toggle                              
20000048  button3PrevState                           
20000040  button3Toggle                              
0000405f  copysign                                   
0000405f  copysignl                                  
2000004c  errno                                      
00003749  frexp                                      
00003749  frexpl                                     
20000000  g_sContext                                 
2000002c  g_sCrystalfontz128x128                     
00004770  g_sCrystalfontz128x128_funcs               
000045f8  g_sFontFixed6x8                            
00000000  interruptVectors                           
000029e9  ldexp                                      
000029e9  ldexpl                                     
00001a81  main                                       
00003ff5  memccpy                                    
0000322b  memcpy                                     
00003601  memset                                     
000029e9  scalbn                                     
000029e9  scalbnl                                    
00003c31  sprintf                                    
000040e9  strchr                                     
00004115  strlen                                     
0000413b  wcslen                                     


GLOBAL SYMBOLS: SORTED BY Symbol Address 

address   name                                       
-------   ----                                       
00000000  __TI_static_base__                         
00000000  interruptVectors                           
000000e5  __TI_printfi                               
00000200  __STACK_SIZE                               
00000b33  __aeabi_idiv0                              
00000b33  __aeabi_ldiv0                              
00000b35  Crystalfontz128x128_Init                   
00000c49  Crystalfontz128x128_SetDrawFrame           
00000d77  Crystalfontz128x128_SetOrientation         
000011b5  Graphics_drawString                        
00001635  SystemCoreClockUpdate                      
000018ad  SystemInit                                 
00001969  _adcInit                                   
000019d7  _graphicsInit                              
00001a27  _hwInit                                    
00001a81  main                                       
00001a8d  ADC14_IRQHandler                           
00001a8d  ADC14_IRQHandler                           
000020ad  __aeabi_dsub                               
000020b7  __aeabi_dadd                               
0000265d  __aeabi_ddiv                               
00002795  CS_initClockSignal                         
000029e9  ldexp                                      
000029e9  ldexpl                                     
000029e9  scalbn                                     
000029e9  scalbnl                                    
00002c01  __aeabi_dmul                               
00002cfd  Graphics_getStringWidth                    
00002df9  HAL_LCD_PortInit                           
00002e29  HAL_LCD_SpiInit                            
00002e5f  HAL_LCD_writeCommand                       
00002e8f  HAL_LCD_writeData                          
00002ec5  ADC14_configureConversionMemory            
00002f79  ADC14_configureMultiSequenceMode           
000030df  SPI_initMaster                             
0000318f  Graphics_drawLineH                         
0000322b  __aeabi_memcpy                             
0000322b  __aeabi_memcpy4                            
0000322b  __aeabi_memcpy8                            
0000322b  memcpy                                     
000032c7  __aeabi_uldivmod                           
0000335d  GPIO_setAsPeripheralModuleFunctionInputPin 
000033e5  GPIO_setAsPeripheralModuleFunctionOutputPin
0000346d  __aeabi_cdcmpeq                            
0000346d  __aeabi_cdcmple                            
000034f3  __aeabi_cdrcmple                           
00003579  Interrupt_enableInterrupt                  
000035f9  __aeabi_memclr                             
000035f9  __aeabi_memclr4                            
000035f9  __aeabi_memclr8                            
000035fb  __aeabi_memset                             
000035fb  __aeabi_memset4                            
000035fb  __aeabi_memset8                            
00003601  memset                                     
000036e1  __TI_decompress_lzss                       
00003749  frexp                                      
00003749  frexpl                                     
000037ad  PCM_getCoreVoltageLevel                    
0000380b  PCM_getPowerMode                           
000038bd  ADC14_initModule                           
00003911  __TI_ltoa                                  
00003965  Graphics_initContext                       
00003a09  atoi                                       
00003a55  FlashCtl_setWaitState                      
00003a9d  Graphics_drawStringCentered                
00003ae5  __aeabi_d2iz                               
00003b2d  __TI_auto_init_nobinit_nopinit             
00003b71  GPIO_setAsOutputPin                        
00003c31  sprintf                                    
00003cb1  ADC14_getEnabledInterruptStatus            
00003ce9  Graphics_drawHorizontalLineOnDisplay       
00003d21  ADC14_enableSampleTimer                    
00003d55  CS_setDCOCenteredFrequency                 
00003d89  _c_int00_noargs                            
00003dbd  ADC14_clearInterruptFlag                   
00003ded  ADC14_enableInterrupt                      
00003e1d  __aeabi_i2d                                
00003e4d  ADC14_getInterruptStatus                   
00003e79  ADC14_toggleConversionTrigger              
00003ea5  Graphics_drawPixelOnDisplay                
00003ed1  ADC14_enableConversion                     
00003ef9  ADC14_getResult                            
00003f21  GPIO_setOutputHighOnPin                    
00003f49  GPIO_setOutputLowOnPin                     
00003f71  PCM_gotoLPM0                               
00003f99  WDT_A_holdTimer                            
00003fbd  SPI_enableModule                           
00003fd9  __TI_zero_init_nomemset                    
00003ff5  memccpy                                    
00004011  Graphics_clearDisplayOnDisplay             
0000402b  Graphics_setBackgroundColor                
00004045  Graphics_setFont                           
0000405f  copysign                                   
0000405f  copysignl                                  
00004091  EUSCI_A_SPI_enable                         
000040a7  EUSCI_B_SPI_enable                         
000040bd  Graphics_setForegroundColor                
000040d3  Graphics_translateColorOnDisplay           
000040e9  strchr                                     
00004101  PCM_getPowerState                          
00004115  strlen                                     
00004129  Graphics_clearDisplay                      
0000413b  wcslen                                     
0000415d  Interrupt_disableMaster                    
0000416d  Interrupt_enableMaster                     
0000417d  PCM_setCoreVoltageLevel                    
0000418d  PCM_setPowerMode                           
0000419d  __TI_decompress_none                       
000041ab  Reset_Handler                              
000041b7  AES256_IRQHandler                          
000041b7  BusFault_Handler                           
000041b7  COMP_E0_IRQHandler                         
000041b7  COMP_E1_IRQHandler                         
000041b7  CS_IRQHandler                              
000041b7  DMA_ERR_IRQHandler                         
000041b7  DMA_INT0_IRQHandler                        
000041b7  DMA_INT1_IRQHandler                        
000041b7  DMA_INT2_IRQHandler                        
000041b7  DMA_INT3_IRQHandler                        
000041b7  DebugMon_Handler                           
000041b7  Default_Handler                            
000041b7  EUSCIA0_IRQHandler                         
000041b7  EUSCIA1_IRQHandler                         
000041b7  EUSCIA2_IRQHandler                         
000041b7  EUSCIA3_IRQHandler                         
000041b7  EUSCIB0_IRQHandler                         
000041b7  EUSCIB1_IRQHandler                         
000041b7  EUSCIB2_IRQHandler                         
000041b7  EUSCIB3_IRQHandler                         
000041b7  FLCTL_IRQHandler                           
000041b7  FPU_IRQHandler                             
000041b7  HardFault_Handler                          
000041b7  MemManage_Handler                          
000041b7  NMI_Handler                                
000041b7  PCM_IRQHandler                             
000041b7  PORT1_IRQHandler                           
000041b7  PORT2_IRQHandler                           
000041b7  PORT3_IRQHandler                           
000041b7  PORT4_IRQHandler                           
000041b7  PORT5_IRQHandler                           
000041b7  PORT6_IRQHandler                           
000041b7  PSS_IRQHandler                             
000041b7  PendSV_Handler                             
000041b7  RTC_C_IRQHandler                           
000041b7  SVC_Handler                                
000041b7  SysTick_Handler                            
000041b7  T32_INT1_IRQHandler                        
000041b7  T32_INT2_IRQHandler                        
000041b7  T32_INTC_IRQHandler                        
000041b7  TA0_0_IRQHandler                           
000041b7  TA0_N_IRQHandler                           
000041b7  TA1_0_IRQHandler                           
000041b7  TA1_N_IRQHandler                           
000041b7  TA2_0_IRQHandler                           
000041b7  TA2_N_IRQHandler                           
000041b7  TA3_0_IRQHandler                           
000041b7  TA3_N_IRQHandler                           
000041b7  UsageFault_Handler                         
000041b7  WDT_A_IRQHandler                           
000041b9  ADC14_enableModule                         
000041c5  CPU_cpsid                                  
000041d1  CPU_cpsie                                  
000041e9  __aeabi_errno_addr                         
000041f1  CPU_wfi                                    
000041f5  _system_pre_init                           
000041f9  C$$EXIT                                    
000041f9  abort                                      
000044f4  _ctypes_                                   
000045f8  g_sFontFixed6x8                            
00004770  g_sCrystalfontz128x128_funcs               
000047d4  __TI_Handler_Table_Base                    
000047e0  __TI_Handler_Table_Limit                   
000047e8  __TI_CINIT_Base                            
000047f8  __TI_CINIT_Limit                           
20000000  __start___llvm_prf_cnts                    
20000000  __stop___llvm_prf_cnts                     
20000000  g_sContext                                 
20000020  Lcd_ScreenHeigth                           
20000022  Lcd_ScreenWidth                            
20000024  Lcd_TouchTrim                              
20000026  Lcd_FlagRead                               
20000027  Lcd_FontSolid                              
20000028  Lcd_Orientation                            
20000029  Lcd_PenSolid                               
2000002c  g_sCrystalfontz128x128                     
2000003c  button2Toggle                              
20000040  button3Toggle                              
20000044  button2PrevState                           
20000048  button3PrevState                           
2000004c  errno                                      
20000050  SystemCoreClock                            
2000fe00  __stack                                    
20010000  __STACK_END                                
4000480c  WDTCTL_SYM                                 
ffffffff  __TI_pprof_out_hndl                        
ffffffff  __TI_prof_data_size                        
ffffffff  __TI_prof_data_start                       
ffffffff  __binit__                                  
ffffffff  __c_args__                                 
ffffffff  binit                                      
UNDEFED   __mpu_init                                 
UNDEFED   _system_post_cinit                         

[202 symbols]
