******************************************************************************
                  TI ARM Linker PC v20.2.7                     
******************************************************************************
>> Linked Sun Nov 17 18:02:11 2024

OUTPUT FILE NAME:   <Joystick_lab.out>
ENTRY POINT SYMBOL: "_c_int00_noargs"  address: 00003ca1


MEMORY CONFIGURATION

         name            origin    length      used     unused   attr    fill
----------------------  --------  ---------  --------  --------  ----  --------
  MAIN                  00000000   00040000  0000470c  0003b8f4  R  X
  INFO                  00200000   00004000  00000000  00004000  R  X
  SRAM_CODE             01000000   00010000  00000242  0000fdbe  RW X
  SRAM_DATA             20000000   00010000  00000242  0000fdbe  RW  


SEGMENT ALLOCATION MAP

run origin  load origin   length   init length attrs members
----------  ----------- ---------- ----------- ----- -------
00000000    00000000    00004710   00004710    r-x
  00000000    00000000    000000e4   000000e4    r-- .intvecs
  000000e4    000000e4    00004030   00004030    r-x .text
  00004114    00004114    000005c0   000005c0    r-- .const
  000046d8    000046d8    00000038   00000038    r-- .cinit
20000000    20000000    00000044   00000000    rw-
  20000000    20000000    0000002a   00000000    rw- .bss
  2000002c    2000002c    00000018   00000000    rw- .data
2000fe00    2000fe00    00000200   00000000    rw-
  2000fe00    2000fe00    00000200   00000000    rw- .stack


SECTION ALLOCATION MAP

 output                                  attributes/
section   page    origin      length       input sections
--------  ----  ----------  ----------   ----------------
.intvecs   0    00000000    000000e4     
                  00000000    000000e4     startup_msp432p401r_ccs.obj (.intvecs:retain)

.text      0    000000e4    00004030     
                  000000e4    00000a4e     rtsv7M4_T_le_v4SPD16_eabi.lib : _printfi.c.obj (.text:__TI_printfi)
                  00000b32    00000002                                   : div0.asm.obj (.text)
                  00000b34    00000680     Crystalfontz128x128_ST7735.obj (.text)
                  000011b4    0000047e     grlib.a : string.obj (.text:Graphics_drawString)
                  00001632    00000002     --HOLE-- [fill = 0]
                  00001634    00000334     system_msp432p401r.obj (.text)
                  00001968    00000270     rtsv7M4_T_le_v4SPD16_eabi.lib : _printfi.c.obj (.text:_pconv_a)
                  00001bd8    0000021c     main.obj (.text)
                  00001df4    000001d0     rtsv7M4_T_le_v4SPD16_eabi.lib : _printfi.c.obj (.text:_pconv_g)
                  00001fc4    000001b6                                   : fd_add_t2.asm.obj (.text)
                  0000217a    00000002     --HOLE-- [fill = 0]
                  0000217c    00000160     msp432p4xx_driverlib.lib : adc14.o (.text:_getIndexForMemRegister)
                  000022dc    0000015c                              : pcm.o (.text:__PCM_setPowerModeAdvanced)
                  00002438    0000013c     rtsv7M4_T_le_v4SPD16_eabi.lib : _printfi.c.obj (.text:_pconv_e)
                  00002574    00000136                                   : fd_div_t2.asm.obj (.text)
                  000026aa    00000002     --HOLE-- [fill = 0]
                  000026ac    00000130     msp432p4xx_driverlib.lib : cs.o (.text:CS_initClockSignal)
                  000027dc    00000124     rtsv7M4_T_le_v4SPD16_eabi.lib : _printfi.c.obj (.text:fcvt)
                  00002900    00000110                                   : s_scalbn.c.obj (.text:scalbn)
                  00002a10    00000108     msp432p4xx_driverlib.lib : pcm.o (.text:__PCM_setCoreVoltageLevelAdvanced)
                  00002b18    000000fc     rtsv7M4_T_le_v4SPD16_eabi.lib : fd_mul_t2.asm.obj (.text)
                  00002c14    000000fa     grlib.a : string.obj (.text:Graphics_getStringWidth)
                  00002d0e    00000002     --HOLE-- [fill = 0]
                  00002d10    000000cc     HAL_MSP_EXP432P401R_Crystalfontz128x128_ST7735.obj (.text)
                  00002ddc    000000b4     msp432p4xx_driverlib.lib : adc14.o (.text:ADC14_configureConversionMemory)
                  00002e90    000000b4                              : adc14.o (.text:ADC14_configureMultiSequenceMode)
                  00002f44    000000b1     rtsv7M4_T_le_v4SPD16_eabi.lib : _printfi.c.obj (.text:_ltostr)
                  00002ff5    00000001     --HOLE-- [fill = 0]
                  00002ff6    000000b0     msp432p4xx_driverlib.lib : spi.o (.text:SPI_initMaster)
                  000030a6    0000009c     grlib.a : line.obj (.text:Graphics_drawLineH)
                  00003142    0000009c     rtsv7M4_T_le_v4SPD16_eabi.lib : memcpy_t2.asm.obj (.text)
                  000031de    00000096                                   : ull_div_t2.asm.obj (.text)
                  00003274    00000088     msp432p4xx_driverlib.lib : gpio.o (.text:GPIO_setAsPeripheralModuleFunctionInputPin)
                  000032fc    00000088                              : gpio.o (.text:GPIO_setAsPeripheralModuleFunctionOutputPin)
                  00003384    00000086     rtsv7M4_T_le_v4SPD16_eabi.lib : fd_cmp_t2.asm.obj (.text:__aeabi_cdcmple)
                  0000340a    00000086                                   : fd_cmp_t2.asm.obj (.text:__aeabi_cdrcmple)
                  00003490    00000080     msp432p4xx_driverlib.lib : interrupt.o (.text:Interrupt_enableInterrupt)
                  00003510    0000007a     rtsv7M4_T_le_v4SPD16_eabi.lib : memset_t2.asm.obj (.text)
                  0000358a    0000006e                                   : _printfi.c.obj (.text:_mcpy)
                  000035f8    00000068                                   : copy_decompress_lzss.c.obj (.text:decompress:lzss:__TI_decompress_lzss)
                  00003660    00000064                                   : s_frexp.c.obj (.text:frexp)
                  000036c4    0000005e     msp432p4xx_driverlib.lib : pcm.o (.text:PCM_getCoreVoltageLevel)
                  00003722    0000005a                              : pcm.o (.text:PCM_getPowerMode)
                  0000377c    00000056     rtsv7M4_T_le_v4SPD16_eabi.lib : _printfi.c.obj (.text:_pconv_f)
                  000037d2    00000002     --HOLE-- [fill = 0]
                  000037d4    00000054     msp432p4xx_driverlib.lib : adc14.o (.text:ADC14_initModule)
                  00003828    00000054     rtsv7M4_T_le_v4SPD16_eabi.lib : _ltoa.c.obj (.text:__TI_ltoa)
                  0000387c    00000052     grlib.a : context.obj (.text:Graphics_initContext)
                  000038ce    00000052     rtsv7M4_T_le_v4SPD16_eabi.lib : _printfi.c.obj (.text:_ecpy)
                  00003920    0000004c                                   : atoi.c.obj (.text:atoi)
                  0000396c    00000048     msp432p4xx_driverlib.lib : flash.o (.text:FlashCtl_setWaitState)
                  000039b4    00000048     grlib.a : string.obj (.text:Graphics_drawStringCentered)
                  000039fc    00000048     rtsv7M4_T_le_v4SPD16_eabi.lib : fd_toi_t2.asm.obj (.text)
                  00003a44    00000044                                   : autoinit.c.obj (.text:__TI_auto_init_nobinit_nopinit:__TI_auto_init_nobinit_nopinit)
                  00003a88    00000040     msp432p4xx_driverlib.lib : gpio.o (.text:GPIO_setAsOutputPin)
                  00003ac8    00000040     grlib.a : string.obj (.text:Graphics_getNumberOfLeadingZeros)
                  00003b08    00000040     msp432p4xx_driverlib.lib : spi.o (.text:is_A_Module)
                  00003b48    00000040     rtsv7M4_T_le_v4SPD16_eabi.lib : sprintf.c.obj (.text:sprintf)
                  00003b88    0000003e                                   : _printfi.c.obj (.text:_fcpy)
                  00003bc6    00000002     --HOLE-- [fill = 0]
                  00003bc8    00000038     msp432p4xx_driverlib.lib : adc14.o (.text:ADC14_getEnabledInterruptStatus)
                  00003c00    00000036     grlib.a : display.obj (.text:Graphics_drawHorizontalLineOnDisplay)
                  00003c36    00000002     --HOLE-- [fill = 0]
                  00003c38    00000034     msp432p4xx_driverlib.lib : adc14.o (.text:ADC14_enableSampleTimer)
                  00003c6c    00000034                              : cs.o (.text:CS_setDCOCenteredFrequency)
                  00003ca0    00000034     rtsv7M4_T_le_v4SPD16_eabi.lib : boot_cortex_m.c.obj (.text:_c_int00_noargs:_c_int00_noargs)
                  00003cd4    00000030     msp432p4xx_driverlib.lib : adc14.o (.text:ADC14_clearInterruptFlag)
                  00003d04    00000030                              : adc14.o (.text:ADC14_enableInterrupt)
                  00003d34    0000002e     rtsv7M4_T_le_v4SPD16_eabi.lib : i_tofd_t2.asm.obj (.text)
                  00003d62    00000002     --HOLE-- [fill = 0]
                  00003d64    0000002c     msp432p4xx_driverlib.lib : adc14.o (.text:ADC14_getInterruptStatus)
                  00003d90    0000002c                              : adc14.o (.text:ADC14_toggleConversionTrigger)
                  00003dbc    0000002c     grlib.a : display.obj (.text:Graphics_drawPixelOnDisplay)
                  00003de8    00000028     msp432p4xx_driverlib.lib : adc14.o (.text:ADC14_enableConversion)
                  00003e10    00000028                              : adc14.o (.text:ADC14_getResult)
                  00003e38    00000028                              : gpio.o (.text:GPIO_setOutputHighOnPin)
                  00003e60    00000028                              : gpio.o (.text:GPIO_setOutputLowOnPin)
                  00003e88    00000028                              : pcm.o (.text:PCM_gotoLPM0)
                  00003eb0    00000024                              : wdt_a.o (.text:WDT_A_holdTimer)
                  00003ed4    0000001c                              : spi.o (.text:SPI_enableModule)
                  00003ef0    0000001c     rtsv7M4_T_le_v4SPD16_eabi.lib : copy_zero_init.c.obj (.text:decompress:ZI:__TI_zero_init_nomemset:__TI_zero_init_nomemset)
                  00003f0c    0000001c                                   : memccpy.c.obj (.text:memccpy)
                  00003f28    0000001a     grlib.a : display.obj (.text:Graphics_clearDisplayOnDisplay)
                  00003f42    0000001a             : context.obj (.text:Graphics_setBackgroundColor)
                  00003f5c    0000001a             : context.obj (.text:Graphics_setFont)
                  00003f76    0000001a     rtsv7M4_T_le_v4SPD16_eabi.lib : s_copysign.c.obj (.text:copysign)
                  00003f90    00000018                                   : sprintf.c.obj (.text:_outs)
                  00003fa8    00000016     msp432p4xx_driverlib.lib : spi.o (.text:EUSCI_A_SPI_enable)
                  00003fbe    00000016                              : spi.o (.text:EUSCI_B_SPI_enable)
                  00003fd4    00000016     grlib.a : context.obj (.text:Graphics_setForegroundColor)
                  00003fea    00000016             : display.obj (.text:Graphics_translateColorOnDisplay)
                  00004000    00000016     rtsv7M4_T_le_v4SPD16_eabi.lib : strchr.c.obj (.text:strchr)
                  00004016    00000002     --HOLE-- [fill = 0]
                  00004018    00000014     msp432p4xx_driverlib.lib : pcm.o (.text:PCM_getPowerState)
                  0000402c    00000014     rtsv7M4_T_le_v4SPD16_eabi.lib : strlen.c.obj (.text:strlen)
                  00004040    00000012     grlib.a : context.obj (.text:Graphics_clearDisplay)
                  00004052    00000012     rtsv7M4_T_le_v4SPD16_eabi.lib : wcslen.c.obj (.text:wcslen)
                  00004064    00000010     msp432p4xx_driverlib.lib : adc14.o (.text:ADCIsConversionRunning)
                  00004074    00000010                              : interrupt.o (.text:Interrupt_disableMaster)
                  00004084    00000010                              : interrupt.o (.text:Interrupt_enableMaster)
                  00004094    00000010                              : pcm.o (.text:PCM_setCoreVoltageLevel)
                  000040a4    00000010                              : pcm.o (.text:PCM_setPowerMode)
                  000040b4    0000000e     rtsv7M4_T_le_v4SPD16_eabi.lib : copy_decompress_none.c.obj (.text:decompress:none:__TI_decompress_none)
                  000040c2    0000000e     startup_msp432p401r_ccs.obj (.text)
                  000040d0    0000000c     msp432p4xx_driverlib.lib : adc14.o (.text:ADC14_enableModule)
                  000040dc    0000000c                              : cpu.o (.text:CPU_cpsid)
                  000040e8    0000000c                              : cpu.o (.text:CPU_cpsie)
                  000040f4    0000000a     rtsv7M4_T_le_v4SPD16_eabi.lib : sprintf.c.obj (.text:_outc)
                  000040fe    00000002     --HOLE-- [fill = 0]
                  00004100    00000008                                   : errno.c.obj (.text:__aeabi_errno_addr)
                  00004108    00000004     msp432p4xx_driverlib.lib : cpu.o (.text:CPU_wfi)
                  0000410c    00000004     rtsv7M4_T_le_v4SPD16_eabi.lib : pre_init.c.obj (.text:_system_pre_init)
                  00004110    00000004                                   : exit.c.obj (.text:abort:abort)

.const     0    00004114    000005c0     
                  00004114    000002f8     grlib.a : fontfixed6x8.obj (.const:.string:g_pucFontFixed6x8Data)
                  0000440c    00000101     rtsv7M4_T_le_v4SPD16_eabi.lib : ctype.c.obj (.const:.string:_ctypes_)
                  0000450d    00000003     --HOLE-- [fill = 0]
                  00004510    000000c8     grlib.a : fontfixed6x8.obj (.const:g_sFontFixed6x8)
                  000045d8    00000080     msp432p4xx_driverlib.lib : adc14.o (.const:_ctlRegs)
                  00004658    00000030                              : gpio.o (.const:GPIO_PORT_TO_BASE)
                  00004688    00000020     Crystalfontz128x128_ST7735.obj (.const:g_sCrystalfontz128x128_funcs)
                  000046a8    0000001c     HAL_MSP_EXP432P401R_Crystalfontz128x128_ST7735.obj (.const:$P$T0$1)
                  000046c4    00000008     Crystalfontz128x128_ST7735.obj (.const:$P$T0$1)
                  000046cc    00000008     msp432p4xx_driverlib.lib : interrupt.o (.const:g_pulEnRegs)

.cinit     0    000046d8    00000038     
                  000046d8    00000012     (.cinit..data.load) [load image, compression = lzss]
                  000046ea    00000002     --HOLE-- [fill = 0]
                  000046ec    0000000c     (__TI_handler_table)
                  000046f8    00000008     (.cinit..bss.load) [load image, compression = zero_init]
                  00004700    00000010     (__TI_cinit_table)

.init_array 
*          0    00000000    00000000     UNINITIALIZED

.binit     0    00000000    00000000     

.bss       0    20000000    0000002a     UNINITIALIZED
                  20000000    0000001c     (.common:g_sContext)
                  2000001c    00000004     main.obj (.bss:resultsBuffer)
                  20000020    00000002     (.common:Lcd_ScreenHeigth)
                  20000022    00000002     (.common:Lcd_ScreenWidth)
                  20000024    00000002     (.common:Lcd_TouchTrim)
                  20000026    00000001     (.common:Lcd_FlagRead)
                  20000027    00000001     (.common:Lcd_FontSolid)
                  20000028    00000001     (.common:Lcd_Orientation)
                  20000029    00000001     (.common:Lcd_PenSolid)

.data      0    2000002c    00000018     UNINITIALIZED
                  2000002c    00000010     Crystalfontz128x128_ST7735.obj (.data:g_sCrystalfontz128x128)
                  2000003c    00000004     rtsv7M4_T_le_v4SPD16_eabi.lib : errno.c.obj (.data)
                  20000040    00000004     system_msp432p401r.obj (.data)

.stack     0    2000fe00    00000200     UNINITIALIZED
                  2000fe00    00000004     rtsv7M4_T_le_v4SPD16_eabi.lib : boot_cortex_m.c.obj (.stack)
                  2000fe04    000001fc     --HOLE--

__llvm_prf_cnts 
*          0    20000000    00000000     UNINITIALIZED

MODULE SUMMARY

       Module                                               code    ro data   rw data
       ------                                               ----    -------   -------
    .\
       system_msp432p401r.obj                               820     0         8      
       main.obj                                             540     0         64     
       startup_msp432p401r_ccs.obj                          14      228       0      
    +--+----------------------------------------------------+-------+---------+---------+
       Total:                                               1374    228       72     
                                                                                     
    .\LcdDriver\
       Crystalfontz128x128_ST7735.obj                       1664    40        52     
       HAL_MSP_EXP432P401R_Crystalfontz128x128_ST7735.obj   204     28        0      
    +--+----------------------------------------------------+-------+---------+---------+
       Total:                                               1868    68        52     
                                                                                     
    C:/Users/Dennis/OneDrive/Documenti/DriverLibraryEmbedded/simplelink_msp432p4_sdk_3_40_01_02/simplelink_msp432p4_sdk_3_40_01_02/source/ti/devices/msp432p4xx/driverlib/ccs/msp432p4xx_driverlib.lib
       adc14.o                                              1196    128       0      
       pcm.o                                                888     0         0      
       gpio.o                                               416     48        0      
       cs.o                                                 356     0         0      
       spi.o                                                312     0         0      
       interrupt.o                                          160     8         0      
       flash.o                                              72      0         0      
       wdt_a.o                                              36      0         0      
       cpu.o                                                28      0         0      
    +--+----------------------------------------------------+-------+---------+---------+
       Total:                                               3464    184       0      
                                                                                     
    C:/Users/Dennis/OneDrive/Documenti/DriverLibraryEmbedded/simplelink_msp432p4_sdk_3_40_01_02/simplelink_msp432p4_sdk_3_40_01_02/source/ti/grlib/lib/ccs/m4/grlib.a
       string.obj                                           1536    0         0      
       fontfixed6x8.obj                                     0       960       0      
       context.obj                                          174     0         0      
       line.obj                                             156     0         0      
       display.obj                                          146     0         0      
    +--+----------------------------------------------------+-------+---------+---------+
       Total:                                               2012    960       0      
                                                                                     
    C:\ti\ccs1270\ccs\tools\compiler\ti-cgt-arm_20.2.7.LTS\lib\rtsv7M4_T_le_v4SPD16_eabi.lib
       _printfi.c.obj                                       4851    0         0      
       fd_add_t2.asm.obj                                    438     0         0      
       fd_div_t2.asm.obj                                    310     0         0      
       s_scalbn.c.obj                                       272     0         0      
       fd_cmp_t2.asm.obj                                    268     0         0      
       ctype.c.obj                                          0       257       0      
       fd_mul_t2.asm.obj                                    252     0         0      
       memcpy_t2.asm.obj                                    156     0         0      
       ull_div_t2.asm.obj                                   150     0         0      
       memset_t2.asm.obj                                    122     0         0      
       copy_decompress_lzss.c.obj                           104     0         0      
       s_frexp.c.obj                                        100     0         0      
       sprintf.c.obj                                        98      0         0      
       _ltoa.c.obj                                          84      0         0      
       atoi.c.obj                                           76      0         0      
       fd_toi_t2.asm.obj                                    72      0         0      
       autoinit.c.obj                                       68      0         0      
       boot_cortex_m.c.obj                                  52      0         0      
       i_tofd_t2.asm.obj                                    46      0         0      
       copy_zero_init.c.obj                                 28      0         0      
       memccpy.c.obj                                        28      0         0      
       s_copysign.c.obj                                     26      0         0      
       strchr.c.obj                                         22      0         0      
       strlen.c.obj                                         20      0         0      
       wcslen.c.obj                                         18      0         0      
       errno.c.obj                                          8       0         8      
       copy_decompress_none.c.obj                           14      0         0      
       exit.c.obj                                           4       0         0      
       pre_init.c.obj                                       4       0         0      
       div0.asm.obj                                         2       0         0      
    +--+----------------------------------------------------+-------+---------+---------+
       Total:                                               7693    257       8      
                                                                                     
       Stack:                                               0       0         1024   
       Linker Generated:                                    0       54        0      
    +--+----------------------------------------------------+-------+---------+---------+
       Grand Total:                                         16411   1751      1156   


LINKER GENERATED COPY TABLES

__TI_cinit_table @ 00004700 records: 2, size/record: 8, table size: 16
	.data: load addr=000046d8, load size=00000012 bytes, run addr=2000002c, run size=00000018 bytes, compression=lzss
	.bss: load addr=000046f8, load size=00000008 bytes, run addr=20000000, run size=0000002a bytes, compression=zero_init


LINKER GENERATED HANDLER TABLE

__TI_handler_table @ 000046ec records: 3, size/record: 4, table size: 12
	index: 0, handler: __TI_decompress_lzss
	index: 1, handler: __TI_decompress_none
	index: 2, handler: __TI_zero_init


GLOBAL SYMBOLS: SORTED ALPHABETICALLY BY Name 

address   name                                       
-------   ----                                       
00001cfd  ADC14_IRQHandler                           
00001cfd  ADC14_IRQHandler                           
00003cd5  ADC14_clearInterruptFlag                   
00002ddd  ADC14_configureConversionMemory            
00002e91  ADC14_configureMultiSequenceMode           
00003de9  ADC14_enableConversion                     
00003d05  ADC14_enableInterrupt                      
000040d1  ADC14_enableModule                         
00003c39  ADC14_enableSampleTimer                    
00003bc9  ADC14_getEnabledInterruptStatus            
00003d65  ADC14_getInterruptStatus                   
00003e11  ADC14_getResult                            
000037d5  ADC14_initModule                           
00003d91  ADC14_toggleConversionTrigger              
000040cf  AES256_IRQHandler                          
000040cf  BusFault_Handler                           
00004111  C$$EXIT                                    
000040cf  COMP_E0_IRQHandler                         
000040cf  COMP_E1_IRQHandler                         
000040dd  CPU_cpsid                                  
000040e9  CPU_cpsie                                  
00004109  CPU_wfi                                    
000040cf  CS_IRQHandler                              
000026ad  CS_initClockSignal                         
00003c6d  CS_setDCOCenteredFrequency                 
00000b35  Crystalfontz128x128_Init                   
00000c49  Crystalfontz128x128_SetDrawFrame           
00000d77  Crystalfontz128x128_SetOrientation         
000040cf  DMA_ERR_IRQHandler                         
000040cf  DMA_INT0_IRQHandler                        
000040cf  DMA_INT1_IRQHandler                        
000040cf  DMA_INT2_IRQHandler                        
000040cf  DMA_INT3_IRQHandler                        
000040cf  DebugMon_Handler                           
000040cf  Default_Handler                            
000040cf  EUSCIA0_IRQHandler                         
000040cf  EUSCIA1_IRQHandler                         
000040cf  EUSCIA2_IRQHandler                         
000040cf  EUSCIA3_IRQHandler                         
000040cf  EUSCIB0_IRQHandler                         
000040cf  EUSCIB1_IRQHandler                         
000040cf  EUSCIB2_IRQHandler                         
000040cf  EUSCIB3_IRQHandler                         
00003fa9  EUSCI_A_SPI_enable                         
00003fbf  EUSCI_B_SPI_enable                         
000040cf  FLCTL_IRQHandler                           
000040cf  FPU_IRQHandler                             
0000396d  FlashCtl_setWaitState                      
00003a89  GPIO_setAsOutputPin                        
00003275  GPIO_setAsPeripheralModuleFunctionInputPin 
000032fd  GPIO_setAsPeripheralModuleFunctionOutputPin
00003e39  GPIO_setOutputHighOnPin                    
00003e61  GPIO_setOutputLowOnPin                     
00004041  Graphics_clearDisplay                      
00003f29  Graphics_clearDisplayOnDisplay             
00003c01  Graphics_drawHorizontalLineOnDisplay       
000030a7  Graphics_drawLineH                         
00003dbd  Graphics_drawPixelOnDisplay                
000011b5  Graphics_drawString                        
000039b5  Graphics_drawStringCentered                
00002c15  Graphics_getStringWidth                    
0000387d  Graphics_initContext                       
00003f43  Graphics_setBackgroundColor                
00003f5d  Graphics_setFont                           
00003fd5  Graphics_setForegroundColor                
00003feb  Graphics_translateColorOnDisplay           
00002d11  HAL_LCD_PortInit                           
00002d41  HAL_LCD_SpiInit                            
00002d77  HAL_LCD_writeCommand                       
00002da7  HAL_LCD_writeData                          
000040cf  HardFault_Handler                          
00004075  Interrupt_disableMaster                    
00003491  Interrupt_enableInterrupt                  
00004085  Interrupt_enableMaster                     
20000026  Lcd_FlagRead                               
20000027  Lcd_FontSolid                              
20000028  Lcd_Orientation                            
20000029  Lcd_PenSolid                               
20000020  Lcd_ScreenHeigth                           
20000022  Lcd_ScreenWidth                            
20000024  Lcd_TouchTrim                              
000040cf  MemManage_Handler                          
000040cf  NMI_Handler                                
000040cf  PCM_IRQHandler                             
000036c5  PCM_getCoreVoltageLevel                    
00003723  PCM_getPowerMode                           
00004019  PCM_getPowerState                          
00003e89  PCM_gotoLPM0                               
00004095  PCM_setCoreVoltageLevel                    
000040a5  PCM_setPowerMode                           
000040cf  PORT1_IRQHandler                           
000040cf  PORT2_IRQHandler                           
000040cf  PORT3_IRQHandler                           
000040cf  PORT4_IRQHandler                           
000040cf  PORT5_IRQHandler                           
000040cf  PORT6_IRQHandler                           
000040cf  PSS_IRQHandler                             
000040cf  PendSV_Handler                             
000040cf  RTC_C_IRQHandler                           
000040c3  Reset_Handler                              
00003ed5  SPI_enableModule                           
00002ff7  SPI_initMaster                             
000040cf  SVC_Handler                                
000040cf  SysTick_Handler                            
20000040  SystemCoreClock                            
00001635  SystemCoreClockUpdate                      
000018ad  SystemInit                                 
000040cf  T32_INT1_IRQHandler                        
000040cf  T32_INT2_IRQHandler                        
000040cf  T32_INTC_IRQHandler                        
000040cf  TA0_0_IRQHandler                           
000040cf  TA0_N_IRQHandler                           
000040cf  TA1_0_IRQHandler                           
000040cf  TA1_N_IRQHandler                           
000040cf  TA2_0_IRQHandler                           
000040cf  TA2_N_IRQHandler                           
000040cf  TA3_0_IRQHandler                           
000040cf  TA3_N_IRQHandler                           
000040cf  UsageFault_Handler                         
4000480c  WDTCTL_SYM                                 
000040cf  WDT_A_IRQHandler                           
00003eb1  WDT_A_holdTimer                            
20010000  __STACK_END                                
00000200  __STACK_SIZE                               
00004700  __TI_CINIT_Base                            
00004710  __TI_CINIT_Limit                           
000046ec  __TI_Handler_Table_Base                    
000046f8  __TI_Handler_Table_Limit                   
00003a45  __TI_auto_init_nobinit_nopinit             
000035f9  __TI_decompress_lzss                       
000040b5  __TI_decompress_none                       
00003829  __TI_ltoa                                  
ffffffff  __TI_pprof_out_hndl                        
000000e5  __TI_printfi                               
ffffffff  __TI_prof_data_size                        
ffffffff  __TI_prof_data_start                       
00000000  __TI_static_base__                         
00003ef1  __TI_zero_init_nomemset                    
00003385  __aeabi_cdcmpeq                            
00003385  __aeabi_cdcmple                            
0000340b  __aeabi_cdrcmple                           
000039fd  __aeabi_d2iz                               
00001fcf  __aeabi_dadd                               
00002575  __aeabi_ddiv                               
00002b19  __aeabi_dmul                               
00001fc5  __aeabi_dsub                               
00004101  __aeabi_errno_addr                         
00003d35  __aeabi_i2d                                
00000b33  __aeabi_idiv0                              
00000b33  __aeabi_ldiv0                              
00003511  __aeabi_memclr                             
00003511  __aeabi_memclr4                            
00003511  __aeabi_memclr8                            
00003143  __aeabi_memcpy                             
00003143  __aeabi_memcpy4                            
00003143  __aeabi_memcpy8                            
00003513  __aeabi_memset                             
00003513  __aeabi_memset4                            
00003513  __aeabi_memset8                            
000031df  __aeabi_uldivmod                           
ffffffff  __binit__                                  
ffffffff  __c_args__                                 
UNDEFED   __mpu_init                                 
2000fe00  __stack                                    
20000000  __start___llvm_prf_cnts                    
20000000  __stop___llvm_prf_cnts                     
00001bd9  _adcInit                                   
00003ca1  _c_int00_noargs                            
0000440c  _ctypes_                                   
00001c47  _graphicsInit                              
00001c97  _hwInit                                    
UNDEFED   _system_post_cinit                         
0000410d  _system_pre_init                           
00004111  abort                                      
00003921  atoi                                       
ffffffff  binit                                      
00003f77  copysign                                   
00003f77  copysignl                                  
2000003c  errno                                      
00003661  frexp                                      
00003661  frexpl                                     
20000000  g_sContext                                 
2000002c  g_sCrystalfontz128x128                     
00004688  g_sCrystalfontz128x128_funcs               
00004510  g_sFontFixed6x8                            
00000000  interruptVectors                           
00002901  ldexp                                      
00002901  ldexpl                                     
00001cf1  main                                       
00003f0d  memccpy                                    
00003143  memcpy                                     
00003519  memset                                     
00002901  scalbn                                     
00002901  scalbnl                                    
00003b49  sprintf                                    
00004001  strchr                                     
0000402d  strlen                                     
00004053  wcslen                                     


GLOBAL SYMBOLS: SORTED BY Symbol Address 

address   name                                       
-------   ----                                       
00000000  __TI_static_base__                         
00000000  interruptVectors                           
000000e5  __TI_printfi                               
00000200  __STACK_SIZE                               
00000b33  __aeabi_idiv0                              
00000b33  __aeabi_ldiv0                              
00000b35  Crystalfontz128x128_Init                   
00000c49  Crystalfontz128x128_SetDrawFrame           
00000d77  Crystalfontz128x128_SetOrientation         
000011b5  Graphics_drawString                        
00001635  SystemCoreClockUpdate                      
000018ad  SystemInit                                 
00001bd9  _adcInit                                   
00001c47  _graphicsInit                              
00001c97  _hwInit                                    
00001cf1  main                                       
00001cfd  ADC14_IRQHandler                           
00001cfd  ADC14_IRQHandler                           
00001fc5  __aeabi_dsub                               
00001fcf  __aeabi_dadd                               
00002575  __aeabi_ddiv                               
000026ad  CS_initClockSignal                         
00002901  ldexp                                      
00002901  ldexpl                                     
00002901  scalbn                                     
00002901  scalbnl                                    
00002b19  __aeabi_dmul                               
00002c15  Graphics_getStringWidth                    
00002d11  HAL_LCD_PortInit                           
00002d41  HAL_LCD_SpiInit                            
00002d77  HAL_LCD_writeCommand                       
00002da7  HAL_LCD_writeData                          
00002ddd  ADC14_configureConversionMemory            
00002e91  ADC14_configureMultiSequenceMode           
00002ff7  SPI_initMaster                             
000030a7  Graphics_drawLineH                         
00003143  __aeabi_memcpy                             
00003143  __aeabi_memcpy4                            
00003143  __aeabi_memcpy8                            
00003143  memcpy                                     
000031df  __aeabi_uldivmod                           
00003275  GPIO_setAsPeripheralModuleFunctionInputPin 
000032fd  GPIO_setAsPeripheralModuleFunctionOutputPin
00003385  __aeabi_cdcmpeq                            
00003385  __aeabi_cdcmple                            
0000340b  __aeabi_cdrcmple                           
00003491  Interrupt_enableInterrupt                  
00003511  __aeabi_memclr                             
00003511  __aeabi_memclr4                            
00003511  __aeabi_memclr8                            
00003513  __aeabi_memset                             
00003513  __aeabi_memset4                            
00003513  __aeabi_memset8                            
00003519  memset                                     
000035f9  __TI_decompress_lzss                       
00003661  frexp                                      
00003661  frexpl                                     
000036c5  PCM_getCoreVoltageLevel                    
00003723  PCM_getPowerMode                           
000037d5  ADC14_initModule                           
00003829  __TI_ltoa                                  
0000387d  Graphics_initContext                       
00003921  atoi                                       
0000396d  FlashCtl_setWaitState                      
000039b5  Graphics_drawStringCentered                
000039fd  __aeabi_d2iz                               
00003a45  __TI_auto_init_nobinit_nopinit             
00003a89  GPIO_setAsOutputPin                        
00003b49  sprintf                                    
00003bc9  ADC14_getEnabledInterruptStatus            
00003c01  Graphics_drawHorizontalLineOnDisplay       
00003c39  ADC14_enableSampleTimer                    
00003c6d  CS_setDCOCenteredFrequency                 
00003ca1  _c_int00_noargs                            
00003cd5  ADC14_clearInterruptFlag                   
00003d05  ADC14_enableInterrupt                      
00003d35  __aeabi_i2d                                
00003d65  ADC14_getInterruptStatus                   
00003d91  ADC14_toggleConversionTrigger              
00003dbd  Graphics_drawPixelOnDisplay                
00003de9  ADC14_enableConversion                     
00003e11  ADC14_getResult                            
00003e39  GPIO_setOutputHighOnPin                    
00003e61  GPIO_setOutputLowOnPin                     
00003e89  PCM_gotoLPM0                               
00003eb1  WDT_A_holdTimer                            
00003ed5  SPI_enableModule                           
00003ef1  __TI_zero_init_nomemset                    
00003f0d  memccpy                                    
00003f29  Graphics_clearDisplayOnDisplay             
00003f43  Graphics_setBackgroundColor                
00003f5d  Graphics_setFont                           
00003f77  copysign                                   
00003f77  copysignl                                  
00003fa9  EUSCI_A_SPI_enable                         
00003fbf  EUSCI_B_SPI_enable                         
00003fd5  Graphics_setForegroundColor                
00003feb  Graphics_translateColorOnDisplay           
00004001  strchr                                     
00004019  PCM_getPowerState                          
0000402d  strlen                                     
00004041  Graphics_clearDisplay                      
00004053  wcslen                                     
00004075  Interrupt_disableMaster                    
00004085  Interrupt_enableMaster                     
00004095  PCM_setCoreVoltageLevel                    
000040a5  PCM_setPowerMode                           
000040b5  __TI_decompress_none                       
000040c3  Reset_Handler                              
000040cf  AES256_IRQHandler                          
000040cf  BusFault_Handler                           
000040cf  COMP_E0_IRQHandler                         
000040cf  COMP_E1_IRQHandler                         
000040cf  CS_IRQHandler                              
000040cf  DMA_ERR_IRQHandler                         
000040cf  DMA_INT0_IRQHandler                        
000040cf  DMA_INT1_IRQHandler                        
000040cf  DMA_INT2_IRQHandler                        
000040cf  DMA_INT3_IRQHandler                        
000040cf  DebugMon_Handler                           
000040cf  Default_Handler                            
000040cf  EUSCIA0_IRQHandler                         
000040cf  EUSCIA1_IRQHandler                         
000040cf  EUSCIA2_IRQHandler                         
000040cf  EUSCIA3_IRQHandler                         
000040cf  EUSCIB0_IRQHandler                         
000040cf  EUSCIB1_IRQHandler                         
000040cf  EUSCIB2_IRQHandler                         
000040cf  EUSCIB3_IRQHandler                         
000040cf  FLCTL_IRQHandler                           
000040cf  FPU_IRQHandler                             
000040cf  HardFault_Handler                          
000040cf  MemManage_Handler                          
000040cf  NMI_Handler                                
000040cf  PCM_IRQHandler                             
000040cf  PORT1_IRQHandler                           
000040cf  PORT2_IRQHandler                           
000040cf  PORT3_IRQHandler                           
000040cf  PORT4_IRQHandler                           
000040cf  PORT5_IRQHandler                           
000040cf  PORT6_IRQHandler                           
000040cf  PSS_IRQHandler                             
000040cf  PendSV_Handler                             
000040cf  RTC_C_IRQHandler                           
000040cf  SVC_Handler                                
000040cf  SysTick_Handler                            
000040cf  T32_INT1_IRQHandler                        
000040cf  T32_INT2_IRQHandler                        
000040cf  T32_INTC_IRQHandler                        
000040cf  TA0_0_IRQHandler                           
000040cf  TA0_N_IRQHandler                           
000040cf  TA1_0_IRQHandler                           
000040cf  TA1_N_IRQHandler                           
000040cf  TA2_0_IRQHandler                           
000040cf  TA2_N_IRQHandler                           
000040cf  TA3_0_IRQHandler                           
000040cf  TA3_N_IRQHandler                           
000040cf  UsageFault_Handler                         
000040cf  WDT_A_IRQHandler                           
000040d1  ADC14_enableModule                         
000040dd  CPU_cpsid                                  
000040e9  CPU_cpsie                                  
00004101  __aeabi_errno_addr                         
00004109  CPU_wfi                                    
0000410d  _system_pre_init                           
00004111  C$$EXIT                                    
00004111  abort                                      
0000440c  _ctypes_                                   
00004510  g_sFontFixed6x8                            
00004688  g_sCrystalfontz128x128_funcs               
000046ec  __TI_Handler_Table_Base                    
000046f8  __TI_Handler_Table_Limit                   
00004700  __TI_CINIT_Base                            
00004710  __TI_CINIT_Limit                           
20000000  __start___llvm_prf_cnts                    
20000000  __stop___llvm_prf_cnts                     
20000000  g_sContext                                 
20000020  Lcd_ScreenHeigth                           
20000022  Lcd_ScreenWidth                            
20000024  Lcd_TouchTrim                              
20000026  Lcd_FlagRead                               
20000027  Lcd_FontSolid                              
20000028  Lcd_Orientation                            
20000029  Lcd_PenSolid                               
2000002c  g_sCrystalfontz128x128                     
2000003c  errno                                      
20000040  SystemCoreClock                            
2000fe00  __stack                                    
20010000  __STACK_END                                
4000480c  WDTCTL_SYM                                 
ffffffff  __TI_pprof_out_hndl                        
ffffffff  __TI_prof_data_size                        
ffffffff  __TI_prof_data_start                       
ffffffff  __binit__                                  
ffffffff  __c_args__                                 
ffffffff  binit                                      
UNDEFED   __mpu_init                                 
UNDEFED   _system_post_cinit                         

[198 symbols]
