******************************************************************************
                  TI ARM Linker PC v20.2.7                     
******************************************************************************
>> Linked Wed Jan 22 10:05:43 2025

OUTPUT FILE NAME:   <Joystick_and_buttons.out>
ENTRY POINT SYMBOL: "_c_int00_noargs"  address: 0000540d


MEMORY CONFIGURATION

         name            origin    length      used     unused   attr    fill
----------------------  --------  ---------  --------  --------  ----  --------
  MAIN                  00000000   00040000  0000605c  00039fa4  R  X
  INFO                  00200000   00004000  00000000  00004000  R  X
  SRAM_CODE             01000000   00010000  00000a02  0000f5fe  RW X
  SRAM_DATA             20000000   00010000  00000a02  0000f5fe  RW  


SEGMENT ALLOCATION MAP

run origin  load origin   length   init length attrs members
----------  ----------- ---------- ----------- ----- -------
00000000    00000000    00006060   00006060    r-x
  00000000    00000000    000000e4   000000e4    r-- .intvecs
  000000e4    000000e4    00005910   00005910    r-x .text
  000059f4    000059f4    000005c8   000005c8    r-- .const
  00005fc0    00005fc0    000000a0   000000a0    r-- .cinit
20000000    20000000    00000802   00000000    rw-
  20000000    20000000    00000400   00000000    rw- .sysmem
  20000400    20000400    00000210   00000000    rw- .data
  20000610    20000610    000001f2   00000000    rw- .bss
2000fe00    2000fe00    00000200   00000000    rw-
  2000fe00    2000fe00    00000200   00000000    rw- .stack


SECTION ALLOCATION MAP

 output                                  attributes/
section   page    origin      length       input sections
--------  ----  ----------  ----------   ----------------
.intvecs   0    00000000    000000e4     
                  00000000    000000e4     startup_msp432p401r_ccs.obj (.intvecs:retain)

.text      0    000000e4    00005910     
                  000000e4    00000a4e     rtsv7M4_T_le_v4SPD16_eabi.lib : _printfi.c.obj (.text:__TI_printfi)
                  00000b32    00000002                                   : _lock.c.obj (.text:_nop)
                  00000b34    00000680     Crystalfontz128x128_ST7735.obj (.text)
                  000011b4    0000066c     main.obj (.text)
                  00001820    0000047e     grlib.a : string.obj (.text:Graphics_drawString)
                  00001c9e    00000002     rtsv7M4_T_le_v4SPD16_eabi.lib : div0.asm.obj (.text)
                  00001ca0    00000334     system_msp432p401r.obj (.text)
                  00001fd4    00000270     rtsv7M4_T_le_v4SPD16_eabi.lib : _printfi.c.obj (.text:_pconv_a)
                  00002244    0000026e     grlib.a : circle.obj (.text:Graphics_drawCircle)
                  000024b2    00000002     --HOLE-- [fill = 0]
                  000024b4    000001d0     rtsv7M4_T_le_v4SPD16_eabi.lib : _printfi.c.obj (.text:_pconv_g)
                  00002684    000001b6                                   : fd_add_t2.asm.obj (.text)
                  0000283a    00000180     grlib.a : line.obj (.text:Graphics_clipLine)
                  000029ba    00000174             : line.obj (.text:Graphics_drawLine)
                  00002b2e    00000002     --HOLE-- [fill = 0]
                  00002b30    00000160     msp432p4xx_driverlib.lib : adc14.o (.text:_getIndexForMemRegister)
                  00002c90    0000015c                              : pcm.o (.text:__PCM_setPowerModeAdvanced)
                  00002dec    0000013c     rtsv7M4_T_le_v4SPD16_eabi.lib : _printfi.c.obj (.text:_pconv_e)
                  00002f28    00000136                                   : fd_div_t2.asm.obj (.text)
                  0000305e    00000002     --HOLE-- [fill = 0]
                  00003060    00000130     msp432p4xx_driverlib.lib : cs.o (.text:CS_initClockSignal)
                  00003190    00000124     rtsv7M4_T_le_v4SPD16_eabi.lib : _printfi.c.obj (.text:fcvt)
                  000032b4    00000114                                   : fputs.c.obj (.text:fputs)
                  000033c8    00000110                                   : s_scalbn.c.obj (.text:scalbn)
                  000034d8    00000108     msp432p4xx_driverlib.lib : pcm.o (.text:__PCM_setCoreVoltageLevelAdvanced)
                  000035e0    00000100     rtsv7M4_T_le_v4SPD16_eabi.lib : memory.c.obj (.text:aligned_alloc)
                  000036e0    000000fc                                   : fd_mul_t2.asm.obj (.text)
                  000037dc    000000fa     grlib.a : string.obj (.text:Graphics_getStringWidth)
                  000038d6    00000002     --HOLE-- [fill = 0]
                  000038d8    000000e4     rtsv7M4_T_le_v4SPD16_eabi.lib : memory.c.obj (.text:free)
                  000039bc    000000dc                                   : setvbuf.c.obj (.text:setvbuf)
                  00003a98    000000cc     HAL_MSP_EXP432P401R_Crystalfontz128x128_ST7735.obj (.text)
                  00003b64    000000b4     msp432p4xx_driverlib.lib : adc14.o (.text:ADC14_configureConversionMemory)
                  00003c18    000000b4                              : adc14.o (.text:ADC14_configureMultiSequenceMode)
                  00003ccc    000000b1     rtsv7M4_T_le_v4SPD16_eabi.lib : _printfi.c.obj (.text:_ltostr)
                  00003d7d    00000001     --HOLE-- [fill = 0]
                  00003d7e    000000b0     msp432p4xx_driverlib.lib : spi.o (.text:SPI_initMaster)
                  00003e2e    000000a2     grlib.a : rectangle.obj (.text:Graphics_drawRectangle)
                  00003ed0    0000009c             : line.obj (.text:Graphics_drawLineH)
                  00003f6c    0000009c             : line.obj (.text:Graphics_drawLineV)
                  00004008    0000009c     rtsv7M4_T_le_v4SPD16_eabi.lib : memcpy_t2.asm.obj (.text)
                  000040a4    00000096                                   : ull_div_t2.asm.obj (.text)
                  0000413a    00000002     --HOLE-- [fill = 0]
                  0000413c    0000008c                                   : fputc.c.obj (.text:fputc)
                  000041c8    00000088     msp432p4xx_driverlib.lib : gpio.o (.text:GPIO_setAsPeripheralModuleFunctionInputPin)
                  00004250    00000088                              : gpio.o (.text:GPIO_setAsPeripheralModuleFunctionOutputPin)
                  000042d8    00000086     rtsv7M4_T_le_v4SPD16_eabi.lib : fd_cmp_t2.asm.obj (.text:__aeabi_cdcmple)
                  0000435e    00000086                                   : fd_cmp_t2.asm.obj (.text:__aeabi_cdrcmple)
                  000043e4    00000080     msp432p4xx_driverlib.lib : interrupt.o (.text:Interrupt_enableInterrupt)
                  00004464    0000007a     rtsv7M4_T_le_v4SPD16_eabi.lib : memset_t2.asm.obj (.text)
                  000044de    00000002     --HOLE-- [fill = 0]
                  000044e0    00000074                                   : fclose.c.obj (.text:__TI_closefile)
                  00004554    00000070                                   : memory.c.obj (.text:split)
                  000045c4    0000006e                                   : _printfi.c.obj (.text:_mcpy)
                  00004632    00000002     --HOLE-- [fill = 0]
                  00004634    0000006c                                   : hostrename.c.obj (.text:HOSTrename)
                  000046a0    00000068                                   : hostlseek.c.obj (.text:HOSTlseek)
                  00004708    00000068                                   : copy_decompress_lzss.c.obj (.text:decompress:lzss:__TI_decompress_lzss)
                  00004770    00000068                                   : printf.c.obj (.text:printf)
                  000047d8    00000064     grlib.a : line.obj (.text:Graphics_getClipCode)
                  0000483c    00000064     rtsv7M4_T_le_v4SPD16_eabi.lib : s_frexp.c.obj (.text:frexp)
                  000048a0    00000064                                   : fseek.c.obj (.text:fseek)
                  00004904    00000062                                   : _io_perm.c.obj (.text:__TI_wrt_ok)
                  00004966    00000002     --HOLE-- [fill = 0]
                  00004968    00000060                                   : hostopen.c.obj (.text:HOSTopen)
                  000049c8    0000005e     msp432p4xx_driverlib.lib : pcm.o (.text:PCM_getCoreVoltageLevel)
                  00004a26    00000002     --HOLE-- [fill = 0]
                  00004a28    0000005c     rtsv7M4_T_le_v4SPD16_eabi.lib : close.c.obj (.text:close)
                  00004a84    0000005a     grlib.a : context.obj (.text:Graphics_drawPixel)
                  00004ade    0000005a     msp432p4xx_driverlib.lib : pcm.o (.text:PCM_getPowerMode)
                  00004b38    00000058                              : gpio.o (.text:GPIO_setAsInputPinWithPullUpResistor)
                  00004b90    00000058     rtsv7M4_T_le_v4SPD16_eabi.lib : hostread.c.obj (.text:HOSTread)
                  00004be8    00000058                                   : hostwrite.c.obj (.text:HOSTwrite)
                  00004c40    00000056                                   : _printfi.c.obj (.text:_pconv_f)
                  00004c96    00000002     --HOLE-- [fill = 0]
                  00004c98    00000054     msp432p4xx_driverlib.lib : adc14.o (.text:ADC14_initModule)
                  00004cec    00000054     rtsv7M4_T_le_v4SPD16_eabi.lib : _ltoa.c.obj (.text:__TI_ltoa)
                  00004d40    00000052     grlib.a : context.obj (.text:Graphics_initContext)
                  00004d92    00000052     rtsv7M4_T_le_v4SPD16_eabi.lib : _printfi.c.obj (.text:_ecpy)
                  00004de4    0000004c                                   : fflush.c.obj (.text:__TI_doflush)
                  00004e30    0000004c                                   : atoi.c.obj (.text:atoi)
                  00004e7c    00000048     msp432p4xx_driverlib.lib : flash.o (.text:FlashCtl_setWaitState)
                  00004ec4    00000048     grlib.a : string.obj (.text:Graphics_drawStringCentered)
                  00004f0c    00000048     rtsv7M4_T_le_v4SPD16_eabi.lib : exit.c.obj (.text:exit)
                  00004f54    00000048                                   : fd_toi_t2.asm.obj (.text)
                  00004f9c    00000044                                   : hostclose.c.obj (.text:HOSTclose)
                  00004fe0    00000044                                   : hostunlink.c.obj (.text:HOSTunlink)
                  00005024    00000044                                   : autoinit.c.obj (.text:__TI_auto_init_nobinit_nopinit:__TI_auto_init_nobinit_nopinit)
                  00005068    00000044                                   : getdevice.c.obj (.text:getdevice)
                  000050ac    00000040     msp432p4xx_driverlib.lib : gpio.o (.text:GPIO_setAsOutputPin)
                  000050ec    00000040     grlib.a : string.obj (.text:Graphics_getNumberOfLeadingZeros)
                  0000512c    00000040     msp432p4xx_driverlib.lib : spi.o (.text:is_A_Module)
                  0000516c    00000040     rtsv7M4_T_le_v4SPD16_eabi.lib : sprintf.c.obj (.text:sprintf)
                  000051ac    0000003e                                   : _printfi.c.obj (.text:_fcpy)
                  000051ea    00000002     --HOLE-- [fill = 0]
                  000051ec    0000003c     msp432p4xx_driverlib.lib : gpio.o (.text:GPIO_interruptEdgeSelect)
                  00005228    00000038                              : adc14.o (.text:ADC14_getEnabledInterruptStatus)
                  00005260    00000038     rtsv7M4_T_le_v4SPD16_eabi.lib : trgmsg.c.obj (.text:__TI_writemsg)
                  00005298    00000036     grlib.a : display.obj (.text:Graphics_drawHorizontalLineOnDisplay)
                  000052ce    00000036             : display.obj (.text:Graphics_drawVerticalLineOnDisplay)
                  00005304    00000036     rtsv7M4_T_le_v4SPD16_eabi.lib : strncpy.c.obj (.text:strncpy)
                  0000533a    00000002     --HOLE-- [fill = 0]
                  0000533c    00000034     msp432p4xx_driverlib.lib : adc14.o (.text:ADC14_enableSampleTimer)
                  00005370    00000034                              : cs.o (.text:CS_setDCOCenteredFrequency)
                  000053a4    00000034     rtsv7M4_T_le_v4SPD16_eabi.lib : fopen.c.obj (.text:__TI_cleanup)
                  000053d8    00000034                                   : trgmsg.c.obj (.text:__TI_readmsg)
                  0000540c    00000034                                   : boot_cortex_m.c.obj (.text:_c_int00_noargs:_c_int00_noargs)
                  00005440    00000030     msp432p4xx_driverlib.lib : adc14.o (.text:ADC14_clearInterruptFlag)
                  00005470    00000030                              : adc14.o (.text:ADC14_enableInterrupt)
                  000054a0    00000030     rtsv7M4_T_le_v4SPD16_eabi.lib : getdevice.c.obj (.text:finddevice)
                  000054d0    0000002e                                   : i_tofd_t2.asm.obj (.text)
                  000054fe    00000002     --HOLE-- [fill = 0]
                  00005500    0000002c     msp432p4xx_driverlib.lib : adc14.o (.text:ADC14_getInterruptStatus)
                  0000552c    0000002c                              : adc14.o (.text:ADC14_toggleConversionTrigger)
                  00005558    0000002c     grlib.a : display.obj (.text:Graphics_drawPixelOnDisplay)
                  00005584    0000002c     rtsv7M4_T_le_v4SPD16_eabi.lib : unlink.c.obj (.text:unlink)
                  000055b0    00000028     msp432p4xx_driverlib.lib : adc14.o (.text:ADC14_enableConversion)
                  000055d8    00000028                              : adc14.o (.text:ADC14_getResult)
                  00005600    00000028                              : gpio.o (.text:GPIO_enableInterrupt)
                  00005628    00000028                              : gpio.o (.text:GPIO_setOutputHighOnPin)
                  00005650    00000028                              : gpio.o (.text:GPIO_setOutputLowOnPin)
                  00005678    00000028                              : pcm.o (.text:PCM_gotoLPM0)
                  000056a0    00000028     rtsv7M4_T_le_v4SPD16_eabi.lib : memory.c.obj (.text:free_list_insert)
                  000056c8    00000028                                   : lseek.c.obj (.text:lseek)
                  000056f0    00000028                                   : write.c.obj (.text:write)
                  00005718    00000024     msp432p4xx_driverlib.lib : wdt_a.o (.text:WDT_A_holdTimer)
                  0000573c    00000020     rtsv7M4_T_le_v4SPD16_eabi.lib : memchr.c.obj (.text:memchr)
                  0000575c    0000001c     msp432p4xx_driverlib.lib : spi.o (.text:SPI_enableModule)
                  00005778    0000001c     rtsv7M4_T_le_v4SPD16_eabi.lib : copy_zero_init.c.obj (.text:decompress:ZI:__TI_zero_init_nomemset:__TI_zero_init_nomemset)
                  00005794    0000001c                                   : memory.c.obj (.text:free_list_remove)
                  000057b0    0000001c                                   : memccpy.c.obj (.text:memccpy)
                  000057cc    0000001a     grlib.a : display.obj (.text:Graphics_clearDisplayOnDisplay)
                  000057e6    0000001a             : context.obj (.text:Graphics_setBackgroundColor)
                  00005800    0000001a             : context.obj (.text:Graphics_setFont)
                  0000581a    0000001a     rtsv7M4_T_le_v4SPD16_eabi.lib : s_copysign.c.obj (.text:copysign)
                  00005834    00000018                                   : sprintf.c.obj (.text:_outs)
                  0000584c    00000018                                   : strcmp.c.obj (.text:strcmp)
                  00005864    00000016     msp432p4xx_driverlib.lib : spi.o (.text:EUSCI_A_SPI_enable)
                  0000587a    00000016                              : spi.o (.text:EUSCI_B_SPI_enable)
                  00005890    00000016     grlib.a : context.obj (.text:Graphics_setForegroundColor)
                  000058a6    00000016             : display.obj (.text:Graphics_translateColorOnDisplay)
                  000058bc    00000016     rtsv7M4_T_le_v4SPD16_eabi.lib : strchr.c.obj (.text:strchr)
                  000058d2    00000002     --HOLE-- [fill = 0]
                  000058d4    00000014     msp432p4xx_driverlib.lib : pcm.o (.text:PCM_getPowerState)
                  000058e8    00000014     rtsv7M4_T_le_v4SPD16_eabi.lib : strcpy.c.obj (.text:strcpy)
                  000058fc    00000014                                   : strlen.c.obj (.text:strlen)
                  00005910    00000012     grlib.a : context.obj (.text:Graphics_clearDisplay)
                  00005922    00000012     rtsv7M4_T_le_v4SPD16_eabi.lib : wcslen.c.obj (.text:wcslen)
                  00005934    00000010     msp432p4xx_driverlib.lib : adc14.o (.text:ADCIsConversionRunning)
                  00005944    00000010                              : interrupt.o (.text:Interrupt_disableMaster)
                  00005954    00000010                              : interrupt.o (.text:Interrupt_enableMaster)
                  00005964    00000010                              : pcm.o (.text:PCM_setCoreVoltageLevel)
                  00005974    00000010                              : pcm.o (.text:PCM_setPowerMode)
                  00005984    0000000e     rtsv7M4_T_le_v4SPD16_eabi.lib : copy_decompress_none.c.obj (.text:decompress:none:__TI_decompress_none)
                  00005992    0000000e     startup_msp432p401r_ccs.obj (.text)
                  000059a0    0000000c     msp432p4xx_driverlib.lib : adc14.o (.text:ADC14_enableModule)
                  000059ac    0000000c                              : cpu.o (.text:CPU_cpsid)
                  000059b8    0000000c                              : cpu.o (.text:CPU_cpsie)
                  000059c4    0000000a     rtsv7M4_T_le_v4SPD16_eabi.lib : sprintf.c.obj (.text:_outc)
                  000059ce    00000002     --HOLE-- [fill = 0]
                  000059d0    00000008                                   : errno.c.obj (.text:__aeabi_errno_addr)
                  000059d8    00000008                                   : memory.c.obj (.text:malloc)
                  000059e0    00000004     msp432p4xx_driverlib.lib : cpu.o (.text:CPU_wfi)
                  000059e4    00000004     rtsv7M4_T_le_v4SPD16_eabi.lib : printf.c.obj (.text:_outc)
                  000059e8    00000004                                   : printf.c.obj (.text:_outs)
                  000059ec    00000004                                   : pre_init.c.obj (.text:_system_pre_init)
                  000059f0    00000004                                   : exit.c.obj (.text:abort:abort)

.const     0    000059f4    000005c8     
                  000059f4    000002f8     grlib.a : fontfixed6x8.obj (.const:.string:g_pucFontFixed6x8Data)
                  00005cec    00000101     rtsv7M4_T_le_v4SPD16_eabi.lib : ctype.c.obj (.const:.string:_ctypes_)
                  00005ded    00000003     --HOLE-- [fill = 0]
                  00005df0    000000c8     grlib.a : fontfixed6x8.obj (.const:g_sFontFixed6x8)
                  00005eb8    00000080     msp432p4xx_driverlib.lib : adc14.o (.const:_ctlRegs)
                  00005f38    00000030                              : gpio.o (.const:GPIO_PORT_TO_BASE)
                  00005f68    00000020     Crystalfontz128x128_ST7735.obj (.const:g_sCrystalfontz128x128_funcs)
                  00005f88    0000001c     HAL_MSP_EXP432P401R_Crystalfontz128x128_ST7735.obj (.const:$P$T0$1)
                  00005fa4    00000008     Crystalfontz128x128_ST7735.obj (.const:$P$T0$1)
                  00005fac    00000008     main.obj (.const:$P$T1$1)
                  00005fb4    00000008     msp432p4xx_driverlib.lib : interrupt.o (.const:g_pulEnRegs)

.cinit     0    00005fc0    000000a0     
                  00005fc0    00000075     (.cinit..data.load) [load image, compression = lzss]
                  00006035    00000003     --HOLE-- [fill = 0]
                  00006038    0000000c     (__TI_handler_table)
                  00006044    00000004     --HOLE-- [fill = 0]
                  00006048    00000008     (.cinit..bss.load) [load image, compression = zero_init]
                  00006050    00000010     (__TI_cinit_table)

.init_array 
*          0    00000000    00000000     UNINITIALIZED

.binit     0    00000000    00000000     

.sysmem    0    20000000    00000400     UNINITIALIZED
                  20000000    00000010     rtsv7M4_T_le_v4SPD16_eabi.lib : memory.c.obj (.sysmem)
                  20000010    000003f0     --HOLE--

.data      0    20000400    00000210     UNINITIALIZED
                  20000400    000000f0     rtsv7M4_T_le_v4SPD16_eabi.lib : defs.c.obj (.data:_ftable)
                  200004f0    00000078                                   : host_device.c.obj (.data:_device)
                  20000568    00000050                                   : host_device.c.obj (.data:_stream)
                  200005b8    00000014     main.obj (.data)
                  200005cc    00000010     Crystalfontz128x128_ST7735.obj (.data:g_sCrystalfontz128x128)
                  200005dc    00000010     rtsv7M4_T_le_v4SPD16_eabi.lib : defs.c.obj (.data)
                  200005ec    0000000c                                   : exit.c.obj (.data:$O1$$)
                  200005f8    00000008                                   : _lock.c.obj (.data:$O1$$)
                  20000600    00000008                                   : memory.c.obj (.data:$O1$$)
                  20000608    00000004                                   : errno.c.obj (.data)
                  2000060c    00000004     system_msp432p401r.obj (.data)

.bss       0    20000610    000001f2     UNINITIALIZED
                  20000610    00000120     rtsv7M4_T_le_v4SPD16_eabi.lib : trgmsg.c.obj (.bss:_CIOBUF_)
                  20000730    000000a0     (.common:__TI_tmpnams)
                  200007d0    0000001c     (.common:g_sContext)
                  200007ec    00000008     (.common:parmbuf)
                  200007f4    00000004     (.common:resultsBuffer)
                  200007f8    00000002     (.common:Lcd_ScreenHeigth)
                  200007fa    00000002     (.common:Lcd_ScreenWidth)
                  200007fc    00000002     (.common:Lcd_TouchTrim)
                  200007fe    00000001     (.common:Lcd_FlagRead)
                  200007ff    00000001     (.common:Lcd_FontSolid)
                  20000800    00000001     (.common:Lcd_Orientation)
                  20000801    00000001     (.common:Lcd_PenSolid)

.stack     0    2000fe00    00000200     UNINITIALIZED
                  2000fe00    00000004     rtsv7M4_T_le_v4SPD16_eabi.lib : boot_cortex_m.c.obj (.stack)
                  2000fe04    000001fc     --HOLE--

__llvm_prf_cnts 
*          0    20000000    00000000     UNINITIALIZED

MODULE SUMMARY

       Module                                               code    ro data   rw data
       ------                                               ----    -------   -------
    .\
       main.obj                                             1644    8         104    
       system_msp432p401r.obj                               820     0         8      
       startup_msp432p401r_ccs.obj                          14      228       0      
    +--+----------------------------------------------------+-------+---------+---------+
       Total:                                               2478    236       112    
                                                                                     
    .\LcdDriver\
       Crystalfontz128x128_ST7735.obj                       1664    40        52     
       HAL_MSP_EXP432P401R_Crystalfontz128x128_ST7735.obj   204     28        0      
    +--+----------------------------------------------------+-------+---------+---------+
       Total:                                               1868    68        52     
                                                                                     
    C:/Users/Dennis/OneDrive/Documenti/DriverLibraryEmbedded/simplelink_msp432p4_sdk_3_40_01_02/simplelink_msp432p4_sdk_3_40_01_02/source/ti/devices/msp432p4xx/driverlib/ccs/msp432p4xx_driverlib.lib
       adc14.o                                              1196    128       0      
       pcm.o                                                888     0         0      
       gpio.o                                               604     48        0      
       cs.o                                                 356     0         0      
       spi.o                                                312     0         0      
       interrupt.o                                          160     8         0      
       flash.o                                              72      0         0      
       wdt_a.o                                              36      0         0      
       cpu.o                                                28      0         0      
    +--+----------------------------------------------------+-------+---------+---------+
       Total:                                               3652    184       0      
                                                                                     
    C:/Users/Dennis/OneDrive/Documenti/DriverLibraryEmbedded/simplelink_msp432p4_sdk_3_40_01_02/simplelink_msp432p4_sdk_3_40_01_02/source/ti/grlib/lib/ccs/m4/grlib.a
       string.obj                                           1536    0         0      
       line.obj                                             1168    0         0      
       fontfixed6x8.obj                                     0       960       0      
       circle.obj                                           622     0         0      
       context.obj                                          264     0         0      
       display.obj                                          200     0         0      
       rectangle.obj                                        162     0         0      
    +--+----------------------------------------------------+-------+---------+---------+
       Total:                                               3952    960       0      
                                                                                     
    C:\ti\ccs1270\ccs\tools\compiler\ti-cgt-arm_20.2.7.LTS\lib\rtsv7M4_T_le_v4SPD16_eabi.lib
       _printfi.c.obj                                       4851    0         0      
       defs.c.obj                                           0       0         832    
       memory.c.obj                                         672     0         16     
       trgmsg.c.obj                                         108     0         576    
       fd_add_t2.asm.obj                                    438     0         0      
       host_device.c.obj                                    0       0         400    
       fd_div_t2.asm.obj                                    310     0         0      
       fputs.c.obj                                          276     0         0      
       s_scalbn.c.obj                                       272     0         0      
       fd_cmp_t2.asm.obj                                    268     0         0      
       ctype.c.obj                                          0       257       0      
       fd_mul_t2.asm.obj                                    252     0         0      
       setvbuf.c.obj                                        220     0         0      
       memcpy_t2.asm.obj                                    156     0         0      
       ull_div_t2.asm.obj                                   150     0         0      
       fputc.c.obj                                          140     0         0      
       memset_t2.asm.obj                                    122     0         0      
       fclose.c.obj                                         116     0         0      
       getdevice.c.obj                                      116     0         0      
       hostopen.c.obj                                       96      0         16     
       printf.c.obj                                         112     0         0      
       hostrename.c.obj                                     108     0         0      
       copy_decompress_lzss.c.obj                           104     0         0      
       hostlseek.c.obj                                      104     0         0      
       exit.c.obj                                           76      0         24     
       fseek.c.obj                                          100     0         0      
       s_frexp.c.obj                                        100     0         0      
       _io_perm.c.obj                                       98      0         0      
       sprintf.c.obj                                        98      0         0      
       close.c.obj                                          92      0         0      
       hostread.c.obj                                       88      0         0      
       hostwrite.c.obj                                      88      0         0      
       _ltoa.c.obj                                          84      0         0      
       atoi.c.obj                                           76      0         0      
       fflush.c.obj                                         76      0         0      
       fd_toi_t2.asm.obj                                    72      0         0      
       autoinit.c.obj                                       68      0         0      
       hostclose.c.obj                                      68      0         0      
       hostunlink.c.obj                                     68      0         0      
       strncpy.c.obj                                        54      0         0      
       boot_cortex_m.c.obj                                  52      0         0      
       fopen.c.obj                                          52      0         0      
       i_tofd_t2.asm.obj                                    46      0         0      
       unlink.c.obj                                         44      0         0      
       lseek.c.obj                                          40      0         0      
       write.c.obj                                          40      0         0      
       memchr.c.obj                                         32      0         0      
       copy_zero_init.c.obj                                 28      0         0      
       memccpy.c.obj                                        28      0         0      
       s_copysign.c.obj                                     26      0         0      
       strcmp.c.obj                                         24      0         0      
       strchr.c.obj                                         22      0         0      
       strcpy.c.obj                                         20      0         0      
       strlen.c.obj                                         20      0         0      
       _lock.c.obj                                          2       0         16     
       wcslen.c.obj                                         18      0         0      
       errno.c.obj                                          8       0         8      
       copy_decompress_none.c.obj                           14      0         0      
       pre_init.c.obj                                       4       0         0      
       div0.asm.obj                                         2       0         0      
    +--+----------------------------------------------------+-------+---------+---------+
       Total:                                               10819   257       1888   
                                                                                     
       Heap:                                                0       0         2048   
       Stack:                                               0       0         1024   
       Linker Generated:                                    0       153       0      
    +--+----------------------------------------------------+-------+---------+---------+
       Grand Total:                                         22769   1858      5124   


LINKER GENERATED COPY TABLES

__TI_cinit_table @ 00006050 records: 2, size/record: 8, table size: 16
	.data: load addr=00005fc0, load size=00000075 bytes, run addr=20000400, run size=00000210 bytes, compression=lzss
	.bss: load addr=00006048, load size=00000008 bytes, run addr=20000610, run size=000001f2 bytes, compression=zero_init


LINKER GENERATED HANDLER TABLE

__TI_handler_table @ 00006038 records: 3, size/record: 4, table size: 12
	index: 0, handler: __TI_decompress_lzss
	index: 1, handler: __TI_decompress_none
	index: 2, handler: __TI_zero_init


GLOBAL SYMBOLS: SORTED ALPHABETICALLY BY Name 

address   name                                       
-------   ----                                       
00001409  ADC14_IRQHandler                           
00001409  ADC14_IRQHandler                           
00005441  ADC14_clearInterruptFlag                   
00003b65  ADC14_configureConversionMemory            
00003c19  ADC14_configureMultiSequenceMode           
000055b1  ADC14_enableConversion                     
00005471  ADC14_enableInterrupt                      
000059a1  ADC14_enableModule                         
0000533d  ADC14_enableSampleTimer                    
00005229  ADC14_getEnabledInterruptStatus            
00005501  ADC14_getInterruptStatus                   
000055d9  ADC14_getResult                            
00004c99  ADC14_initModule                           
0000552d  ADC14_toggleConversionTrigger              
0000599f  AES256_IRQHandler                          
0000599f  BusFault_Handler                           
000059f1  C$$EXIT                                    
0000528f  C$$IO$$                                    
0000599f  COMP_E0_IRQHandler                         
0000599f  COMP_E1_IRQHandler                         
000059ad  CPU_cpsid                                  
000059b9  CPU_cpsie                                  
000059e1  CPU_wfi                                    
0000599f  CS_IRQHandler                              
00003061  CS_initClockSignal                         
00005371  CS_setDCOCenteredFrequency                 
00000b35  Crystalfontz128x128_Init                   
00000c49  Crystalfontz128x128_SetDrawFrame           
00000d77  Crystalfontz128x128_SetOrientation         
0000599f  DMA_ERR_IRQHandler                         
0000599f  DMA_INT0_IRQHandler                        
0000599f  DMA_INT1_IRQHandler                        
0000599f  DMA_INT2_IRQHandler                        
0000599f  DMA_INT3_IRQHandler                        
0000599f  DebugMon_Handler                           
0000599f  Default_Handler                            
0000599f  EUSCIA0_IRQHandler                         
0000599f  EUSCIA1_IRQHandler                         
0000599f  EUSCIA2_IRQHandler                         
0000599f  EUSCIA3_IRQHandler                         
0000599f  EUSCIB0_IRQHandler                         
0000599f  EUSCIB1_IRQHandler                         
0000599f  EUSCIB2_IRQHandler                         
0000599f  EUSCIB3_IRQHandler                         
00005865  EUSCI_A_SPI_enable                         
0000587b  EUSCI_B_SPI_enable                         
0000599f  FLCTL_IRQHandler                           
0000599f  FPU_IRQHandler                             
00004e7d  FlashCtl_setWaitState                      
00005601  GPIO_enableInterrupt                       
000051ed  GPIO_interruptEdgeSelect                   
00004b39  GPIO_setAsInputPinWithPullUpResistor       
000050ad  GPIO_setAsOutputPin                        
000041c9  GPIO_setAsPeripheralModuleFunctionInputPin 
00004251  GPIO_setAsPeripheralModuleFunctionOutputPin
00005629  GPIO_setOutputHighOnPin                    
00005651  GPIO_setOutputLowOnPin                     
00005911  Graphics_clearDisplay                      
000057cd  Graphics_clearDisplayOnDisplay             
00002245  Graphics_drawCircle                        
00005299  Graphics_drawHorizontalLineOnDisplay       
000029bb  Graphics_drawLine                          
00003ed1  Graphics_drawLineH                         
00003f6d  Graphics_drawLineV                         
00004a85  Graphics_drawPixel                         
00005559  Graphics_drawPixelOnDisplay                
00003e2f  Graphics_drawRectangle                     
00001821  Graphics_drawString                        
00004ec5  Graphics_drawStringCentered                
000052cf  Graphics_drawVerticalLineOnDisplay         
000037dd  Graphics_getStringWidth                    
00004d41  Graphics_initContext                       
000057e7  Graphics_setBackgroundColor                
00005801  Graphics_setFont                           
00005891  Graphics_setForegroundColor                
000058a7  Graphics_translateColorOnDisplay           
00003a99  HAL_LCD_PortInit                           
00003ac9  HAL_LCD_SpiInit                            
00003aff  HAL_LCD_writeCommand                       
00003b2f  HAL_LCD_writeData                          
00004f9d  HOSTclose                                  
000046a1  HOSTlseek                                  
00004969  HOSTopen                                   
00004b91  HOSTread                                   
00004635  HOSTrename                                 
00004fe1  HOSTunlink                                 
00004be9  HOSTwrite                                  
0000599f  HardFault_Handler                          
00005945  Interrupt_disableMaster                    
000043e5  Interrupt_enableInterrupt                  
00005955  Interrupt_enableMaster                     
200007fe  Lcd_FlagRead                               
200007ff  Lcd_FontSolid                              
20000800  Lcd_Orientation                            
20000801  Lcd_PenSolid                               
200007f8  Lcd_ScreenHeigth                           
200007fa  Lcd_ScreenWidth                            
200007fc  Lcd_TouchTrim                              
0000599f  MemManage_Handler                          
0000599f  NMI_Handler                                
0000599f  PCM_IRQHandler                             
000049c9  PCM_getCoreVoltageLevel                    
00004adf  PCM_getPowerMode                           
000058d5  PCM_getPowerState                          
00005679  PCM_gotoLPM0                               
00005965  PCM_setCoreVoltageLevel                    
00005975  PCM_setPowerMode                           
0000599f  PORT1_IRQHandler                           
0000599f  PORT2_IRQHandler                           
0000599f  PORT3_IRQHandler                           
0000599f  PORT4_IRQHandler                           
0000599f  PORT5_IRQHandler                           
0000599f  PORT6_IRQHandler                           
0000599f  PSS_IRQHandler                             
0000599f  PendSV_Handler                             
0000599f  RTC_C_IRQHandler                           
00005993  Reset_Handler                              
0000575d  SPI_enableModule                           
00003d7f  SPI_initMaster                             
0000599f  SVC_Handler                                
0000599f  SysTick_Handler                            
2000060c  SystemCoreClock                            
00001ca1  SystemCoreClockUpdate                      
00001f19  SystemInit                                 
0000599f  T32_INT1_IRQHandler                        
0000599f  T32_INT2_IRQHandler                        
0000599f  T32_INTC_IRQHandler                        
0000599f  TA0_0_IRQHandler                           
0000599f  TA0_N_IRQHandler                           
0000599f  TA1_0_IRQHandler                           
0000599f  TA1_N_IRQHandler                           
0000599f  TA2_0_IRQHandler                           
0000599f  TA2_N_IRQHandler                           
0000599f  TA3_0_IRQHandler                           
0000599f  TA3_N_IRQHandler                           
0000599f  UsageFault_Handler                         
4000480c  WDTCTL_SYM                                 
0000599f  WDT_A_IRQHandler                           
00005719  WDT_A_holdTimer                            
20000610  __CIOBUF_                                  
20010000  __STACK_END                                
00000200  __STACK_SIZE                               
00000400  __SYSMEM_SIZE                              
00006050  __TI_CINIT_Base                            
00006060  __TI_CINIT_Limit                           
00006038  __TI_Handler_Table_Base                    
00006044  __TI_Handler_Table_Limit                   
00005025  __TI_auto_init_nobinit_nopinit             
000053a5  __TI_cleanup                               
200005ec  __TI_cleanup_ptr                           
000044e1  __TI_closefile                             
00004709  __TI_decompress_lzss                       
00005985  __TI_decompress_none                       
00004de5  __TI_doflush                               
200005f0  __TI_dtors_ptr                             
200005f4  __TI_enable_exit_profile_output            
200005dc  __TI_ft_end                                
00004ced  __TI_ltoa                                  
ffffffff  __TI_pprof_out_hndl                        
000000e5  __TI_printfi                               
ffffffff  __TI_prof_data_size                        
ffffffff  __TI_prof_data_start                       
000053d9  __TI_readmsg                               
00000000  __TI_static_base__                         
20000730  __TI_tmpnams                               
00005261  __TI_writemsg                              
00004905  __TI_wrt_ok                                
00005779  __TI_zero_init_nomemset                    
000042d9  __aeabi_cdcmpeq                            
000042d9  __aeabi_cdcmple                            
0000435f  __aeabi_cdrcmple                           
00004f55  __aeabi_d2iz                               
0000268f  __aeabi_dadd                               
00002f29  __aeabi_ddiv                               
000036e1  __aeabi_dmul                               
00002685  __aeabi_dsub                               
000059d1  __aeabi_errno_addr                         
000054d1  __aeabi_i2d                                
00001c9f  __aeabi_idiv0                              
00001c9f  __aeabi_ldiv0                              
00004465  __aeabi_memclr                             
00004465  __aeabi_memclr4                            
00004465  __aeabi_memclr8                            
00004009  __aeabi_memcpy                             
00004009  __aeabi_memcpy4                            
00004009  __aeabi_memcpy8                            
00004467  __aeabi_memset                             
00004467  __aeabi_memset4                            
00004467  __aeabi_memset8                            
200005e8  __aeabi_stderr                             
200005e0  __aeabi_stdin                              
200005e4  __aeabi_stdout                             
000040a5  __aeabi_uldivmod                           
ffffffff  __binit__                                  
ffffffff  __c_args__                                 
UNDEFED   __mpu_init                                 
2000fe00  __stack                                    
20000000  __start___llvm_prf_cnts                    
20000000  __stop___llvm_prf_cnts                     
00001245  _adcInit                                   
0000540d  _c_int00_noargs                            
00005cec  _ctypes_                                   
200004f0  _device                                    
20000400  _ftable                                    
0000120d  _graphicsInit                              
000012b3  _hwInit                                    
200005f8  _lock                                      
00000b33  _nop                                       
20000568  _stream                                    
20000000  _sys_memory                                
UNDEFED   _system_post_cinit                         
000059ed  _system_pre_init                           
200005fc  _unlock                                    
000059f1  abort                                      
000035e1  aligned_alloc                              
00004e31  atoi                                       
ffffffff  binit                                      
200005c0  button2PrevState                           
200005bc  button2Toggle                              
200005c8  button3PrevState                           
200005c4  button3Toggle                              
00004a29  close                                      
0000581b  copysign                                   
0000581b  copysignl                                  
00001315  drawCar                                    
20000608  errno                                      
00004f0d  exit                                       
000054a1  finddevice                                 
00001391  fn_IMAGE                                   
0000413d  fputc                                      
000032b5  fputs                                      
000038d9  free                                       
0000483d  frexp                                      
0000483d  frexpl                                     
000048a1  fseek                                      
200007d0  g_sContext                                 
200005cc  g_sCrystalfontz128x128                     
00005f68  g_sCrystalfontz128x128_funcs               
00005df0  g_sFontFixed6x8                            
00005069  getdevice                                  
00000000  interruptVectors                           
000033c9  ldexp                                      
000033c9  ldexpl                                     
000056c9  lseek                                      
000013b1  main                                       
000059d9  malloc                                     
000035e1  memalign                                   
000057b1  memccpy                                    
0000573d  memchr                                     
00004009  memcpy                                     
0000446d  memset                                     
200005b8  mode                                       
200007ec  parmbuf                                    
00004771  printf                                     
0000413d  putc                                       
00005585  remove                                     
200007f4  resultsBuffer                              
000033c9  scalbn                                     
000033c9  scalbnl                                    
000011d9  setup_buttons                              
000039bd  setvbuf                                    
0000516d  sprintf                                    
000011b5  startButtonInit                            
000058bd  strchr                                     
0000584d  strcmp                                     
000058e9  strcpy                                     
000058fd  strlen                                     
00005305  strncpy                                    
00005585  unlink                                     
00005923  wcslen                                     
000056f1  write                                      


GLOBAL SYMBOLS: SORTED BY Symbol Address 

address   name                                       
-------   ----                                       
00000000  __TI_static_base__                         
00000000  interruptVectors                           
000000e5  __TI_printfi                               
00000200  __STACK_SIZE                               
00000400  __SYSMEM_SIZE                              
00000b33  _nop                                       
00000b35  Crystalfontz128x128_Init                   
00000c49  Crystalfontz128x128_SetDrawFrame           
00000d77  Crystalfontz128x128_SetOrientation         
000011b5  startButtonInit                            
000011d9  setup_buttons                              
0000120d  _graphicsInit                              
00001245  _adcInit                                   
000012b3  _hwInit                                    
00001315  drawCar                                    
00001391  fn_IMAGE                                   
000013b1  main                                       
00001409  ADC14_IRQHandler                           
00001409  ADC14_IRQHandler                           
00001821  Graphics_drawString                        
00001c9f  __aeabi_idiv0                              
00001c9f  __aeabi_ldiv0                              
00001ca1  SystemCoreClockUpdate                      
00001f19  SystemInit                                 
00002245  Graphics_drawCircle                        
00002685  __aeabi_dsub                               
0000268f  __aeabi_dadd                               
000029bb  Graphics_drawLine                          
00002f29  __aeabi_ddiv                               
00003061  CS_initClockSignal                         
000032b5  fputs                                      
000033c9  ldexp                                      
000033c9  ldexpl                                     
000033c9  scalbn                                     
000033c9  scalbnl                                    
000035e1  aligned_alloc                              
000035e1  memalign                                   
000036e1  __aeabi_dmul                               
000037dd  Graphics_getStringWidth                    
000038d9  free                                       
000039bd  setvbuf                                    
00003a99  HAL_LCD_PortInit                           
00003ac9  HAL_LCD_SpiInit                            
00003aff  HAL_LCD_writeCommand                       
00003b2f  HAL_LCD_writeData                          
00003b65  ADC14_configureConversionMemory            
00003c19  ADC14_configureMultiSequenceMode           
00003d7f  SPI_initMaster                             
00003e2f  Graphics_drawRectangle                     
00003ed1  Graphics_drawLineH                         
00003f6d  Graphics_drawLineV                         
00004009  __aeabi_memcpy                             
00004009  __aeabi_memcpy4                            
00004009  __aeabi_memcpy8                            
00004009  memcpy                                     
000040a5  __aeabi_uldivmod                           
0000413d  fputc                                      
0000413d  putc                                       
000041c9  GPIO_setAsPeripheralModuleFunctionInputPin 
00004251  GPIO_setAsPeripheralModuleFunctionOutputPin
000042d9  __aeabi_cdcmpeq                            
000042d9  __aeabi_cdcmple                            
0000435f  __aeabi_cdrcmple                           
000043e5  Interrupt_enableInterrupt                  
00004465  __aeabi_memclr                             
00004465  __aeabi_memclr4                            
00004465  __aeabi_memclr8                            
00004467  __aeabi_memset                             
00004467  __aeabi_memset4                            
00004467  __aeabi_memset8                            
0000446d  memset                                     
000044e1  __TI_closefile                             
00004635  HOSTrename                                 
000046a1  HOSTlseek                                  
00004709  __TI_decompress_lzss                       
00004771  printf                                     
0000483d  frexp                                      
0000483d  frexpl                                     
000048a1  fseek                                      
00004905  __TI_wrt_ok                                
00004969  HOSTopen                                   
000049c9  PCM_getCoreVoltageLevel                    
00004a29  close                                      
00004a85  Graphics_drawPixel                         
00004adf  PCM_getPowerMode                           
00004b39  GPIO_setAsInputPinWithPullUpResistor       
00004b91  HOSTread                                   
00004be9  HOSTwrite                                  
00004c99  ADC14_initModule                           
00004ced  __TI_ltoa                                  
00004d41  Graphics_initContext                       
00004de5  __TI_doflush                               
00004e31  atoi                                       
00004e7d  FlashCtl_setWaitState                      
00004ec5  Graphics_drawStringCentered                
00004f0d  exit                                       
00004f55  __aeabi_d2iz                               
00004f9d  HOSTclose                                  
00004fe1  HOSTunlink                                 
00005025  __TI_auto_init_nobinit_nopinit             
00005069  getdevice                                  
000050ad  GPIO_setAsOutputPin                        
0000516d  sprintf                                    
000051ed  GPIO_interruptEdgeSelect                   
00005229  ADC14_getEnabledInterruptStatus            
00005261  __TI_writemsg                              
0000528f  C$$IO$$                                    
00005299  Graphics_drawHorizontalLineOnDisplay       
000052cf  Graphics_drawVerticalLineOnDisplay         
00005305  strncpy                                    
0000533d  ADC14_enableSampleTimer                    
00005371  CS_setDCOCenteredFrequency                 
000053a5  __TI_cleanup                               
000053d9  __TI_readmsg                               
0000540d  _c_int00_noargs                            
00005441  ADC14_clearInterruptFlag                   
00005471  ADC14_enableInterrupt                      
000054a1  finddevice                                 
000054d1  __aeabi_i2d                                
00005501  ADC14_getInterruptStatus                   
0000552d  ADC14_toggleConversionTrigger              
00005559  Graphics_drawPixelOnDisplay                
00005585  remove                                     
00005585  unlink                                     
000055b1  ADC14_enableConversion                     
000055d9  ADC14_getResult                            
00005601  GPIO_enableInterrupt                       
00005629  GPIO_setOutputHighOnPin                    
00005651  GPIO_setOutputLowOnPin                     
00005679  PCM_gotoLPM0                               
000056c9  lseek                                      
000056f1  write                                      
00005719  WDT_A_holdTimer                            
0000573d  memchr                                     
0000575d  SPI_enableModule                           
00005779  __TI_zero_init_nomemset                    
000057b1  memccpy                                    
000057cd  Graphics_clearDisplayOnDisplay             
000057e7  Graphics_setBackgroundColor                
00005801  Graphics_setFont                           
0000581b  copysign                                   
0000581b  copysignl                                  
0000584d  strcmp                                     
00005865  EUSCI_A_SPI_enable                         
0000587b  EUSCI_B_SPI_enable                         
00005891  Graphics_setForegroundColor                
000058a7  Graphics_translateColorOnDisplay           
000058bd  strchr                                     
000058d5  PCM_getPowerState                          
000058e9  strcpy                                     
000058fd  strlen                                     
00005911  Graphics_clearDisplay                      
00005923  wcslen                                     
00005945  Interrupt_disableMaster                    
00005955  Interrupt_enableMaster                     
00005965  PCM_setCoreVoltageLevel                    
00005975  PCM_setPowerMode                           
00005985  __TI_decompress_none                       
00005993  Reset_Handler                              
0000599f  AES256_IRQHandler                          
0000599f  BusFault_Handler                           
0000599f  COMP_E0_IRQHandler                         
0000599f  COMP_E1_IRQHandler                         
0000599f  CS_IRQHandler                              
0000599f  DMA_ERR_IRQHandler                         
0000599f  DMA_INT0_IRQHandler                        
0000599f  DMA_INT1_IRQHandler                        
0000599f  DMA_INT2_IRQHandler                        
0000599f  DMA_INT3_IRQHandler                        
0000599f  DebugMon_Handler                           
0000599f  Default_Handler                            
0000599f  EUSCIA0_IRQHandler                         
0000599f  EUSCIA1_IRQHandler                         
0000599f  EUSCIA2_IRQHandler                         
0000599f  EUSCIA3_IRQHandler                         
0000599f  EUSCIB0_IRQHandler                         
0000599f  EUSCIB1_IRQHandler                         
0000599f  EUSCIB2_IRQHandler                         
0000599f  EUSCIB3_IRQHandler                         
0000599f  FLCTL_IRQHandler                           
0000599f  FPU_IRQHandler                             
0000599f  HardFault_Handler                          
0000599f  MemManage_Handler                          
0000599f  NMI_Handler                                
0000599f  PCM_IRQHandler                             
0000599f  PORT1_IRQHandler                           
0000599f  PORT2_IRQHandler                           
0000599f  PORT3_IRQHandler                           
0000599f  PORT4_IRQHandler                           
0000599f  PORT5_IRQHandler                           
0000599f  PORT6_IRQHandler                           
0000599f  PSS_IRQHandler                             
0000599f  PendSV_Handler                             
0000599f  RTC_C_IRQHandler                           
0000599f  SVC_Handler                                
0000599f  SysTick_Handler                            
0000599f  T32_INT1_IRQHandler                        
0000599f  T32_INT2_IRQHandler                        
0000599f  T32_INTC_IRQHandler                        
0000599f  TA0_0_IRQHandler                           
0000599f  TA0_N_IRQHandler                           
0000599f  TA1_0_IRQHandler                           
0000599f  TA1_N_IRQHandler                           
0000599f  TA2_0_IRQHandler                           
0000599f  TA2_N_IRQHandler                           
0000599f  TA3_0_IRQHandler                           
0000599f  TA3_N_IRQHandler                           
0000599f  UsageFault_Handler                         
0000599f  WDT_A_IRQHandler                           
000059a1  ADC14_enableModule                         
000059ad  CPU_cpsid                                  
000059b9  CPU_cpsie                                  
000059d1  __aeabi_errno_addr                         
000059d9  malloc                                     
000059e1  CPU_wfi                                    
000059ed  _system_pre_init                           
000059f1  C$$EXIT                                    
000059f1  abort                                      
00005cec  _ctypes_                                   
00005df0  g_sFontFixed6x8                            
00005f68  g_sCrystalfontz128x128_funcs               
00006038  __TI_Handler_Table_Base                    
00006044  __TI_Handler_Table_Limit                   
00006050  __TI_CINIT_Base                            
00006060  __TI_CINIT_Limit                           
20000000  __start___llvm_prf_cnts                    
20000000  __stop___llvm_prf_cnts                     
20000000  _sys_memory                                
20000400  _ftable                                    
200004f0  _device                                    
20000568  _stream                                    
200005b8  mode                                       
200005bc  button2Toggle                              
200005c0  button2PrevState                           
200005c4  button3Toggle                              
200005c8  button3PrevState                           
200005cc  g_sCrystalfontz128x128                     
200005dc  __TI_ft_end                                
200005e0  __aeabi_stdin                              
200005e4  __aeabi_stdout                             
200005e8  __aeabi_stderr                             
200005ec  __TI_cleanup_ptr                           
200005f0  __TI_dtors_ptr                             
200005f4  __TI_enable_exit_profile_output            
200005f8  _lock                                      
200005fc  _unlock                                    
20000608  errno                                      
2000060c  SystemCoreClock                            
20000610  __CIOBUF_                                  
20000730  __TI_tmpnams                               
200007d0  g_sContext                                 
200007ec  parmbuf                                    
200007f4  resultsBuffer                              
200007f8  Lcd_ScreenHeigth                           
200007fa  Lcd_ScreenWidth                            
200007fc  Lcd_TouchTrim                              
200007fe  Lcd_FlagRead                               
200007ff  Lcd_FontSolid                              
20000800  Lcd_Orientation                            
20000801  Lcd_PenSolid                               
2000fe00  __stack                                    
20010000  __STACK_END                                
4000480c  WDTCTL_SYM                                 
ffffffff  __TI_pprof_out_hndl                        
ffffffff  __TI_prof_data_size                        
ffffffff  __TI_prof_data_start                       
ffffffff  __binit__                                  
ffffffff  __c_args__                                 
ffffffff  binit                                      
UNDEFED   __mpu_init                                 
UNDEFED   _system_post_cinit                         

[271 symbols]
